
> @hardware-os/backend@0.0.1 build C:\Users\HP\OneDrive\Desktop\startup\Team\Coded-devs\Building\hardware-os\apps\backend
> nest build

node.exe : [96msr
c/app.module.ts[0
m:[93m3[0m:[93m
31[0m - [91merro
r[0m[90m 
TS2307: 
[0mCannot find 
module './app.cont
roller' or its 
corresponding 
type declarations.
At C:\Users\HP\App
Data\Roaming\npm\p
npm.ps1:24 char:5
+     & 
"node$exe"  "$base
dir/node_modules/p
npm/bin/pnpm.cjs" 
$args
+     ~~~~~~~~~~~~
~~~~~~~~~~~~~~~~~~
~~~~~~~~~~~~~~~~~~
~~~~~~~~~~~~~
    + CategoryInf 
   o          :   
  NotSpecified:   
  ([96msrc/ap    
p.mo...e decl    
arations.:Str    
ing) [], Remo    
teException
    + FullyQualif 
   iedErrorId :   
  NativeCommand   
 Error
 

[7m3[0m import 
{ AppController } 
from './app.contro
ller';
[7m [0m [91m   
                  
         ~~~~~~~~~
~~~~~~~~~[0m
[96msrc/app.modul
e.ts[0m:[93m4[0
m:[93m28[0m - [
91merror[0m[90m 
TS2307: 
[0mCannot find 
module 
'./app.service' 
or its 
corresponding 
type declarations.

[7m4[0m import 
{ AppService } 
from 
'./app.service';
[7m [0m [91m   
                  
      ~~~~~~~~~~~~
~~~[0m
[96msrc/common/gu
ards/merchant-veri
fied.guard.ts[0m:
[93m3[0m:[93m31
[0m - [91merror
[0m[90m TS2307: 
[0mCannot find 
module '../../../p
risma/prisma.servi
ce' or its 
corresponding 
type declarations.

[7m3[0m import 
{ PrismaService } 
from '../../../pri
sma/prisma.service
';
[7m [0m [91m   
                  
         ~~~~~~~~~
~~~~~~~~~~~~~~~~~~
~~~~~[0m
[96msrc/common/mi
ddleware/merchant-
context.middleware
.ts[0m:[93m4[0m
:[93m31[0m - [9
1merror[0m[90m 
TS2307: 
[0mCannot find 
module '../../../p
risma/prisma.servi
ce' or its 
corresponding 
type declarations.

[7m4[0m import 
{ PrismaService } 
from '../../../pri
sma/prisma.service
';
[7m [0m [91m   
                  
         ~~~~~~~~~
~~~~~~~~~~~~~~~~~~
~~~~~[0m
[96msrc/modules/n
otification/email.
service.ts[0m:[9
3m10[0m:[93m19[
0m - [91merror[0
m[90m TS1127: 
[0mInvalid 
character.

[7m10[0m       c
onsole.log(\`Sendi
ng email to 
\${to}: 
\${subject}\`);
[7m  [0m [91m  
                
[0m
[96msrc/modules/n
otification/email.
service.ts[0m:[9
3m14[0m:[93m1[0
m - [91merror[0m
[90m TS1160: 
[0mUnterminated 
template literal.

[7m14[0m 
[7m  [0m 
[91m[0m
[96msrc/modules/n
otification/notifi
cation-trigger.ser
vice.ts[0m:[93m2
[0m:[93m29[0m 
- [91merror[0m[
90m TS2307: 
[0mCannot find 
module 
'@nestjs/bullmq' 
or its 
corresponding 
type declarations.

[7m2[0m import 
{ InjectQueue } 
from 
'@nestjs/bullmq';
[7m [0m [91m   
                  
       ~~~~~~~~~~~
~~~~~[0m
[96msrc/modules/n
otification/notifi
cation.processor.t
s[0m:[93m1[0m:
[93m39[0m - [91m
error[0m[90m 
TS2307: 
[0mCannot find 
module 
'@nestjs/bullmq' 
or its 
corresponding 
type declarations.

[7m1[0m import 
{ Processor, 
WorkerHost } from 
'@nestjs/bullmq';
[7m [0m [91m   
                  
                 ~
~~~~~~~~~~~~~~~[0
m
[96msrc/modules/o
rder/order.control
ler.ts[0m:[93m19
[0m:[93m34[0m 
- [91merror[0m[
90m TS2339: 
[0mProperty 
'listByMerchant' 
does not exist on 
type 
'OrderService'.

[7m19[0m        
 return this.order
Service.listByMerc
hant(user.merchant
Id, page, limit);
[7m  [0m [91m  
                  
             
~~~~~~~~~~~~~~[0m
[96msrc/modules/o
rder/order.control
ler.ts[0m:[93m21
[0m:[93m34[0m 
- [91merror[0m[
90m TS2339: 
[0mProperty 
'listByBuyer' 
does not exist on 
type 
'OrderService'.

[7m21[0m        
 return this.order
Service.listByBuye
r(user.sub, page, 
limit);
[7m  [0m [91m  
                  
             
~~~~~~~~~~~[0m
[96msrc/modules/o
rder/order.control
ler.ts[0m:[93m27
[0m:[93m30[0m 
- [91merror[0m[
90m TS2339: 
[0mProperty 
'getById' does 
not exist on type 
'OrderService'.

[7m27[0m     
return this.orderS
ervice.getById(id)
;
[7m  [0m [91m  
                  
         
~~~~~~~[0m
[96msrc/modules/o
rder/order.control
ler.ts[0m:[93m33
[0m:[93m30[0m 
- [91merror[0m[
90m TS2339: 
[0mProperty 
'dispatch' does 
not exist on type 
'OrderService'.

[7m33[0m     
return this.orderS
ervice.dispatch(me
rchantId, id);
[7m  [0m [91m  
                  
         
~~~~~~~~[0m
[96msrc/modules/o
rder/order.control
ler.ts[0m:[93m39
[0m:[93m30[0m 
- [91merror[0m[
90m TS2339: 
[0mProperty 
'confirmDelivery' 
does not exist on 
type 
'OrderService'.

[7m39[0m     
return this.orderS
ervice.confirmDeli
very(user.sub, 
id, dto.otp);
[7m  [0m [91m  
                  
         ~~~~~~~~~
~~~~~~[0m
[96msrc/modules/o
rder/order.control
ler.ts[0m:[93m44
[0m:[93m30[0m 
- [91merror[0m[
90m TS2339: 
[0mProperty 
'cancel' does not 
exist on type 
'OrderService'.

[7m44[0m     
return this.orderS
ervice.cancel(user
.sub, id);
[7m  [0m [91m  
                  
         
~~~~~~[0m
[96msrc/modules/o
rder/order.control
ler.ts[0m:[93m50
[0m:[93m30[0m 
- [91merror[0m[
90m TS2339: 
[0mProperty 
'dispute' does 
not exist on type 
'OrderService'.

[7m50[0m     
return this.orderS
ervice.dispute(use
r.sub, id);
[7m  [0m [91m  
                  
         
~~~~~~~[0m
[96msrc/modules/o
rder/order.service
.ts[0m:[93m24[0
m:[93m28[0m - [
91merror[0m[90m 
TS1127: 
[0mInvalid 
character.

[7m24[0m     
const 
idempotencyKey = \
`order-create-\${q
uoteId}\`;
[7m  [0m [91m  
                  
       [0m
[96msrc/modules/o
rder/order.service
.ts[0m:[93m24[0
m:[93m29[0m - [
91merror[0m[90m 
TS1134: 
[0mVariable 
declaration 
expected.

[7m 24[0m     
const 
idempotencyKey = \
`order-create-\${q
uoteId}\`;
[7m   [0m [91m 
                  
         ~~~~~~~~~
~~~~~~~~~~~~~~~~~~
~[0m
[7m 25[0m 
[7m   [0m 
[91m[0m
[7m...[0m 
[7m210[0m }
[7m   [0m 
[91m~[0m
[7m211[0m 
[7m   [0m 
[91m[0m
[96msrc/modules/o
rder/order.service
.ts[0m:[93m211[
0m:[93m1[0m - [
91merror[0m[90m 
TS1005: [0m'}' 
expected.

[7m211[0m 
[7m   [0m 
[91m[0m

  [96msrc/modules
/order/order.servi
ce.ts[0m:[93m17
[0m:[93m59[0m
    [7m17[0m   
async createFromQu
ote(quoteId: 
string, buyerId: 
string) {
    [7m  [0m 
[96m             
                  
                  
         ~[0m
    The parser 
expected to find 
a '}' to match 
the '{' token 
here.
[96msrc/modules/o
rder/order.service
.ts[0m:[93m211[
0m:[93m1[0m - [
91merror[0m[90m 
TS1160: 
[0mUnterminated 
template literal.

[7m211[0m 
[7m   [0m 
[91m[0m
[96msrc/modules/p
ayment/payment.con
troller.ts[0m:[9
3m28[0m:[93m32[
0m - [91merror[0
m[90m TS2339: 
[0mProperty 
'handleWebhook' 
does not exist on 
type 
'PaymentService'.

[7m28[0m     
return this.paymen
tService.handleWeb
hook(payload);
[7m  [0m [91m  
                  
           
~~~~~~~~~~~~~[0m
[96msrc/modules/p
ayment/payment.ser
vice.ts[0m:[93m2
2[0m:[93m30[0m 
- [91merror[0m[
90m TS1127: 
[0mInvalid 
character.

[7m22[0m     
const 
paymentReference 
= \`tx-\${crypto.r
andomUUID()}\`;
[7m  [0m [91m  
                  
         [0m
[96msrc/modules/p
ayment/payment.ser
vice.ts[0m:[93m2
2[0m:[93m31[0m 
- [91merror[0m[
90m TS1134: 
[0mVariable 
declaration 
expected.

[7m 22[0m     
const 
paymentReference 
= \`tx-\${crypto.r
andomUUID()}\`;
[7m   [0m [91m 
                  
           ~~~~~~~
~~~~~~~~~~~~~~~~~~
~~~~~[0m
[7m 23[0m     
const buyer = 
await this.prisma.
user.findUnique({ 
where: { id: 
buyerId } });
[7m   [0m [91m~
~~~~~~~~~~~~~~~~~~
~~~~~~~~~~~~~~~~~~
~~~~~~~~~~~~~~~~~~
~~~~~~~~~~~~~~~~~~
~~~~~~~[0m
[7m...[0m 
[7m 91[0m }
[7m   [0m 
[91m~[0m
[7m 92[0m 
[7m   [0m 
[91m[0m
[96msrc/modules/p
ayment/payment.ser
vice.ts[0m:[93m9
2[0m:[93m1[0m 
- [91merror[0m[
90m TS1005: 
[0m'}' expected.

[7m92[0m 
[7m  [0m 
[91m[0m

  [96msrc/modules
/payment/payment.s
ervice.ts[0m:[93
m17[0m:[93m88[0
m
    [7m17[0m   
async initialize(b
uyerId: string, 
dto: InitializePay
mentDto, 
idempotencyKey: 
string) {
    [7m  [0m 
[96m             
                  
                  
                  
                  
  ~[0m
    The parser 
expected to find 
a '}' to match 
the '{' token 
here.
[96msrc/modules/p
ayment/payment.ser
vice.ts[0m:[93m9
2[0m:[93m1[0m 
- [91merror[0m[
90m TS1160: 
[0mUnterminated 
template literal.

[7m92[0m 
[7m  [0m 
[91m[0m
[96msrc/modules/p
roduct/dto/update-
product.dto.ts[0m
:[93m1[0m:[93m2
9[0m - [91merror
[0m[90m TS2307: 
[0mCannot find 
module '@nestjs/ma
pped-types' or 
its corresponding 
type declarations.

[7m1[0m import 
{ PartialType } 
from '@nestjs/mapp
ed-types';
[7m [0m [91m   
                  
       ~~~~~~~~~~~
~~~~~~~~~~~[0m
[96msrc/modules/r
fq/rfq-expiry.proc
essor.ts[0m:[93m
1[0m:[93m39[0m 
- [91merror[0m[
90m TS2307: 
[0mCannot find 
module 
'@nestjs/bullmq' 
or its 
corresponding 
type declarations.

[7m1[0m import 
{ Processor, 
WorkerHost } from 
'@nestjs/bullmq';
[7m [0m [91m   
                  
                 ~
~~~~~~~~~~~~~~~[0
m
[96msrc/prisma/se
ed.ts[0m:[93m1[
0m:[93m24[0m - 
[91merror[0m[90m
 TS2305: 
[0mModule '"@pris
ma/client"' has 
no exported 
member 'UserRole'.

Found 29 error(s).

C:\Users\HP\OneDrive\Desktop\startup\Team\Coded-devs\Building\hardware-os\apps\backend:
ÔÇëERR_PNPM_RECURSIVE_RUN_FIRST_FAILÔÇë @hardware-os/backend@0.0.1 build: `nest build`
Exit status 1
[7m1[0m import 
{ PrismaClient, 
UserRole, Verifica
tionStatus } from 
'@prisma/client';
[7m [0m [91m   
                  
  ~~~~~~~~[0m
[96msrc/prisma/se
ed.ts[0m:[93m1[
0m:[93m34[0m - 
[91merror[0m[90m
 TS2305: 
[0mModule '"@pris
ma/client"' has 
no exported 
member 'Verificati
onStatus'.

[7m1[0m import 
{ PrismaClient, 
UserRole, Verifica
tionStatus } from 
'@prisma/client';
[7m [0m [91m   
                  
            ~~~~~~
~~~~~~~~~~~~[0m
[96msrc/queue/que
ue.module.ts[0m:
[93m2[0m:[93m28
[0m - [91merror[
0m[90m TS2307: 
[0mCannot find 
module 
'@nestjs/bullmq' 
or its 
corresponding 
type declarations.

[7m2[0m import 
{ BullModule } 
from 
'@nestjs/bullmq';
[7m [0m [91m   
                  
      ~~~~~~~~~~~~
~~~~[0m

