
> swifta@ build C:\Users\HP\OneDrive\Desktop\startup\Team\Coded-devs\Building\Swifta
> turbo run build "--filter" "@swifta/backend"

node.exe : ÔÇó turbo 2.8.9
At C:\Users\HP\AppData\Roaming\npm\pnpm.p
s1:24 char:5
+     & "node$exe"  "$basedir/node_module
s/pnpm/bin/pnpm.cjs" $args
+     ~~~~~~~~~~~~~~~~~~~~~~~~~~~~~~~~~~~
~~~~~~~~~~~~~~~~~~~~~~~~~~
    + CategoryInfo          : NotSpecifi 
   ed: (ÔÇó turbo 2.8.9:String) [], Rem  
  oteException
    + FullyQualifiedErrorId : NativeComm 
   andError
 
ÔÇó Packages in scope: @swifta/backend
ÔÇó Running build in 1 packages
ÔÇó Remote caching disabled
@swifta/shared:build: cache hit, replaying logs 23faf315805478d0
@swifta/shared:build: 
@swifta/shared:build: > @swifta/shared@0.0.0 build C:\Users\HP\OneDrive\Desktop\startup\Team\Coded-devs\Building\hardware-os\packages\shared
@swifta/shared:build: > tsc
@swifta/shared:build: 
@swifta/backend:build: cache miss, executing fcbd4810bd309920
@swifta/backend:build: 
@swifta/backend:build: > @swifta/backend@0.0.1 build C:\Users\HP\OneDrive\Desktop\startup\Team\Coded-devs\Building\Swifta\apps\backend
@swifta/backend:build: > nest build
@swifta/backend:build: 
@swifta/backend:build: [96msrc/common/guards/merchant-verified.guard.ts[0m:[93m26[0m:[93m40[0m - [91merror[0m[90m TS2339: [0mProperty 'merchantProfile' does not exist on type 'PrismaService'.
@swifta/backend:build: 
@swifta/backend:build: [7m26[0m     const merchant = await this.prisma.merchantProfile.findUnique({
@swifta/backend:build: [7m  [0m [91m                                       ~~~~~~~~~~~~~~~[0m
@swifta/backend:build: [96msrc/modules/admin/admin-cron.service.ts[0m:[93m19[0m:[93m43[0m - [91merror[0m[90m TS2339: [0mProperty 'order' does not exist on type 'PrismaService'.
@swifta/backend:build: 
@swifta/backend:build: [7m19[0m     const stuckOrders = await this.prisma.order.findMany({
@swifta/backend:build: [7m  [0m [91m                                          ~~~~~[0m
@swifta/backend:build: [96msrc/modules/admin/admin-cron.service.ts[0m:[93m38[0m:[93m41[0m - [91merror[0m[90m TS2339: [0mProperty 'merchantProfile' does not exist on type 'PrismaService'.
@swifta/backend:build: 
@swifta/backend:build: [7m38[0m     const chokeSize = await this.prisma.merchantProfile.count({
@swifta/backend:build: [7m  [0m [91m                                        ~~~~~~~~~~~~~~~[0m
@swifta/backend:build: [96msrc/modules/admin/admin.service.ts[0m:[93m38[0m:[93m19[0m - [91merror[0m[90m TS2339: [0mProperty 'merchantProfile' does not exist on type 'PrismaService'.
@swifta/backend:build: 
@swifta/backend:build: [7m38[0m       this.prisma.merchantProfile.count(),
@swifta/backend:build: [7m  [0m [91m                  ~~~~~~~~~~~~~~~[0m
@swifta/backend:build: [96msrc/modules/admin/admin.service.ts[0m:[93m39[0m:[93m19[0m - [91merror[0m[90m TS2339: [0mProperty 'merchantProfile' does not exist on type 'PrismaService'.
@swifta/backend:build: 
@swifta/backend:build: [7m39[0m       this.prisma.merchantProfile.count({
@swifta/backend:build: [7m  [0m [91m                  ~~~~~~~~~~~~~~~[0m
@swifta/backend:build: [96msrc/modules/admin/admin.service.ts[0m:[93m42[0m:[93m19[0m - [91merror[0m[90m TS2339: [0mProperty 'merchantProfile' does not exist on type 'PrismaService'.
@swifta/backend:build: 
@swifta/backend:build: [7m42[0m       this.prisma.merchantProfile.count({
@swifta/backend:build: [7m  [0m [91m                  ~~~~~~~~~~~~~~~[0m
@swifta/backend:build: [96msrc/modules/admin/admin.service.ts[0m:[93m47[0m:[93m19[0m - [91merror[0m[90m TS2339: [0mProperty 'user' does not exist on type 'PrismaService'.
@swifta/backend:build: 
@swifta/backend:build: [7m47[0m       this.prisma.user.count({ where: { role: "BUYER" } }),
@swifta/backend:build: [7m  [0m [91m                  ~~~~[0m
@swifta/backend:build: [96msrc/modules/admin/admin.service.ts[0m:[93m48[0m:[93m19[0m - [91merror[0m[90m TS2339: [0mProperty 'order' does not exist on type 'PrismaService'.
@swifta/backend:build: 
@swifta/backend:build: [7m48[0m       this.prisma.order.count(),
@swifta/backend:build: [7m  [0m [91m                  ~~~~~[0m
@swifta/backend:build: [96msrc/modules/admin/admin.service.ts[0m:[93m49[0m:[93m19[0m - [91merror[0m[90m TS2339: [0mProperty 'payment' does not exist on type 'PrismaService'.
@swifta/backend:build: 
@swifta/backend:build: [7m49[0m       this.prisma.payment.aggregate({
@swifta/backend:build: [7m  [0m [91m                  ~~~~~~~[0m
@swifta/backend:build: [96msrc/modules/admin/admin.service.ts[0m:[93m68[0m:[93m40[0m - [91merror[0m[90m TS2339: [0mProperty 'merchantProfile' does not exist on type 'PrismaService'.
@swifta/backend:build: 
@swifta/backend:build: [7m68[0m     const merchant = await this.prisma.merchantProfile.findUnique({
@swifta/backend:build: [7m  [0m [91m                                       ~~~~~~~~~~~~~~~[0m
@swifta/backend:build: [96msrc/modules/admin/admin.service.ts[0m:[93m87[0m:[93m26[0m - [91merror[0m[90m TS2339: [0mProperty 'merchantProfile' does not exist on type 'PrismaService'.
@swifta/backend:build: 
@swifta/backend:build: [7m87[0m       return this.prisma.merchantProfile.update({
@swifta/backend:build: [7m  [0m [91m                         ~~~~~~~~~~~~~~~[0m
@swifta/backend:build: [96msrc/modules/admin/admin.service.ts[0m:[93m100[0m:[93m40[0m - [91merror[0m[90m TS2339: [0mProperty 'merchantProfile' does not exist on type 'PrismaService'.
@swifta/backend:build: 
@swifta/backend:build: [7m100[0m     const merchant = await this.prisma.merchantProfile.findUnique({
@swifta/backend:build: [7m   [0m [91m                                       ~~~~~~~~~~~~~~~[0m
@swifta/backend:build: [96msrc/modules/admin/admin.service.ts[0m:[93m108[0m:[93m39[0m - [91merror[0m[90m TS2339: [0mProperty 'merchantProfile' does not exist on type 'PrismaService'.
@swifta/backend:build: 
@swifta/backend:build: [7m108[0m     const updated = await this.prisma.merchantProfile.update({
@swifta/backend:build: [7m   [0m [91m                                      ~~~~~~~~~~~~~~~[0m
@swifta/backend:build: [96msrc/modules/admin/admin.service.ts[0m:[93m130[0m:[93m41[0m - [91merror[0m[90m TS2339: [0mProperty 'merchantProfile' does not exist on type 'PrismaService'.
@swifta/backend:build: 
@swifta/backend:build: [7m130[0m     const merchants = await this.prisma.merchantProfile.findMany({
@swifta/backend:build: [7m   [0m [91m                                        ~~~~~~~~~~~~~~~[0m
@swifta/backend:build: [96msrc/modules/admin/admin.service.ts[0m:[93m165[0m:[93m24[0m - [91merror[0m[90m TS2339: [0mProperty 'order' does not exist on type 'PrismaService'.
@swifta/backend:build: 
@swifta/backend:build: [7m165[0m     return this.prisma.order.findMany({
@swifta/backend:build: [7m   [0m [91m                       ~~~~~[0m
@swifta/backend:build: [96msrc/modules/admin/admin.service.ts[0m:[93m184[0m:[93m37[0m - [91merror[0m[90m TS2339: [0mProperty 'order' does not exist on type 'PrismaService'.
@swifta/backend:build: 
@swifta/backend:build: [7m184[0m     const order = await this.prisma.order.findUnique({
@swifta/backend:build: [7m   [0m [91m                                    ~~~~~[0m
@swifta/backend:build: [96msrc/modules/admin/admin.service.ts[0m:[93m192[0m:[93m24[0m - [91merror[0m[90m TS2339: [0mProperty '$transaction' does not exist on type 'PrismaService'.
@swifta/backend:build: 
@swifta/backend:build: [7m192[0m     return this.prisma.$transaction(async (tx) => {
@swifta/backend:build: [7m   [0m [91m                       ~~~~~~~~~~~~[0m
@swifta/backend:build: [96msrc/modules/admin/admin.service.ts[0m:[93m215[0m:[93m39[0m - [91merror[0m[90m TS2339: [0mProperty 'product' does not exist on type 'PrismaService'.
@swifta/backend:build: 
@swifta/backend:build: [7m215[0m     const product = await this.prisma.product.findUnique({
@swifta/backend:build: [7m   [0m [91m                                      ~~~~~~~[0m
@swifta/backend:build: [96msrc/modules/admin/admin.service.ts[0m:[93m223[0m:[93m24[0m - [91merror[0m[90m TS2339: [0mProperty 'product' does not exist on type 'PrismaService'.
@swifta/backend:build: 
@swifta/backend:build: [7m223[0m     return this.prisma.product.update({
@swifta/backend:build: [7m   [0m [91m                       ~~~~~~~[0m
@swifta/backend:build: [96msrc/modules/admin/admin.service.ts[0m:[93m233[0m:[93m24[0m - [91merror[0m[90m TS2339: [0mProperty 'product' does not exist on type 'PrismaService'.
@swifta/backend:build: 
@swifta/backend:build: [7m233[0m     return this.prisma.product.findMany({
@swifta/backend:build: [7m   [0m [91m                       ~~~~~~~[0m
@swifta/backend:build: [96msrc/modules/admin/admin.service.ts[0m:[93m245[0m:[93m19[0m - [91merror[0m[90m TS2339: [0mProperty 'order' does not exist on type 'PrismaService'.
@swifta/backend:build: 
@swifta/backend:build: [7m245[0m       this.prisma.order.count(),
@swifta/backend:build: [7m   [0m [91m                  ~~~~~[0m
@swifta/backend:build: [96msrc/modules/admin/admin.service.ts[0m:[93m249[0m:[93m44[0m - [91merror[0m[90m TS2339: [0mProperty 'order' does not exist on type 'PrismaService'.
@swifta/backend:build: 
@swifta/backend:build: [7m249[0m     const gmvAggregate = await this.prisma.order.aggregate({
@swifta/backend:build: [7m   [0m [91m                                           ~~~~~[0m
@swifta/backend:build: [96msrc/modules/admin/admin.service.ts[0m:[93m256[0m:[93m47[0m - [91merror[0m[90m TS2339: [0mProperty 'order' does not exist on type 'PrismaService'.
@swifta/backend:build: 
@swifta/backend:build: [7m256[0m     const escrowAggregate = await this.prisma.order.aggregate({
@swifta/backend:build: [7m   [0m [91m                                              ~~~~~[0m
@swifta/backend:build: [96msrc/modules/admin/admin.service.ts[0m:[93m264[0m:[93m48[0m - [91merror[0m[90m TS2339: [0mProperty 'order' does not exist on type 'PrismaService'.
@swifta/backend:build: 
@swifta/backend:build: [7m264[0m     const topCategoriesRaw = await this.prisma.order.findMany({
@swifta/backend:build: [7m   [0m [91m                                               ~~~~~[0m
@swifta/backend:build: [96msrc/modules/admin/admin.service.ts[0m:[93m303[0m:[93m43[0m - [91merror[0m[90m TS2339: [0mProperty 'order' does not exist on type 'PrismaService'.
@swifta/backend:build: 
@swifta/backend:build: [7m303[0m     const stuckOrders = await this.prisma.order.count({
@swifta/backend:build: [7m   [0m [91m                                          ~~~~~[0m
@swifta/backend:build: [96msrc/modules/admin/admin.service.ts[0m:[93m322[0m:[93m41[0m - [91merror[0m[90m TS2339: [0mProperty 'merchantProfile' does not exist on type 'PrismaService'.
@swifta/backend:build: 
@swifta/backend:build: [7m322[0m     const chokeSize = await this.prisma.merchantProfile.count({
@swifta/backend:build: [7m   [0m [91m                                        ~~~~~~~~~~~~~~~[0m
@swifta/backend:build: [96msrc/modules/admin/admin.service.ts[0m:[93m344[0m:[93m46[0m - [91merror[0m[90m TS2339: [0mProperty 'payoutRequest' does not exist on type 'PrismaService'.
@swifta/backend:build: 
@swifta/backend:build: [7m344[0m     const pendingPayouts = await this.prisma.payoutRequest.count({
@swifta/backend:build: [7m   [0m [91m                                             ~~~~~~~~~~~~~[0m
@swifta/backend:build: [96msrc/modules/admin/admin.service.ts[0m:[93m373[0m:[93m38[0m - [91merror[0m[90m TS2339: [0mProperty 'order' does not exist on type 'PrismaService'.
@swifta/backend:build: 
@swifta/backend:build: [7m373[0m     const orders = await this.prisma.order.findMany({
@swifta/backend:build: [7m   [0m [91m                                     ~~~~~[0m
@swifta/backend:build: [96msrc/modules/admin/admin.service.ts[0m:[93m410[0m:[93m49[0m - [91merror[0m[90m TS2339: [0mProperty 'merchantProfile' does not exist on type 'PrismaService'.
@swifta/backend:build: 
@swifta/backend:build: [7m410[0m     const verifiedMerchants = await this.prisma.merchantProfile.findMany({
@swifta/backend:build: [7m   [0m [91m                                                ~~~~~~~~~~~~~~~[0m
@swifta/backend:build: [96msrc/modules/admin/admin.service.ts[0m:[93m433[0m:[93m24[0m - [91merror[0m[90m TS2339: [0mProperty 'user' does not exist on type 'PrismaService'.
@swifta/backend:build: 
@swifta/backend:build: [7m433[0m     return this.prisma.user.findMany({
@swifta/backend:build: [7m   [0m [91m                       ~~~~[0m
@swifta/backend:build: [96msrc/modules/admin/admin.service.ts[0m:[93m475[0m:[93m36[0m - [91merror[0m[90m TS2339: [0mProperty 'user' does not exist on type 'PrismaService'.
@swifta/backend:build: 
@swifta/backend:build: [7m475[0m     const user = await this.prisma.user.findUnique({
@swifta/backend:build: [7m   [0m [91m                                   ~~~~[0m
@swifta/backend:build: [96msrc/modules/admin/admin.service.ts[0m:[93m481[0m:[93m24[0m - [91merror[0m[90m TS2339: [0mProperty '$transaction' does not exist on type 'PrismaService'.
@swifta/backend:build: 
@swifta/backend:build: [7m481[0m     return this.prisma.$transaction(async (tx) => {
@swifta/backend:build: [7m   [0m [91m                       ~~~~~~~~~~~~[0m
@swifta/backend:build: [96msrc/modules/admin/admin.service.ts[0m:[93m529[0m:[93m36[0m - [91merror[0m[90m TS2339: [0mProperty 'user' does not exist on type 'PrismaService'.
@swifta/backend:build: 
@swifta/backend:build: [7m529[0m     const user = await this.prisma.user.findUnique({ where: { id: userId } });
@swifta/backend:build: [7m   [0m [91m                                   ~~~~[0m
@swifta/backend:build: [96msrc/modules/admin/admin.service.ts[0m:[93m538[0m:[93m23[0m - [91merror[0m[90m TS2339: [0mProperty 'user' does not exist on type 'PrismaService'.
@swifta/backend:build: 
@swifta/backend:build: [7m538[0m     await this.prisma.user.update({
@swifta/backend:build: [7m   [0m [91m                      ~~~~[0m
@swifta/backend:build: [96msrc/modules/admin/admin.service.ts[0m:[93m554[0m:[93m36[0m - [91merror[0m[90m TS2339: [0mProperty 'user' does not exist on type 'PrismaService'.
@swifta/backend:build: 
@swifta/backend:build: [7m554[0m     const user = await this.prisma.user.findUnique({
@swifta/backend:build: [7m   [0m [91m                                   ~~~~[0m
@swifta/backend:build: [96msrc/modules/admin/admin.service.ts[0m:[93m569[0m:[93m23[0m - [91merror[0m[90m TS2339: [0mProperty 'user' does not exist on type 'PrismaService'.
@swifta/backend:build: 
@swifta/backend:build: [7m569[0m     await this.prisma.user.update({
@swifta/backend:build: [7m   [0m [91m                      ~~~~[0m
@swifta/backend:build: [96msrc/modules/admin/admin.service.ts[0m:[93m584[0m:[93m38[0m - [91merror[0m[90m TS2339: [0mProperty 'staffAccessToken' does not exist on type 'PrismaService'.
@swifta/backend:build: 
@swifta/backend:build: [7m584[0m     const tokens = await this.prisma.staffAccessToken.findMany({
@swifta/backend:build: [7m   [0m [91m                                     ~~~~~~~~~~~~~~~~[0m
@swifta/backend:build: [96msrc/modules/admin/admin.service.ts[0m:[93m610[0m:[93m37[0m - [91merror[0m[90m TS2339: [0mProperty 'user' does not exist on type 'PrismaService'.
@swifta/backend:build: 
@swifta/backend:build: [7m610[0m     const admin = await this.prisma.user.findUnique({
@swifta/backend:build: [7m   [0m [91m                                    ~~~~[0m
@swifta/backend:build: [96msrc/modules/admin/admin.service.ts[0m:[93m619[0m:[93m23[0m - [91merror[0m[90m TS2339: [0mProperty 'staffAccessToken' does not exist on type 'PrismaService'.
@swifta/backend:build: 
@swifta/backend:build: [7m619[0m     await this.prisma.staffAccessToken.updateMany({
@swifta/backend:build: [7m   [0m [91m                      ~~~~~~~~~~~~~~~~[0m
@swifta/backend:build: [96msrc/modules/admin/admin.service.ts[0m:[93m625[0m:[93m37[0m - [91merror[0m[90m TS2339: [0mProperty 'staffAccessToken' does not exist on type 'PrismaService'.
@swifta/backend:build: 
@swifta/backend:build: [7m625[0m     const token = await this.prisma.staffAccessToken.create({
@swifta/backend:build: [7m   [0m [91m                                    ~~~~~~~~~~~~~~~~[0m
@swifta/backend:build: [96msrc/modules/admin/admin.service.ts[0m:[93m647[0m:[93m37[0m - [91merror[0m[90m TS2339: [0mProperty 'staffAccessToken' does not exist on type 'PrismaService'.
@swifta/backend:build: 
@swifta/backend:build: [7m647[0m     const token = await this.prisma.staffAccessToken.findUnique({
@swifta/backend:build: [7m   [0m [91m                                    ~~~~~~~~~~~~~~~~[0m
@swifta/backend:build: [96msrc/modules/admin/admin.service.ts[0m:[93m652[0m:[93m23[0m - [91merror[0m[90m TS2339: [0mProperty 'staffAccessToken' does not exist on type 'PrismaService'.
@swifta/backend:build: 
@swifta/backend:build: [7m652[0m     await this.prisma.staffAccessToken.update({
@swifta/backend:build: [7m   [0m [91m                      ~~~~~~~~~~~~~~~~[0m
@swifta/backend:build: [96msrc/modules/admin/admin.service.ts[0m:[93m671[0m:[93m43[0m - [91merror[0m[90m TS2339: [0mProperty 'staffAccessToken' does not exist on type 'PrismaService'.
@swifta/backend:build: 
@swifta/backend:build: [7m671[0m     const activeToken = await this.prisma.staffAccessToken.findFirst({
@swifta/backend:build: [7m   [0m [91m                                          ~~~~~~~~~~~~~~~~[0m
@swifta/backend:build: [96msrc/modules/admin/admin.service.ts[0m:[93m692[0m:[93m24[0m - [91merror[0m[90m TS2339: [0mProperty 'user' does not exist on type 'PrismaService'.
@swifta/backend:build: 
@swifta/backend:build: [7m692[0m     return this.prisma.user.findMany({
@swifta/backend:build: [7m   [0m [91m                       ~~~~[0m
@swifta/backend:build: [96msrc/modules/admin/admin.service.ts[0m:[93m712[0m:[93m36[0m - [91merror[0m[90m TS2339: [0mProperty 'user' does not exist on type 'PrismaService'.
@swifta/backend:build: 
@swifta/backend:build: [7m712[0m     const user = await this.prisma.user.findUnique({
@swifta/backend:build: [7m   [0m [91m                                   ~~~~[0m
@swifta/backend:build: [96msrc/modules/admin/admin.service.ts[0m:[93m727[0m:[93m23[0m - [91merror[0m[90m TS2339: [0mProperty 'adminProfile' does not exist on type 'PrismaService'.
@swifta/backend:build: 
@swifta/backend:build: [7m727[0m     await this.prisma.adminProfile.update({
@swifta/backend:build: [7m   [0m [91m                      ~~~~~~~~~~~~[0m
@swifta/backend:build: [96msrc/modules/admin/admin.service.ts[0m:[93m742[0m:[93m24[0m - [91merror[0m[90m TS2339: [0mProperty 'payoutRequest' does not exist on type 'PrismaService'.
@swifta/backend:build: 
@swifta/backend:build: [7m742[0m     return this.prisma.payoutRequest.findMany({
@swifta/backend:build: [7m   [0m [91m                       ~~~~~~~~~~~~~[0m
@swifta/backend:build: [96msrc/modules/admin/admin.service.ts[0m:[93m763[0m:[93m38[0m - [91merror[0m[90m TS2339: [0mProperty 'payoutRequest' does not exist on type 'PrismaService'.
@swifta/backend:build: 
@swifta/backend:build: [7m763[0m     const result = await this.prisma.payoutRequest.updateMany({
@swifta/backend:build: [7m   [0m [91m                                     ~~~~~~~~~~~~~[0m
@swifta/backend:build: [96msrc/modules/admin/admin.service.ts[0m:[93m807[0m:[93m40[0m - [91merror[0m[90m TS2339: [0mProperty 'merchantProfile' does not exist on type 'PrismaService'.
@swifta/backend:build: 
@swifta/backend:build: [7m807[0m     const merchant = await this.prisma.merchantProfile.findUnique({
@swifta/backend:build: [7m   [0m [91m                                       ~~~~~~~~~~~~~~~[0m
@swifta/backend:build: [96msrc/modules/admin/admin.service.ts[0m:[93m815[0m:[93m39[0m - [91merror[0m[90m TS2339: [0mProperty 'merchantProfile' does not exist on type 'PrismaService'.
@swifta/backend:build: 
@swifta/backend:build: [7m815[0m     const updated = await this.prisma.merchantProfile.update({
@swifta/backend:build: [7m   [0m [91m                                      ~~~~~~~~~~~~~~~[0m
@swifta/backend:build: [96msrc/modules/admin/admin.service.ts[0m:[93m841[0m:[93m36[0m - [91merror[0m[90m TS2339: [0mProperty 'user' does not exist on type 'PrismaService'.
@swifta/backend:build: 
@swifta/backend:build: [7m841[0m     const user = await this.prisma.user.findUnique({
@swifta/backend:build: [7m   [0m [91m                                   ~~~~[0m
@swifta/backend:build: [96msrc/modules/admin/admin.service.ts[0m:[93m862[0m:[93m23[0m - [91merror[0m[90m TS2339: [0mProperty 'adminProfile' does not exist on type 'PrismaService'.
@swifta/backend:build: 
@swifta/backend:build: [7m862[0m     await this.prisma.adminProfile.update({
@swifta/backend:build: [7m   [0m [91m                      ~~~~~~~~~~~~[0m
@swifta/backend:build: [96msrc/modules/admin/admin.service.ts[0m:[93m884[0m:[93m36[0m - [91merror[0m[90m TS2339: [0mProperty 'user' does not exist on type 'PrismaService'.
@swifta/backend:build: 
@swifta/backend:build: [7m884[0m     const user = await this.prisma.user.findUnique({
@swifta/backend:build: [7m   [0m [91m                                   ~~~~[0m
@swifta/backend:build: [96msrc/modules/admin/admin.service.ts[0m:[93m899[0m:[93m23[0m - [91merror[0m[90m TS2339: [0mProperty 'adminProfile' does not exist on type 'PrismaService'.
@swifta/backend:build: 
@swifta/backend:build: [7m899[0m     await this.prisma.adminProfile.update({
@swifta/backend:build: [7m   [0m [91m                      ~~~~~~~~~~~~[0m
@swifta/backend:build: [96msrc/modules/admin/admin.service.ts[0m:[93m931[0m:[93m40[0m - [91merror[0m[90m TS2339: [0mProperty 'user' does not exist on type 'PrismaService'.
@swifta/backend:build: 
@swifta/backend:build: [7m931[0m     const existing = await this.prisma.user.findFirst({
@swifta/backend:build: [7m   [0m [91m                                       ~~~~[0m
@swifta/backend:build: [96msrc/modules/admin/admin.service.ts[0m:[93m943[0m:[93m36[0m - [91merror[0m[90m TS2339: [0mProperty '$transaction' does not exist on type 'PrismaService'.
@swifta/backend:build: 
@swifta/backend:build: [7m943[0m     const user = await this.prisma.$transaction(async (tx) => {
@swifta/backend:build: [7m   [0m [91m                                   ~~~~~~~~~~~~[0m
@swifta/backend:build: [96msrc/modules/admin/admin.service.ts[0m:[93m988[0m:[93m24[0m - [91merror[0m[90m TS2339: [0mProperty 'supplierProfile' does not exist on type 'PrismaService'.
@swifta/backend:build: 
@swifta/backend:build: [7m988[0m     return this.prisma.supplierProfile.findMany({
@swifta/backend:build: [7m   [0m [91m                       ~~~~~~~~~~~~~~~[0m
@swifta/backend:build: [96msrc/modules/admin/admin.service.ts[0m:[93m1010[0m:[93m39[0m - [91merror[0m[90m TS2339: [0mProperty 'supplierProfile' does not exist on type 'PrismaService'.
@swifta/backend:build: 
@swifta/backend:build: [7m1010[0m     const profile = await this.prisma.supplierProfile.findUnique({
@swifta/backend:build: [7m    [0m [91m                                      ~~~~~~~~~~~~~~~[0m
@swifta/backend:build: [96msrc/modules/admin/admin.service.ts[0m:[93m1017[0m:[93m23[0m - [91merror[0m[90m TS2339: [0mProperty 'supplierProfile' does not exist on type 'PrismaService'.
@swifta/backend:build: 
@swifta/backend:build: [7m1017[0m     await this.prisma.supplierProfile.update({
@swifta/backend:build: [7m    [0m [91m                      ~~~~~~~~~~~~~~~[0m
@swifta/backend:build: [96msrc/modules/admin/audit-log.service.ts[0m:[93m21[0m:[93m25[0m - [91merror[0m[90m TS2339: [0mProperty 'auditLog' does not exist on type 'PrismaService'.
@swifta/backend:build: 
@swifta/backend:build: [7m21[0m       await this.prisma.auditLog.create({
@swifta/backend:build: [7m  [0m [91m                        ~~~~~~~~[0m
@swifta/backend:build: [96msrc/modules/admin/audit-log.service.ts[0m:[93m43[0m:[93m24[0m - [91merror[0m[90m TS2339: [0mProperty 'auditLog' does not exist on type 'PrismaService'.
@swifta/backend:build: 
@swifta/backend:build: [7m43[0m     return this.prisma.auditLog.findMany({
@swifta/backend:build: [7m  [0m [91m                       ~~~~~~~~[0m
@swifta/backend:build: [96msrc/modules/admin/audit-log.service.ts[0m:[93m65[0m:[93m24[0m - [91merror[0m[90m TS2339: [0mProperty 'auditLog' does not exist on type 'PrismaService'.
@swifta/backend:build: 
@swifta/backend:build: [7m65[0m     return this.prisma.auditLog.findMany({
@swifta/backend:build: [7m  [0m [91m                       ~~~~~~~~[0m
@swifta/backend:build: [96msrc/modules/admin/audit-log.service.ts[0m:[93m87[0m:[93m24[0m - [91merror[0m[90m TS2339: [0mProperty 'auditLog' does not exist on type 'PrismaService'.
@swifta/backend:build: 
@swifta/backend:build: [7m87[0m     return this.prisma.auditLog.findMany({
@swifta/backend:build: [7m  [0m [91m                       ~~~~~~~~[0m
@swifta/backend:build: [96msrc/modules/auth/auth.service.ts[0m:[93m11[0m:[93m10[0m - [91merror[0m[90m TS2305: [0mModule '"@prisma/client"' has no exported member 'Prisma'.
@swifta/backend:build: 
@swifta/backend:build: [7m11[0m import { Prisma } from "@prisma/client";
@swifta/backend:build: [7m  [0m [91m         ~~~~~~[0m
@swifta/backend:build: [96msrc/modules/auth/auth.service.ts[0m:[93m95[0m:[93m44[0m - [91merror[0m[90m TS2339: [0mProperty 'user' does not exist on type 'PrismaService'.
@swifta/backend:build: 
@swifta/backend:build: [7m95[0m     const existingUser = await this.prisma.user.findFirst({
@swifta/backend:build: [7m  [0m [91m                                           ~~~~[0m
@swifta/backend:build: [96msrc/modules/auth/auth.service.ts[0m:[93m108[0m:[93m36[0m - [91merror[0m[90m TS2339: [0mProperty 'user' does not exist on type 'PrismaService'.
@swifta/backend:build: 
@swifta/backend:build: [7m108[0m     const user = await this.prisma.user.create({
@swifta/backend:build: [7m   [0m [91m                                   ~~~~[0m
@swifta/backend:build: [96msrc/modules/auth/auth.service.ts[0m:[93m182[0m:[93m36[0m - [91merror[0m[90m TS2339: [0mProperty 'user' does not exist on type 'PrismaService'.
@swifta/backend:build: 
@swifta/backend:build: [7m182[0m     const user = await this.prisma.user.findUnique({
@swifta/backend:build: [7m   [0m [91m                                   ~~~~[0m
@swifta/backend:build: [96msrc/modules/auth/auth.service.ts[0m:[93m189[0m:[93m23[0m - [91merror[0m[90m TS2339: [0mProperty 'user' does not exist on type 'PrismaService'.
@swifta/backend:build: 
@swifta/backend:build: [7m189[0m     await this.prisma.user.update({
@swifta/backend:build: [7m   [0m [91m                      ~~~~[0m
@swifta/backend:build: [96msrc/modules/auth/auth.service.ts[0m:[93m239[0m:[93m32[0m - [91merror[0m[90m TS2339: [0mProperty 'user' does not exist on type 'PrismaService'.
@swifta/backend:build: 
@swifta/backend:build: [7m239[0m       user = await this.prisma.user.findUnique({
@swifta/backend:build: [7m   [0m [91m                               ~~~~[0m
@swifta/backend:build: [96msrc/modules/auth/auth.service.ts[0m:[93m244[0m:[93m32[0m - [91merror[0m[90m TS2339: [0mProperty 'user' does not exist on type 'PrismaService'.
@swifta/backend:build: 
@swifta/backend:build: [7m244[0m       user = await this.prisma.user.findFirst({
@swifta/backend:build: [7m   [0m [91m                               ~~~~[0m
@swifta/backend:build: [96msrc/modules/auth/auth.service.ts[0m:[93m273[0m:[93m36[0m - [91merror[0m[90m TS2339: [0mProperty 'user' does not exist on type 'PrismaService'.
@swifta/backend:build: 
@swifta/backend:build: [7m273[0m     const user = await this.prisma.user.findUnique({
@swifta/backend:build: [7m   [0m [91m                                   ~~~~[0m
@swifta/backend:build: [96msrc/modules/auth/auth.service.ts[0m:[93m306[0m:[93m44[0m - [91merror[0m[90m TS2339: [0mProperty 'user' does not exist on type 'PrismaService'.
@swifta/backend:build: 
@swifta/backend:build: [7m306[0m     const existingUser = await this.prisma.user.findUnique({
@swifta/backend:build: [7m   [0m [91m                                           ~~~~[0m
@swifta/backend:build: [96msrc/modules/auth/auth.service.ts[0m:[93m315[0m:[93m44[0m - [91merror[0m[90m TS2339: [0mProperty 'staffAccessToken' does not exist on type 'PrismaService'.
@swifta/backend:build: 
@swifta/backend:build: [7m315[0m     const activeTokens = await this.prisma.staffAccessToken.findMany({
@swifta/backend:build: [7m   [0m [91m                                           ~~~~~~~~~~~~~~~~[0m
@swifta/backend:build: [96msrc/modules/auth/auth.service.ts[0m:[93m336[0m:[93m23[0m - [91merror[0m[90m TS2339: [0mProperty '$transaction' does not exist on type 'PrismaService'.
@swifta/backend:build: 
@swifta/backend:build: [7m336[0m     await this.prisma.$transaction(async (prisma) => {
@swifta/backend:build: [7m   [0m [91m                      ~~~~~~~~~~~~[0m
@swifta/backend:build: [96msrc/modules/auth/auth.service.ts[0m:[93m373[0m:[93m36[0m - [91merror[0m[90m TS2339: [0mProperty 'user' does not exist on type 'PrismaService'.
@swifta/backend:build: 
@swifta/backend:build: [7m373[0m     const user = await this.prisma.user.findUnique({
@swifta/backend:build: [7m   [0m [91m                                   ~~~~[0m
@swifta/backend:build: [96msrc/modules/auth/auth.service.ts[0m:[93m401[0m:[93m36[0m - [91merror[0m[90m TS2339: [0mProperty 'user' does not exist on type 'PrismaService'.
@swifta/backend:build: 
@swifta/backend:build: [7m401[0m     const user = await this.prisma.user.findUnique({
@swifta/backend:build: [7m   [0m [91m                                   ~~~~[0m
@swifta/backend:build: [96msrc/modules/auth/auth.service.ts[0m:[93m441[0m:[93m36[0m - [91merror[0m[90m TS2339: [0mProperty 'user' does not exist on type 'PrismaService'.
@swifta/backend:build: 
@swifta/backend:build: [7m441[0m     const user = await this.prisma.user.findUnique({
@swifta/backend:build: [7m   [0m [91m                                   ~~~~[0m
@swifta/backend:build: [96msrc/modules/auth/auth.service.ts[0m:[93m461[0m:[93m23[0m - [91merror[0m[90m TS2339: [0mProperty 'user' does not exist on type 'PrismaService'.
@swifta/backend:build: 
@swifta/backend:build: [7m461[0m     await this.prisma.user.update({
@swifta/backend:build: [7m   [0m [91m                      ~~~~[0m
@swifta/backend:build: [96msrc/modules/auth/auth.service.ts[0m:[93m485[0m:[93m36[0m - [91merror[0m[90m TS2339: [0mProperty 'user' does not exist on type 'PrismaService'.
@swifta/backend:build: 
@swifta/backend:build: [7m485[0m     const user = await this.prisma.user.findFirst({
@swifta/backend:build: [7m   [0m [91m                                   ~~~~[0m
@swifta/backend:build: [96msrc/modules/auth/auth.service.ts[0m:[93m500[0m:[93m23[0m - [91merror[0m[90m TS2339: [0mProperty 'user' does not exist on type 'PrismaService'.
@swifta/backend:build: 
@swifta/backend:build: [7m500[0m     await this.prisma.user.update({
@swifta/backend:build: [7m   [0m [91m                      ~~~~[0m
@swifta/backend:build: [96msrc/modules/auth/auth.service.ts[0m:[93m522[0m:[93m36[0m - [91merror[0m[90m TS2339: [0mProperty 'user' does not exist on type 'PrismaService'.
@swifta/backend:build: 
@swifta/backend:build: [7m522[0m     const user = await this.prisma.user.findUnique({
@swifta/backend:build: [7m   [0m [91m                                   ~~~~[0m
@swifta/backend:build: [96msrc/modules/auth/auth.service.ts[0m:[93m657[0m:[93m42[0m - [91merror[0m[90m TS2339: [0mProperty 'merchantProfile' does not exist on type 'PrismaService'.
@swifta/backend:build: 
@swifta/backend:build: [7m657[0m       const existing = await this.prisma.merchantProfile.findFirst({
@swifta/backend:build: [7m   [0m [91m                                         ~~~~~~~~~~~~~~~[0m
@swifta/backend:build: [96msrc/modules/auth/auth.service.ts[0m:[93m736[0m:[93m23[0m - [91merror[0m[90m TS2339: [0mProperty 'user' does not exist on type 'PrismaService'.
@swifta/backend:build: 
@swifta/backend:build: [7m736[0m     await this.prisma.user.update({
@swifta/backend:build: [7m   [0m [91m                      ~~~~[0m
@swifta/backend:build: [96msrc/modules/auth/auth.service.ts[0m:[93m754[0m:[93m19[0m - [91merror[0m[90m TS2339: [0mProperty 'whatsAppLink' does not exist on type 'PrismaService'.
@swifta/backend:build: 
@swifta/backend:build: [7m754[0m       this.prisma.whatsAppLink.findUnique({
@swifta/backend:build: [7m   [0m [91m                  ~~~~~~~~~~~~[0m
@swifta/backend:build: [96msrc/modules/auth/auth.service.ts[0m:[93m758[0m:[93m19[0m - [91merror[0m[90m TS2339: [0mProperty 'whatsAppBuyerLink' does not exist on type 'PrismaService'.
@swifta/backend:build: 
@swifta/backend:build: [7m758[0m       this.prisma.whatsAppBuyerLink.findUnique({
@swifta/backend:build: [7m   [0m [91m                  ~~~~~~~~~~~~~~~~~[0m
@swifta/backend:build: [96msrc/modules/auth/auth.service.ts[0m:[93m762[0m:[93m19[0m - [91merror[0m[90m TS2339: [0mProperty 'whatsAppSupplierLink' does not exist on type 'PrismaService'.
@swifta/backend:build: 
@swifta/backend:build: [7m762[0m       this.prisma.whatsAppSupplierLink.findUnique({
@swifta/backend:build: [7m   [0m [91m                  ~~~~~~~~~~~~~~~~~~~~[0m
@swifta/backend:build: [96msrc/modules/auth/auth.service.ts[0m:[93m807[0m:[93m19[0m - [91merror[0m[90m TS2339: [0mProperty 'whatsAppLink' does not exist on type 'PrismaService'.
@swifta/backend:build: 
@swifta/backend:build: [7m807[0m       this.prisma.whatsAppLink.findUnique({
@swifta/backend:build: [7m   [0m [91m                  ~~~~~~~~~~~~[0m
@swifta/backend:build: [96msrc/modules/auth/auth.service.ts[0m:[93m810[0m:[93m19[0m - [91merror[0m[90m TS2339: [0mProperty 'whatsAppBuyerLink' does not exist on type 'PrismaService'.
@swifta/backend:build: 
@swifta/backend:build: [7m810[0m       this.prisma.whatsAppBuyerLink.findUnique({
@swifta/backend:build: [7m   [0m [91m                  ~~~~~~~~~~~~~~~~~[0m
@swifta/backend:build: [96msrc/modules/auth/auth.service.ts[0m:[93m813[0m:[93m19[0m - [91merror[0m[90m TS2339: [0mProperty 'whatsAppSupplierLink' does not exist on type 'PrismaService'.
@swifta/backend:build: 
@swifta/backend:build: [7m813[0m       this.prisma.whatsAppSupplierLink.findUnique({
@swifta/backend:build: [7m   [0m [91m                  ~~~~~~~~~~~~~~~~~~~~[0m
@swifta/backend:build: [96msrc/modules/auth/auth.service.ts[0m:[93m824[0m:[93m30[0m - [91merror[0m[90m TS2339: [0mProperty 'supplierProfile' does not exist on type 'PrismaService'.
@swifta/backend:build: 
@swifta/backend:build: [7m824[0m           (await this.prisma.supplierProfile.findUnique({ where: { userId } }))
@swifta/backend:build: [7m   [0m [91m                             ~~~~~~~~~~~~~~~[0m
@swifta/backend:build: [96msrc/modules/auth/auth.service.ts[0m:[93m862[0m:[93m36[0m - [91merror[0m[90m TS2339: [0mProperty 'user' does not exist on type 'PrismaService'.
@swifta/backend:build: 
@swifta/backend:build: [7m862[0m     const user = await this.prisma.user.findUnique({
@swifta/backend:build: [7m   [0m [91m                                   ~~~~[0m
@swifta/backend:build: [96msrc/modules/auth/auth.service.ts[0m:[93m868[0m:[93m23[0m - [91merror[0m[90m TS2339: [0mProperty '$transaction' does not exist on type 'PrismaService'.
@swifta/backend:build: 
@swifta/backend:build: [7m868[0m     await this.prisma.$transaction(async (tx) => {
@swifta/backend:build: [7m   [0m [91m                      ~~~~~~~~~~~~[0m
@swifta/backend:build: [96msrc/modules/auth/auth.service.ts[0m:[93m922[0m:[93m19[0m - [91merror[0m[90m TS2339: [0mProperty 'whatsAppLink' does not exist on type 'PrismaService'.
@swifta/backend:build: 
@swifta/backend:build: [7m922[0m       this.prisma.whatsAppLink.findUnique({
@swifta/backend:build: [7m   [0m [91m                  ~~~~~~~~~~~~[0m
@swifta/backend:build: [96msrc/modules/auth/auth.service.ts[0m:[93m934[0m:[93m19[0m - [91merror[0m[90m TS2339: [0mProperty 'whatsAppBuyerLink' does not exist on type 'PrismaService'.
@swifta/backend:build: 
@swifta/backend:build: [7m934[0m       this.prisma.whatsAppBuyerLink.findUnique({
@swifta/backend:build: [7m   [0m [91m                  ~~~~~~~~~~~~~~~~~[0m
@swifta/backend:build: [96msrc/modules/auth/auth.service.ts[0m:[93m946[0m:[93m19[0m - [91merror[0m[90m TS2339: [0mProperty 'whatsAppSupplierLink' does not exist on type 'PrismaService'.
@swifta/backend:build: 
@swifta/backend:build: [7m946[0m       this.prisma.whatsAppSupplierLink.findUnique({
@swifta/backend:build: [7m   [0m [91m                  ~~~~~~~~~~~~~~~~~~~~[0m
@swifta/backend:build: [96msrc/modules/auth/auth.service.ts[0m:[93m978[0m:[93m36[0m - [91merror[0m[90m TS2339: [0mProperty 'user' does not exist on type 'PrismaService'.
@swifta/backend:build: 
@swifta/backend:build: [7m978[0m     const user = await this.prisma.user.findUnique({ where: { id: userId } });
@swifta/backend:build: [7m   [0m [91m                                   ~~~~[0m
@swifta/backend:build: [96msrc/modules/auth/auth.service.ts[0m:[93m990[0m:[93m48[0m - [91merror[0m[90m TS2339: [0mProperty 'user' does not exist on type 'PrismaService'.
@swifta/backend:build: 
@swifta/backend:build: [7m990[0m         const existingUser = await this.prisma.user.findFirst({
@swifta/backend:build: [7m   [0m [91m                                               ~~~~[0m
@swifta/backend:build: [96msrc/modules/auth/auth.service.ts[0m:[93m1002[0m:[93m46[0m - [91merror[0m[90m TS2339: [0mProperty 'user' does not exist on type 'PrismaService'.
@swifta/backend:build: 
@swifta/backend:build: [7m1002[0m       const existingUser = await this.prisma.user.findUnique({
@swifta/backend:build: [7m    [0m [91m                                             ~~~~[0m
@swifta/backend:build: [96msrc/modules/auth/auth.service.ts[0m:[93m1012[0m:[93m24[0m - [91merror[0m[90m TS2339: [0mProperty 'user' does not exist on type 'PrismaService'.
@swifta/backend:build: 
@swifta/backend:build: [7m1012[0m     return this.prisma.user.update({
@swifta/backend:build: [7m    [0m [91m                       ~~~~[0m
@swifta/backend:build: [96msrc/modules/auth/auth.service.ts[0m:[93m1031[0m:[93m36[0m - [91merror[0m[90m TS2339: [0mProperty 'user' does not exist on type 'PrismaService'.
@swifta/backend:build: 
@swifta/backend:build: [7m1031[0m     const user = await this.prisma.user.findUnique({ where: { id: userId } });
@swifta/backend:build: [7m    [0m [91m                                   ~~~~[0m
@swifta/backend:build: [96msrc/modules/auth/auth.service.ts[0m:[93m1042[0m:[93m23[0m - [91merror[0m[90m TS2339: [0mProperty 'user' does not exist on type 'PrismaService'.
@swifta/backend:build: 
@swifta/backend:build: [7m1042[0m     await this.prisma.user.update({
@swifta/backend:build: [7m    [0m [91m                      ~~~~[0m
@swifta/backend:build: [96msrc/modules/auth/strategies/jwt-access.strategy.ts[0m:[93m51[0m:[93m48[0m - [91merror[0m[90m TS2339: [0mProperty 'adminProfile' does not exist on type 'PrismaService'.
@swifta/backend:build: 
@swifta/backend:build: [7m51[0m         const adminProfile = await this.prisma.adminProfile.findUnique({
@swifta/backend:build: [7m  [0m [91m                                               ~~~~~~~~~~~~[0m
@swifta/backend:build: [96msrc/modules/buyer/buyer-dashboard.service.ts[0m:[93m10[0m:[93m19[0m - [91merror[0m[90m TS2339: [0mProperty 'order' does not exist on type 'PrismaService'.
@swifta/backend:build: 
@swifta/backend:build: [7m10[0m       this.prisma.order.findMany({
@swifta/backend:build: [7m  [0m [91m                  ~~~~~[0m
@swifta/backend:build: [96msrc/modules/cart/cart.service.ts[0m:[93m16[0m:[93m37[0m - [91merror[0m[90m TS2339: [0mProperty 'cartItem' does not exist on type 'PrismaService'.
@swifta/backend:build: 
@swifta/backend:build: [7m16[0m     const items = await this.prisma.cartItem.findMany({
@swifta/backend:build: [7m  [0m [91m                                    ~~~~~~~~[0m
@swifta/backend:build: [96msrc/modules/cart/cart.service.ts[0m:[93m80[0m:[93m39[0m - [91merror[0m[90m TS2339: [0mProperty 'product' does not exist on type 'PrismaService'.
@swifta/backend:build: 
@swifta/backend:build: [7m80[0m     const product = await this.prisma.product.findUnique({
@swifta/backend:build: [7m  [0m [91m                                      ~~~~~~~[0m
@swifta/backend:build: [96msrc/modules/cart/cart.service.ts[0m:[93m112[0m:[93m44[0m - [91merror[0m[90m TS2339: [0mProperty 'cartItem' does not exist on type 'PrismaService'.
@swifta/backend:build: 
@swifta/backend:build: [7m112[0m     const existingItem = await this.prisma.cartItem.findFirst({
@swifta/backend:build: [7m   [0m [91m                                           ~~~~~~~~[0m
@swifta/backend:build: [96msrc/modules/cart/cart.service.ts[0m:[93m122[0m:[93m26[0m - [91merror[0m[90m TS2339: [0mProperty 'cartItem' does not exist on type 'PrismaService'.
@swifta/backend:build: 
@swifta/backend:build: [7m122[0m       return this.prisma.cartItem.update({
@swifta/backend:build: [7m   [0m [91m                         ~~~~~~~~[0m
@swifta/backend:build: [96msrc/modules/cart/cart.service.ts[0m:[93m130[0m:[93m24[0m - [91merror[0m[90m TS2339: [0mProperty 'cartItem' does not exist on type 'PrismaService'.
@swifta/backend:build: 
@swifta/backend:build: [7m130[0m     return this.prisma.cartItem.create({
@swifta/backend:build: [7m   [0m [91m                       ~~~~~~~~[0m
@swifta/backend:build: [96msrc/modules/cart/cart.service.ts[0m:[93m145[0m:[93m36[0m - [91merror[0m[90m TS2339: [0mProperty 'cartItem' does not exist on type 'PrismaService'.
@swifta/backend:build: 
@swifta/backend:build: [7m145[0m     const item = await this.prisma.cartItem.findFirst({
@swifta/backend:build: [7m   [0m [91m                                   ~~~~~~~~[0m
@swifta/backend:build: [96msrc/modules/cart/cart.service.ts[0m:[93m165[0m:[93m24[0m - [91merror[0m[90m TS2339: [0mProperty 'cartItem' does not exist on type 'PrismaService'.
@swifta/backend:build: 
@swifta/backend:build: [7m165[0m     return this.prisma.cartItem.update({
@swifta/backend:build: [7m   [0m [91m                       ~~~~~~~~[0m
@swifta/backend:build: [96msrc/modules/cart/cart.service.ts[0m:[93m172[0m:[93m36[0m - [91merror[0m[90m TS2339: [0mProperty 'cartItem' does not exist on type 'PrismaService'.
@swifta/backend:build: 
@swifta/backend:build: [7m172[0m     const item = await this.prisma.cartItem.findFirst({
@swifta/backend:build: [7m   [0m [91m                                   ~~~~~~~~[0m
@swifta/backend:build: [96msrc/modules/cart/cart.service.ts[0m:[93m180[0m:[93m23[0m - [91merror[0m[90m TS2339: [0mProperty 'cartItem' does not exist on type 'PrismaService'.
@swifta/backend:build: 
@swifta/backend:build: [7m180[0m     await this.prisma.cartItem.delete({
@swifta/backend:build: [7m   [0m [91m                      ~~~~~~~~[0m
@swifta/backend:build: [96msrc/modules/cart/cart.service.ts[0m:[93m188[0m:[93m23[0m - [91merror[0m[90m TS2339: [0mProperty 'cartItem' does not exist on type 'PrismaService'.
@swifta/backend:build: 
@swifta/backend:build: [7m188[0m     await this.prisma.cartItem.deleteMany({
@swifta/backend:build: [7m   [0m [91m                      ~~~~~~~~[0m
@swifta/backend:build: [96msrc/modules/category/category.service.ts[0m:[93m19[0m:[93m40[0m - [91merror[0m[90m TS2339: [0mProperty 'category' does not exist on type 'PrismaService'.
@swifta/backend:build: 
@swifta/backend:build: [7m19[0m     const existing = await this.prisma.category.findFirst({ where: { slug } });
@swifta/backend:build: [7m  [0m [91m                                       ~~~~~~~~[0m
@swifta/backend:build: [96msrc/modules/category/category.service.ts[0m:[93m26[0m:[93m24[0m - [91merror[0m[90m TS2339: [0mProperty 'category' does not exist on type 'PrismaService'.
@swifta/backend:build: 
@swifta/backend:build: [7m26[0m     return this.prisma.category.create({
@swifta/backend:build: [7m  [0m [91m                       ~~~~~~~~[0m
@swifta/backend:build: [96msrc/modules/category/category.service.ts[0m:[93m35[0m:[93m24[0m - [91merror[0m[90m TS2339: [0mProperty 'category' does not exist on type 'PrismaService'.
@swifta/backend:build: 
@swifta/backend:build: [7m35[0m     return this.prisma.category.findMany({
@swifta/backend:build: [7m  [0m [91m                       ~~~~~~~~[0m
@swifta/backend:build: [96msrc/modules/category/category.service.ts[0m:[93m49[0m:[93m42[0m - [91merror[0m[90m TS2339: [0mProperty 'category' does not exist on type 'PrismaService'.
@swifta/backend:build: 
@swifta/backend:build: [7m49[0m     const categories = await this.prisma.category.findMany({
@swifta/backend:build: [7m  [0m [91m                                         ~~~~~~~~[0m
@swifta/backend:build: [96msrc/modules/category/category.service.ts[0m:[93m63[0m:[93m48[0m - [91merror[0m[90m TS2339: [0mProperty 'product' does not exist on type 'PrismaService'.
@swifta/backend:build: 
@swifta/backend:build: [7m63[0m         const productCount = await this.prisma.product.count({
@swifta/backend:build: [7m  [0m [91m                                               ~~~~~~~[0m
@swifta/backend:build: [96msrc/modules/category/category.service.ts[0m:[93m73[0m:[93m50[0m - [91merror[0m[90m TS2339: [0mProperty 'product' does not exist on type 'PrismaService'.
@swifta/backend:build: 
@swifta/backend:build: [7m73[0m             const childCount = await this.prisma.product.count({
@swifta/backend:build: [7m  [0m [91m                                                 ~~~~~~~[0m
@swifta/backend:build: [96msrc/modules/category/category.service.ts[0m:[93m92[0m:[93m40[0m - [91merror[0m[90m TS2339: [0mProperty 'product' does not exist on type 'PrismaService'.
@swifta/backend:build: 
@swifta/backend:build: [7m92[0m     const products = await this.prisma.product.findMany({
@swifta/backend:build: [7m  [0m [91m                                       ~~~~~~~[0m
@swifta/backend:build: [96msrc/modules/category/category.service.ts[0m:[93m100[0m:[93m24[0m - [91merror[0m[90m TS2339: [0mProperty 'category' does not exist on type 'PrismaService'.
@swifta/backend:build: 
@swifta/backend:build: [7m100[0m     return this.prisma.category.findMany({
@swifta/backend:build: [7m   [0m [91m                       ~~~~~~~~[0m
@swifta/backend:build: [96msrc/modules/category/category.service.ts[0m:[93m110[0m:[93m40[0m - [91merror[0m[90m TS2339: [0mProperty 'category' does not exist on type 'PrismaService'.
@swifta/backend:build: 
@swifta/backend:build: [7m110[0m     const category = await this.prisma.category.findUnique({
@swifta/backend:build: [7m   [0m [91m                                       ~~~~~~~~[0m
@swifta/backend:build: [96msrc/modules/category/category.service.ts[0m:[93m125[0m:[93m44[0m - [91merror[0m[90m TS2339: [0mProperty 'product' does not exist on type 'PrismaService'.
@swifta/backend:build: 
@swifta/backend:build: [7m125[0m     const productCount = await this.prisma.product.count({
@swifta/backend:build: [7m   [0m [91m                                           ~~~~~~~[0m
@swifta/backend:build: [96msrc/modules/category/category.service.ts[0m:[93m140[0m:[93m40[0m - [91merror[0m[90m TS2339: [0mProperty 'category' does not exist on type 'PrismaService'.
@swifta/backend:build: 
@swifta/backend:build: [7m140[0m     const category = await this.prisma.category.findUnique({ where: { id } });
@swifta/backend:build: [7m   [0m [91m                                       ~~~~~~~~[0m
@swifta/backend:build: [96msrc/modules/category/category.service.ts[0m:[93m154[0m:[93m42[0m - [91merror[0m[90m TS2339: [0mProperty 'category' does not exist on type 'PrismaService'.
@swifta/backend:build: 
@swifta/backend:build: [7m154[0m       const existing = await this.prisma.category.findFirst({
@swifta/backend:build: [7m   [0m [91m                                         ~~~~~~~~[0m
@swifta/backend:build: [96msrc/modules/category/category.service.ts[0m:[93m168[0m:[93m24[0m - [91merror[0m[90m TS2339: [0mProperty 'category' does not exist on type 'PrismaService'.
@swifta/backend:build: 
@swifta/backend:build: [7m168[0m     return this.prisma.category.update({
@swifta/backend:build: [7m   [0m [91m                       ~~~~~~~~[0m
@swifta/backend:build: [96msrc/modules/category/category.service.ts[0m:[93m175[0m:[93m24[0m - [91merror[0m[90m TS2339: [0mProperty 'category' does not exist on type 'PrismaService'.
@swifta/backend:build: 
@swifta/backend:build: [7m175[0m     return this.prisma.category.update({
@swifta/backend:build: [7m   [0m [91m                       ~~~~~~~~[0m
@swifta/backend:build: [96msrc/modules/inventory/inventory.service.ts[0m:[93m50[0m:[93m23[0m - [91merror[0m[90m TS2339: [0mProperty '$transaction' does not exist on type 'PrismaService'.
@swifta/backend:build: 
@swifta/backend:build: [7m50[0m     await this.prisma.$transaction(async (tx) => {
@swifta/backend:build: [7m  [0m [91m                      ~~~~~~~~~~~~[0m
@swifta/backend:build: [96msrc/modules/inventory/inventory.service.ts[0m:[93m81[0m:[93m39[0m - [91merror[0m[90m TS2339: [0mProperty 'product' does not exist on type 'PrismaService'.
@swifta/backend:build: 
@swifta/backend:build: [7m81[0m     const product = await this.prisma.product.findUnique({
@swifta/backend:build: [7m  [0m [91m                                      ~~~~~~~[0m
@swifta/backend:build: [96msrc/modules/inventory/inventory.service.ts[0m:[93m104[0m:[93m39[0m - [91merror[0m[90m TS2339: [0mProperty 'product' does not exist on type 'PrismaService'.
@swifta/backend:build: 
@swifta/backend:build: [7m104[0m     const product = await this.prisma.product.findUnique({
@swifta/backend:build: [7m   [0m [91m                                      ~~~~~~~[0m
@swifta/backend:build: [96msrc/modules/inventory/inventory.service.ts[0m:[93m111[0m:[93m37[0m - [91merror[0m[90m TS2339: [0mProperty 'productStockCache' does not exist on type 'PrismaService'.
@swifta/backend:build: 
@swifta/backend:build: [7m111[0m     const cache = await this.prisma.productStockCache.findUnique({
@swifta/backend:build: [7m   [0m [91m                                    ~~~~~~~~~~~~~~~~~[0m
@swifta/backend:build: [96msrc/modules/inventory/inventory.service.ts[0m:[93m128[0m:[93m39[0m - [91merror[0m[90m TS2339: [0mProperty 'product' does not exist on type 'PrismaService'.
@swifta/backend:build: 
@swifta/backend:build: [7m128[0m     const product = await this.prisma.product.findUnique({
@swifta/backend:build: [7m   [0m [91m                                      ~~~~~~~[0m
@swifta/backend:build: [96msrc/modules/inventory/inventory.service.ts[0m:[93m137[0m:[93m19[0m - [91merror[0m[90m TS2339: [0mProperty 'inventoryEvent' does not exist on type 'PrismaService'.
@swifta/backend:build: 
@swifta/backend:build: [7m137[0m       this.prisma.inventoryEvent.findMany({
@swifta/backend:build: [7m   [0m [91m                  ~~~~~~~~~~~~~~[0m
@swifta/backend:build: [96msrc/modules/inventory/inventory.service.ts[0m:[93m143[0m:[93m19[0m - [91merror[0m[90m TS2339: [0mProperty 'inventoryEvent' does not exist on type 'PrismaService'.
@swifta/backend:build: 
@swifta/backend:build: [7m143[0m       this.prisma.inventoryEvent.count({ where: { productId } }),
@swifta/backend:build: [7m   [0m [91m                  ~~~~~~~~~~~~~~[0m
@swifta/backend:build: [96msrc/modules/inventory/inventory.service.ts[0m:[93m161[0m:[93m23[0m - [91merror[0m[90m TS2339: [0mProperty '$transaction' does not exist on type 'PrismaService'.
@swifta/backend:build: 
@swifta/backend:build: [7m161[0m     await this.prisma.$transaction(async (tx) => {
@swifta/backend:build: [7m   [0m [91m                      ~~~~~~~~~~~~[0m
@swifta/backend:build: [96msrc/modules/logistics/clients/logistics.client.ts[0m:[93m2[0m:[93m10[0m - [91merror[0m[90m TS2305: [0mModule '"@prisma/client"' has no exported member 'DeliveryStatus'.
@swifta/backend:build: 
@swifta/backend:build: [7m2[0m import { DeliveryStatus } from "@prisma/client";
@swifta/backend:build: [7m [0m [91m         ~~~~~~~~~~~~~~[0m
@swifta/backend:build: [96msrc/modules/logistics/logistics.service.ts[0m:[93m12[0m:[93m10[0m - [91merror[0m[90m TS2305: [0mModule '"@prisma/client"' has no exported member 'DeliveryStatus'.
@swifta/backend:build: 
@swifta/backend:build: [7m12[0m import { DeliveryStatus, OrderStatus, UserRole } from "@prisma/client";
@swifta/backend:build: [7m  [0m [91m         ~~~~~~~~~~~~~~[0m
@swifta/backend:build: [96msrc/modules/logistics/logistics.service.ts[0m:[93m12[0m:[93m26[0m - [91merror[0m[90m TS2305: [0mModule '"@prisma/client"' has no exported member 'OrderStatus'.
@swifta/backend:build: 
@swifta/backend:build: [7m12[0m import { DeliveryStatus, OrderStatus, UserRole } from "@prisma/client";
@swifta/backend:build: [7m  [0m [91m                         ~~~~~~~~~~~[0m
@swifta/backend:build: [96msrc/modules/logistics/logistics.service.ts[0m:[93m12[0m:[93m39[0m - [91merror[0m[90m TS2305: [0mModule '"@prisma/client"' has no exported member 'UserRole'.
@swifta/backend:build: 
@swifta/backend:build: [7m12[0m import { DeliveryStatus, OrderStatus, UserRole } from "@prisma/client";
@swifta/backend:build: [7m  [0m [91m                                      ~~~~~~~~[0m
@swifta/backend:build: [96msrc/modules/logistics/logistics.service.ts[0m:[93m43[0m:[93m37[0m - [91merror[0m[90m TS2339: [0mProperty 'order' does not exist on type 'PrismaService'.
@swifta/backend:build: 
@swifta/backend:build: [7m43[0m     const order = await this.prisma.order.findUnique({
@swifta/backend:build: [7m  [0m [91m                                    ~~~~~[0m
@swifta/backend:build: [96msrc/modules/logistics/logistics.service.ts[0m:[93m92[0m:[93m41[0m - [91merror[0m[90m TS2339: [0mProperty 'deliveryBooking' does not exist on type 'PrismaService'.
@swifta/backend:build: 
@swifta/backend:build: [7m92[0m       const booking = await this.prisma.deliveryBooking.create({
@swifta/backend:build: [7m  [0m [91m                                        ~~~~~~~~~~~~~~~[0m
@swifta/backend:build: [96msrc/modules/logistics/logistics.service.ts[0m:[93m118[0m:[93m47[0m - [91merror[0m[90m TS2339: [0mProperty 'deliveryBooking' does not exist on type 'PrismaService'.
@swifta/backend:build: 
@swifta/backend:build: [7m118[0m       const failedBooking = await this.prisma.deliveryBooking.create({
@swifta/backend:build: [7m   [0m [91m                                              ~~~~~~~~~~~~~~~[0m
@swifta/backend:build: [96msrc/modules/logistics/logistics.service.ts[0m:[93m166[0m:[93m39[0m - [91merror[0m[90m TS2339: [0mProperty 'deliveryBooking' does not exist on type 'PrismaService'.
@swifta/backend:build: 
@swifta/backend:build: [7m166[0m     const booking = await this.prisma.deliveryBooking.findFirst({
@swifta/backend:build: [7m   [0m [91m                                      ~~~~~~~~~~~~~~~[0m
@swifta/backend:build: [96msrc/modules/logistics/logistics.service.ts[0m:[93m198[0m:[93m23[0m - [91merror[0m[90m TS2339: [0mProperty '$transaction' does not exist on type 'PrismaService'.
@swifta/backend:build: 
@swifta/backend:build: [7m198[0m     await this.prisma.$transaction(async (tx) => {
@swifta/backend:build: [7m   [0m [91m                      ~~~~~~~~~~~~[0m
@swifta/backend:build: [96msrc/modules/logistics/logistics.service.ts[0m:[93m263[0m:[93m39[0m - [91merror[0m[90m TS2339: [0mProperty 'deliveryBooking' does not exist on type 'PrismaService'.
@swifta/backend:build: 
@swifta/backend:build: [7m263[0m     const booking = await this.prisma.deliveryBooking.findUnique({
@swifta/backend:build: [7m   [0m [91m                                      ~~~~~~~~~~~~~~~[0m
@swifta/backend:build: [96msrc/modules/merchant/merchant-analytics.service.ts[0m:[93m25[0m:[93m38[0m - [91merror[0m[90m TS2339: [0mProperty 'order' does not exist on type 'PrismaService'.
@swifta/backend:build: 
@swifta/backend:build: [7m25[0m     const orders = await this.prisma.order.findMany({
@swifta/backend:build: [7m  [0m [91m                                     ~~~~~[0m
@swifta/backend:build: [96msrc/modules/merchant/merchant.service.ts[0m:[93m57[0m:[93m19[0m - [91merror[0m[90m TS2339: [0mProperty 'merchantProfile' does not exist on type 'PrismaService'.
@swifta/backend:build: 
@swifta/backend:build: [7m57[0m       this.prisma.merchantProfile.findUnique({
@swifta/backend:build: [7m  [0m [91m                  ~~~~~~~~~~~~~~~[0m
@swifta/backend:build: [96msrc/modules/merchant/merchant.service.ts[0m:[93m93[0m:[93m41[0m - [91merror[0m[90m TS2339: [0mProperty 'merchantProfile' does not exist on type 'PrismaService'.
@swifta/backend:build: 
@swifta/backend:build: [7m93[0m     const merchant = await (this.prisma.merchantProfile.findUnique({
@swifta/backend:build: [7m  [0m [91m                                        ~~~~~~~~~~~~~~~[0m
@swifta/backend:build: [96msrc/modules/merchant/merchant.service.ts[0m:[93m157[0m:[93m24[0m - [91merror[0m[90m TS2339: [0mProperty 'merchantProfile' does not exist on type 'PrismaService'.
@swifta/backend:build: 
@swifta/backend:build: [7m157[0m     return this.prisma.merchantProfile.findMany({
@swifta/backend:build: [7m   [0m [91m                       ~~~~~~~~~~~~~~~[0m
@swifta/backend:build: [96msrc/modules/merchant/merchant.service.ts[0m:[93m173[0m:[93m40[0m - [91merror[0m[90m TS2339: [0mProperty 'merchantProfile' does not exist on type 'PrismaService'.
@swifta/backend:build: 
@swifta/backend:build: [7m173[0m     const existing = await this.prisma.merchantProfile.findUnique({
@swifta/backend:build: [7m   [0m [91m                                       ~~~~~~~~~~~~~~~[0m
@swifta/backend:build: [96msrc/modules/merchant/merchant.service.ts[0m:[93m229[0m:[93m39[0m - [91merror[0m[90m TS2339: [0mProperty 'merchantProfile' does not exist on type 'PrismaService'.
@swifta/backend:build: 
@swifta/backend:build: [7m229[0m     const updated = await this.prisma.merchantProfile.update({
@swifta/backend:build: [7m   [0m [91m                                      ~~~~~~~~~~~~~~~[0m
@swifta/backend:build: [96msrc/modules/merchant/merchant.service.ts[0m:[93m246[0m:[93m40[0m - [91merror[0m[90m TS2339: [0mProperty 'merchantProfile' does not exist on type 'PrismaService'.
@swifta/backend:build: 
@swifta/backend:build: [7m246[0m     const existing = await this.prisma.merchantProfile.findUnique({
@swifta/backend:build: [7m   [0m [91m                                       ~~~~~~~~~~~~~~~[0m
@swifta/backend:build: [96msrc/modules/merchant/merchant.service.ts[0m:[93m277[0m:[93m24[0m - [91merror[0m[90m TS2339: [0mProperty 'merchantProfile' does not exist on type 'PrismaService'.
@swifta/backend:build: 
@swifta/backend:build: [7m277[0m     return this.prisma.merchantProfile.update({
@swifta/backend:build: [7m   [0m [91m                       ~~~~~~~~~~~~~~~[0m
@swifta/backend:build: [96msrc/modules/merchant/merchant.service.ts[0m:[93m284[0m:[93m40[0m - [91merror[0m[90m TS2339: [0mProperty 'merchantProfile' does not exist on type 'PrismaService'.
@swifta/backend:build: 
@swifta/backend:build: [7m284[0m     const merchant = await this.prisma.merchantProfile.findUnique({
@swifta/backend:build: [7m   [0m [91m                                       ~~~~~~~~~~~~~~~[0m
@swifta/backend:build: [96msrc/modules/merchant/merchant.service.ts[0m:[93m297[0m:[93m39[0m - [91merror[0m[90m TS2339: [0mProperty 'merchantProfile' does not exist on type 'PrismaService'.
@swifta/backend:build: 
@swifta/backend:build: [7m297[0m     const updated = await this.prisma.merchantProfile.update({
@swifta/backend:build: [7m   [0m [91m                                      ~~~~~~~~~~~~~~~[0m
@swifta/backend:build: [96msrc/modules/merchant/merchant.service.ts[0m:[93m305[0m:[93m38[0m - [91merror[0m[90m TS2339: [0mProperty 'user' does not exist on type 'PrismaService'.
@swifta/backend:build: 
@swifta/backend:build: [7m305[0m     const admins = await this.prisma.user.findMany({
@swifta/backend:build: [7m   [0m [91m                                     ~~~~[0m
@swifta/backend:build: [96msrc/modules/merchant/merchant.service.ts[0m:[93m325[0m:[93m44[0m - [91merror[0m[90m TS2339: [0mProperty 'merchantProfile' does not exist on type 'PrismaService'.
@swifta/backend:build: 
@swifta/backend:build: [7m325[0m     const directMatch = await (this.prisma.merchantProfile as any).findUnique({
@swifta/backend:build: [7m   [0m [91m                                           ~~~~~~~~~~~~~~~[0m
@swifta/backend:build: [96msrc/modules/merchant/merchant.service.ts[0m:[93m374[0m:[93m40[0m - [91merror[0m[90m TS2339: [0mProperty 'merchantProfile' does not exist on type 'PrismaService'.
@swifta/backend:build: 
@swifta/backend:build: [7m374[0m     const merchant = await this.prisma.merchantProfile.findUnique({
@swifta/backend:build: [7m   [0m [91m                                       ~~~~~~~~~~~~~~~[0m
@swifta/backend:build: [96msrc/modules/merchant/merchant.service.ts[0m:[93m393[0m:[93m40[0m - [91merror[0m[90m TS2339: [0mProperty 'merchantProfile' does not exist on type 'PrismaService'.
@swifta/backend:build: 
@swifta/backend:build: [7m393[0m     const isTaken = await (this.prisma.merchantProfile as any).findUnique({
@swifta/backend:build: [7m   [0m [91m                                       ~~~~~~~~~~~~~~~[0m
@swifta/backend:build: [96msrc/modules/merchant/merchant.service.ts[0m:[93m451[0m:[93m24[0m - [91merror[0m[90m TS2339: [0mProperty '$transaction' does not exist on type 'PrismaService'.
@swifta/backend:build: 
@swifta/backend:build: [7m451[0m     return this.prisma.$transaction(async (tx) => {
@swifta/backend:build: [7m   [0m [91m                       ~~~~~~~~~~~~[0m
@swifta/backend:build: [96msrc/modules/merchant/merchant.service.ts[0m:[93m473[0m:[93m40[0m - [91merror[0m[90m TS2339: [0mProperty 'merchantProfile' does not exist on type 'PrismaService'.
@swifta/backend:build: 
@swifta/backend:build: [7m473[0m     const merchant = await this.prisma.merchantProfile.findUnique({
@swifta/backend:build: [7m   [0m [91m                                       ~~~~~~~~~~~~~~~[0m
@swifta/backend:build: [96msrc/modules/merchant/merchant.service.ts[0m:[93m531[0m:[93m40[0m - [91merror[0m[90m TS2339: [0mProperty 'merchantProfile' does not exist on type 'PrismaService'.
@swifta/backend:build: 
@swifta/backend:build: [7m531[0m     const merchant = await this.prisma.merchantProfile.findUnique({
@swifta/backend:build: [7m   [0m [91m                                       ~~~~~~~~~~~~~~~[0m
@swifta/backend:build: [96msrc/modules/merchant/merchant.service.ts[0m:[93m536[0m:[93m24[0m - [91merror[0m[90m TS2339: [0mProperty 'merchantProfile' does not exist on type 'PrismaService'.
@swifta/backend:build: 
@swifta/backend:build: [7m536[0m     return this.prisma.merchantProfile.update({
@swifta/backend:build: [7m   [0m [91m                       ~~~~~~~~~~~~~~~[0m
@swifta/backend:build: [96msrc/modules/merchant/merchant.service.ts[0m:[93m548[0m:[93m21[0m - [91merror[0m[90m TS2339: [0mProperty 'order' does not exist on type 'PrismaService'.
@swifta/backend:build: 
@swifta/backend:build: [7m548[0m         this.prisma.order.aggregate({
@swifta/backend:build: [7m   [0m [91m                    ~~~~~[0m
@swifta/backend:build: [96msrc/modules/merchant/merchant.service.ts[0m:[93m552[0m:[93m21[0m - [91merror[0m[90m TS2339: [0mProperty 'order' does not exist on type 'PrismaService'.
@swifta/backend:build: 
@swifta/backend:build: [7m552[0m         this.prisma.order.aggregate({
@swifta/backend:build: [7m   [0m [91m                    ~~~~~[0m
@swifta/backend:build: [96msrc/modules/merchant/merchant.service.ts[0m:[93m556[0m:[93m21[0m - [91merror[0m[90m TS2339: [0mProperty 'order' does not exist on type 'PrismaService'.
@swifta/backend:build: 
@swifta/backend:build: [7m556[0m         this.prisma.order.aggregate({
@swifta/backend:build: [7m   [0m [91m                    ~~~~~[0m
@swifta/backend:build: [96msrc/modules/merchant/merchant.service.ts[0m:[93m560[0m:[93m21[0m - [91merror[0m[90m TS2339: [0mProperty 'order' does not exist on type 'PrismaService'.
@swifta/backend:build: 
@swifta/backend:build: [7m560[0m         this.prisma.order.aggregate({
@swifta/backend:build: [7m   [0m [91m                    ~~~~~[0m
@swifta/backend:build: [96msrc/modules/notification/notification.processor.ts[0m:[93m37[0m:[93m42[0m - [91merror[0m[90m TS2339: [0mProperty 'merchantProfile' does not exist on type 'PrismaService'.
@swifta/backend:build: 
@swifta/backend:build: [7m37[0m       const merchant = await this.prisma.merchantProfile.findUnique({
@swifta/backend:build: [7m  [0m [91m                                         ~~~~~~~~~~~~~~~[0m
@swifta/backend:build: [96msrc/modules/notification/notification.processor.ts[0m:[93m47[0m:[93m36[0m - [91merror[0m[90m TS2339: [0mProperty 'user' does not exist on type 'PrismaService'.
@swifta/backend:build: 
@swifta/backend:build: [7m47[0m     const user = await this.prisma.user.findUnique({
@swifta/backend:build: [7m  [0m [91m                                   ~~~~[0m
@swifta/backend:build: [96msrc/modules/notification/notification.processor.ts[0m:[93m59[0m:[93m29[0m - [91merror[0m[90m TS2339: [0mProperty 'notification' does not exist on type 'PrismaService'.
@swifta/backend:build: 
@swifta/backend:build: [7m59[0m           await this.prisma.notification.create({
@swifta/backend:build: [7m  [0m [91m                            ~~~~~~~~~~~~[0m
@swifta/backend:build: [96msrc/modules/notification/notification.service.ts[0m:[93m11[0m:[93m19[0m - [91merror[0m[90m TS2339: [0mProperty 'notification' does not exist on type 'PrismaService'.
@swifta/backend:build: 
@swifta/backend:build: [7m11[0m       this.prisma.notification.findMany({
@swifta/backend:build: [7m  [0m [91m                  ~~~~~~~~~~~~[0m
@swifta/backend:build: [96msrc/modules/notification/notification.service.ts[0m:[93m17[0m:[93m19[0m - [91merror[0m[90m TS2339: [0mProperty 'notification' does not exist on type 'PrismaService'.
@swifta/backend:build: 
@swifta/backend:build: [7m17[0m       this.prisma.notification.count({ where: { userId } }),
@swifta/backend:build: [7m  [0m [91m                  ~~~~~~~~~~~~[0m
@swifta/backend:build: [96msrc/modules/notification/notification.service.ts[0m:[93m18[0m:[93m19[0m - [91merror[0m[90m TS2339: [0mProperty 'notification' does not exist on type 'PrismaService'.
@swifta/backend:build: 
@swifta/backend:build: [7m18[0m       this.prisma.notification.count({ where: { userId, isRead: false } }),
@swifta/backend:build: [7m  [0m [91m                  ~~~~~~~~~~~~[0m
@swifta/backend:build: [96msrc/modules/notification/notification.service.ts[0m:[93m24[0m:[93m37[0m - [91merror[0m[90m TS2339: [0mProperty 'notification' does not exist on type 'PrismaService'.
@swifta/backend:build: 
@swifta/backend:build: [7m24[0m     const count = await this.prisma.notification.count({
@swifta/backend:build: [7m  [0m [91m                                    ~~~~~~~~~~~~[0m
@swifta/backend:build: [96msrc/modules/notification/notification.service.ts[0m:[93m31[0m:[93m44[0m - [91merror[0m[90m TS2339: [0mProperty 'notification' does not exist on type 'PrismaService'.
@swifta/backend:build: 
@swifta/backend:build: [7m31[0m     const notification = await this.prisma.notification.findUnique({
@swifta/backend:build: [7m  [0m [91m                                           ~~~~~~~~~~~~[0m
@swifta/backend:build: [96msrc/modules/notification/notification.service.ts[0m:[93m39[0m:[93m24[0m - [91merror[0m[90m TS2339: [0mProperty 'notification' does not exist on type 'PrismaService'.
@swifta/backend:build: 
@swifta/backend:build: [7m39[0m     return this.prisma.notification.update({
@swifta/backend:build: [7m  [0m [91m                       ~~~~~~~~~~~~[0m
@swifta/backend:build: [96msrc/modules/notification/notification.service.ts[0m:[93m46[0m:[93m38[0m - [91merror[0m[90m TS2339: [0mProperty 'notification' does not exist on type 'PrismaService'.
@swifta/backend:build: 
@swifta/backend:build: [7m46[0m     const result = await this.prisma.notification.updateMany({
@swifta/backend:build: [7m  [0m [91m                                     ~~~~~~~~~~~~[0m
@swifta/backend:build: [96msrc/modules/order/dto/create-direct-order.dto.ts[0m:[93m11[0m:[93m10[0m - [91merror[0m[90m TS2305: [0mModule '"@prisma/client"' has no exported member 'DeliveryMethod'.
@swifta/backend:build: 
@swifta/backend:build: [7m11[0m import { DeliveryMethod } from "@prisma/client";
@swifta/backend:build: [7m  [0m [91m         ~~~~~~~~~~~~~~[0m
@swifta/backend:build: [96msrc/modules/order/invoice.service.ts[0m:[93m16[0m:[93m37[0m - [91merror[0m[90m TS2339: [0mProperty 'order' does not exist on type 'PrismaService'.
@swifta/backend:build: 
@swifta/backend:build: [7m16[0m     const order = await this.prisma.order.findUnique({
@swifta/backend:build: [7m  [0m [91m                                    ~~~~~[0m
@swifta/backend:build: [96msrc/modules/order/order.service.ts[0m:[93m69[0m:[93m39[0m - [91merror[0m[90m TS2339: [0mProperty 'product' does not exist on type 'PrismaService'.
@swifta/backend:build: 
@swifta/backend:build: [7m69[0m     const product = await this.prisma.product.findUnique({
@swifta/backend:build: [7m  [0m [91m                                      ~~~~~~~[0m
@swifta/backend:build: [96msrc/modules/order/order.service.ts[0m:[93m84[0m:[93m44[0m - [91merror[0m[90m TS2339: [0mProperty 'buyerProfile' does not exist on type 'PrismaService'.
@swifta/backend:build: 
@swifta/backend:build: [7m84[0m     const buyerProfile = await this.prisma.buyerProfile.findUnique({
@swifta/backend:build: [7m  [0m [91m                                           ~~~~~~~~~~~~[0m
@swifta/backend:build: [96msrc/modules/order/order.service.ts[0m:[93m105[0m:[93m25[0m - [91merror[0m[90m TS2339: [0mProperty 'productStockCache' does not exist on type 'PrismaService'.
@swifta/backend:build: 
@swifta/backend:build: [7m105[0m       await this.prisma.productStockCache.upsert({
@swifta/backend:build: [7m   [0m [91m                        ~~~~~~~~~~~~~~~~~[0m
@swifta/backend:build: [96msrc/modules/order/order.service.ts[0m:[93m153[0m:[93m37[0m - [91merror[0m[90m TS2339: [0mProperty '$transaction' does not exist on type 'PrismaService'.
@swifta/backend:build: 
@swifta/backend:build: [7m153[0m     const order = await this.prisma.$transaction(async (tx) => {
@swifta/backend:build: [7m   [0m [91m                                    ~~~~~~~~~~~~[0m
@swifta/backend:build: [96msrc/modules/order/order.service.ts[0m:[93m221[0m:[93m50[0m - [91merror[0m[90m TS2339: [0mProperty 'order' does not exist on type 'PrismaService'.
@swifta/backend:build: 
@swifta/backend:build: [7m221[0m       const orderWithDetails = await this.prisma.order.findUnique({
@swifta/backend:build: [7m   [0m [91m                                                 ~~~~~[0m
@swifta/backend:build: [96msrc/modules/order/order.service.ts[0m:[93m288[0m:[93m37[0m - [91merror[0m[90m TS2339: [0mProperty 'cartItem' does not exist on type 'PrismaService'.
@swifta/backend:build: 
@swifta/backend:build: [7m288[0m     const items = await this.prisma.cartItem.findMany({
@swifta/backend:build: [7m   [0m [91m                                    ~~~~~~~~[0m
@swifta/backend:build: [96msrc/modules/order/order.service.ts[0m:[93m328[0m:[93m23[0m - [91merror[0m[90m TS2339: [0mProperty 'buyerProfile' does not exist on type 'PrismaService'.
@swifta/backend:build: 
@swifta/backend:build: [7m328[0m     await this.prisma.buyerProfile.findUnique({
@swifta/backend:build: [7m   [0m [91m                      ~~~~~~~~~~~~[0m
@swifta/backend:build: [96msrc/modules/order/order.service.ts[0m:[93m358[0m:[93m27[0m - [91merror[0m[90m TS2339: [0mProperty 'productStockCache' does not exist on type 'PrismaService'.
@swifta/backend:build: 
@swifta/backend:build: [7m358[0m         await this.prisma.productStockCache.upsert({
@swifta/backend:build: [7m   [0m [91m                          ~~~~~~~~~~~~~~~~~[0m
@swifta/backend:build: [96msrc/modules/order/order.service.ts[0m:[93m424[0m:[93m37[0m - [91merror[0m[90m TS2339: [0mProperty '$transaction' does not exist on type 'PrismaService'.
@swifta/backend:build: 
@swifta/backend:build: [7m424[0m     const order = await this.prisma.$transaction(async (tx) => {
@swifta/backend:build: [7m   [0m [91m                                    ~~~~~~~~~~~~[0m
@swifta/backend:build: [96msrc/modules/order/order.service.ts[0m:[93m523[0m:[93m44[0m - [91merror[0m[90m TS2339: [0mProperty 'order' does not exist on type 'PrismaService'.
@swifta/backend:build: 
@swifta/backend:build: [7m523[0m     const updatedOrder = await this.prisma.order.update({
@swifta/backend:build: [7m   [0m [91m                                           ~~~~~[0m
@swifta/backend:build: [96msrc/modules/order/order.service.ts[0m:[93m528[0m:[93m23[0m - [91merror[0m[90m TS2339: [0mProperty 'orderEvent' does not exist on type 'PrismaService'.
@swifta/backend:build: 
@swifta/backend:build: [7m528[0m     await this.prisma.orderEvent.create({
@swifta/backend:build: [7m   [0m [91m                      ~~~~~~~~~~[0m
@swifta/backend:build: [96msrc/modules/order/order.service.ts[0m:[93m552[0m:[93m37[0m - [91merror[0m[90m TS2339: [0mProperty 'order' does not exist on type 'PrismaService'.
@swifta/backend:build: 
@swifta/backend:build: [7m552[0m     const order = await this.prisma.order.findUnique({
@swifta/backend:build: [7m   [0m [91m                                    ~~~~~[0m
@swifta/backend:build: [96msrc/modules/order/order.service.ts[0m:[93m563[0m:[93m44[0m - [91merror[0m[90m TS2339: [0mProperty 'order' does not exist on type 'PrismaService'.
@swifta/backend:build: 
@swifta/backend:build: [7m563[0m     const updatedOrder = await this.prisma.order.update({
@swifta/backend:build: [7m   [0m [91m                                           ~~~~~[0m
@swifta/backend:build: [96msrc/modules/order/order.service.ts[0m:[93m568[0m:[93m23[0m - [91merror[0m[90m TS2339: [0mProperty 'orderEvent' does not exist on type 'PrismaService'.
@swifta/backend:build: 
@swifta/backend:build: [7m568[0m     await this.prisma.orderEvent.create({
@swifta/backend:build: [7m   [0m [91m                      ~~~~~~~~~~[0m
@swifta/backend:build: [96msrc/modules/order/order.service.ts[0m:[93m587[0m:[93m37[0m - [91merror[0m[90m TS2339: [0mProperty 'order' does not exist on type 'PrismaService'.
@swifta/backend:build: 
@swifta/backend:build: [7m587[0m     const order = await this.prisma.order.findUnique({
@swifta/backend:build: [7m   [0m [91m                                    ~~~~~[0m
@swifta/backend:build: [96msrc/modules/order/order.service.ts[0m:[93m616[0m:[93m19[0m - [91merror[0m[90m TS2339: [0mProperty 'order' does not exist on type 'PrismaService'.
@swifta/backend:build: 
@swifta/backend:build: [7m616[0m       this.prisma.order,
@swifta/backend:build: [7m   [0m [91m                  ~~~~~[0m
@swifta/backend:build: [96msrc/modules/order/order.service.ts[0m:[93m632[0m:[93m19[0m - [91merror[0m[90m TS2339: [0mProperty 'order' does not exist on type 'PrismaService'.
@swifta/backend:build: 
@swifta/backend:build: [7m632[0m       this.prisma.order,
@swifta/backend:build: [7m   [0m [91m                  ~~~~~[0m
@swifta/backend:build: [96msrc/modules/order/order.service.ts[0m:[93m650[0m:[93m37[0m - [91merror[0m[90m TS2339: [0mProperty 'order' does not exist on type 'PrismaService'.
@swifta/backend:build: 
@swifta/backend:build: [7m650[0m     const order = await this.prisma.order.findUnique({
@swifta/backend:build: [7m   [0m [91m                                    ~~~~~[0m
@swifta/backend:build: [96msrc/modules/order/order.service.ts[0m:[93m674[0m:[93m23[0m - [91merror[0m[90m TS2339: [0mProperty '$transaction' does not exist on type 'PrismaService'.
@swifta/backend:build: 
@swifta/backend:build: [7m674[0m     await this.prisma.$transaction([
@swifta/backend:build: [7m   [0m [91m                      ~~~~~~~~~~~~[0m
@swifta/backend:build: [96msrc/modules/order/order.service.ts[0m:[93m675[0m:[93m19[0m - [91merror[0m[90m TS2339: [0mProperty 'order' does not exist on type 'PrismaService'.
@swifta/backend:build: 
@swifta/backend:build: [7m675[0m       this.prisma.order.update({
@swifta/backend:build: [7m   [0m [91m                  ~~~~~[0m
@swifta/backend:build: [96msrc/modules/order/order.service.ts[0m:[93m679[0m:[93m19[0m - [91merror[0m[90m TS2339: [0mProperty 'orderTracking' does not exist on type 'PrismaService'.
@swifta/backend:build: 
@swifta/backend:build: [7m679[0m       this.prisma.orderTracking.create({
@swifta/backend:build: [7m   [0m [91m                  ~~~~~~~~~~~~~[0m
@swifta/backend:build: [96msrc/modules/order/order.service.ts[0m:[93m715[0m:[93m37[0m - [91merror[0m[90m TS2339: [0mProperty 'order' does not exist on type 'PrismaService'.
@swifta/backend:build: 
@swifta/backend:build: [7m715[0m     const order = await this.prisma.order.findUnique({
@swifta/backend:build: [7m   [0m [91m                                    ~~~~~[0m
@swifta/backend:build: [96msrc/modules/order/order.service.ts[0m:[93m741[0m:[93m25[0m - [91merror[0m[90m TS2339: [0mProperty 'order' does not exist on type 'PrismaService'.
@swifta/backend:build: 
@swifta/backend:build: [7m741[0m       await this.prisma.order.update({
@swifta/backend:build: [7m   [0m [91m                        ~~~~~[0m
@swifta/backend:build: [96msrc/modules/order/order.service.ts[0m:[93m751[0m:[93m23[0m - [91merror[0m[90m TS2339: [0mProperty 'orderTracking' does not exist on type 'PrismaService'.
@swifta/backend:build: 
@swifta/backend:build: [7m751[0m     await this.prisma.orderTracking.create({
@swifta/backend:build: [7m   [0m [91m                      ~~~~~~~~~~~~~[0m
@swifta/backend:build: [96msrc/modules/order/order.service.ts[0m:[93m798[0m:[93m37[0m - [91merror[0m[90m TS2339: [0mProperty 'order' does not exist on type 'PrismaService'.
@swifta/backend:build: 
@swifta/backend:build: [7m798[0m     const order = await this.prisma.order.findUnique({
@swifta/backend:build: [7m   [0m [91m                                    ~~~~~[0m
@swifta/backend:build: [96msrc/modules/order/order.service.ts[0m:[93m808[0m:[93m24[0m - [91merror[0m[90m TS2339: [0mProperty 'orderTracking' does not exist on type 'PrismaService'.
@swifta/backend:build: 
@swifta/backend:build: [7m808[0m     return this.prisma.orderTracking.findMany({
@swifta/backend:build: [7m   [0m [91m                       ~~~~~~~~~~~~~[0m
@swifta/backend:build: [96msrc/modules/order/order.service.ts[0m:[93m819[0m:[93m37[0m - [91merror[0m[90m TS2339: [0mProperty 'order' does not exist on type 'PrismaService'.
@swifta/backend:build: 
@swifta/backend:build: [7m819[0m     const order = await this.prisma.order.findUnique({
@swifta/backend:build: [7m   [0m [91m                                    ~~~~~[0m
@swifta/backend:build: [96msrc/modules/order/order.service.ts[0m:[93m954[0m:[93m37[0m - [91merror[0m[90m TS2339: [0mProperty 'order' does not exist on type 'PrismaService'.
@swifta/backend:build: 
@swifta/backend:build: [7m954[0m     const order = await this.prisma.order.findUnique({
@swifta/backend:build: [7m   [0m [91m                                    ~~~~~[0m
@swifta/backend:build: [96msrc/modules/order/order.service.ts[0m:[93m1032[0m:[93m37[0m - [91merror[0m[90m TS2339: [0mProperty 'order' does not exist on type 'PrismaService'.
@swifta/backend:build: 
@swifta/backend:build: [7m1032[0m     const order = await this.prisma.order.findUnique({
@swifta/backend:build: [7m    [0m [91m                                    ~~~~~[0m
@swifta/backend:build: [96msrc/modules/order/order.service.ts[0m:[93m1049[0m:[93m44[0m - [91merror[0m[90m TS2339: [0mProperty 'order' does not exist on type 'PrismaService'.
@swifta/backend:build: 
@swifta/backend:build: [7m1049[0m     const updatedOrder = await this.prisma.order.update({
@swifta/backend:build: [7m    [0m [91m                                           ~~~~~[0m
@swifta/backend:build: [96msrc/modules/order/order.service.ts[0m:[93m1058[0m:[93m23[0m - [91merror[0m[90m TS2339: [0mProperty 'orderEvent' does not exist on type 'PrismaService'.
@swifta/backend:build: 
@swifta/backend:build: [7m1058[0m     await this.prisma.orderEvent.create({
@swifta/backend:build: [7m    [0m [91m                      ~~~~~~~~~~[0m
@swifta/backend:build: [96msrc/modules/order/order.service.ts[0m:[93m1089[0m:[93m37[0m - [91merror[0m[90m TS2339: [0mProperty 'order' does not exist on type 'PrismaService'.
@swifta/backend:build: 
@swifta/backend:build: [7m1089[0m     const order = await this.prisma.order.findUnique({
@swifta/backend:build: [7m    [0m [91m                                    ~~~~~[0m
@swifta/backend:build: [96msrc/modules/order/order.service.ts[0m:[93m1124[0m:[93m38[0m - [91merror[0m[90m TS2339: [0mProperty 'order' does not exist on type 'PrismaService'.
@swifta/backend:build: 
@swifta/backend:build: [7m1124[0m     const orders = await this.prisma.order.findMany({
@swifta/backend:build: [7m    [0m [91m                                     ~~~~~[0m
@swifta/backend:build: [96msrc/modules/order/order.service.ts[0m:[93m1168[0m:[93m40[0m - [91merror[0m[90m TS2339: [0mProperty 'merchantProfile' does not exist on type 'PrismaService'.
@swifta/backend:build: 
@swifta/backend:build: [7m1168[0m     const merchant = await this.prisma.merchantProfile.findUnique({
@swifta/backend:build: [7m    [0m [91m                                       ~~~~~~~~~~~~~~~[0m
@swifta/backend:build: [96msrc/modules/payment/payment.service.ts[0m:[93m52[0m:[93m37[0m - [91merror[0m[90m TS2339: [0mProperty 'order' does not exist on type 'PrismaService'.
@swifta/backend:build: 
@swifta/backend:build: [7m52[0m     const order = await this.prisma.order.findUnique({
@swifta/backend:build: [7m  [0m [91m                                    ~~~~~[0m
@swifta/backend:build: [96msrc/modules/payment/payment.service.ts[0m:[93m67[0m:[93m37[0m - [91merror[0m[90m TS2339: [0mProperty 'user' does not exist on type 'PrismaService'.
@swifta/backend:build: 
@swifta/backend:build: [7m67[0m     const buyer = await this.prisma.user.findUnique({
@swifta/backend:build: [7m  [0m [91m                                    ~~~~[0m
@swifta/backend:build: [96msrc/modules/payment/payment.service.ts[0m:[93m85[0m:[93m47[0m - [91merror[0m[90m TS2339: [0mProperty 'payment' does not exist on type 'PrismaService'.
@swifta/backend:build: 
@swifta/backend:build: [7m85[0m     const existingPayment = await this.prisma.payment.findFirst({
@swifta/backend:build: [7m  [0m [91m                                              ~~~~~~~[0m
@swifta/backend:build: [96msrc/modules/payment/payment.service.ts[0m:[93m110[0m:[93m25[0m - [91merror[0m[90m TS2339: [0mProperty 'payment' does not exist on type 'PrismaService'.
@swifta/backend:build: 
@swifta/backend:build: [7m110[0m       await this.prisma.payment.update({
@swifta/backend:build: [7m   [0m [91m                        ~~~~~~~[0m
@swifta/backend:build: [96msrc/modules/payment/payment.service.ts[0m:[93m135[0m:[93m39[0m - [91merror[0m[90m TS2339: [0mProperty '$transaction' does not exist on type 'PrismaService'.
@swifta/backend:build: 
@swifta/backend:build: [7m135[0m     const payment = await this.prisma.$transaction(async (tx) => {
@swifta/backend:build: [7m   [0m [91m                                      ~~~~~~~~~~~~[0m
@swifta/backend:build: [96msrc/modules/payment/payment.service.ts[0m:[93m208[0m:[93m39[0m - [91merror[0m[90m TS2339: [0mProperty 'payment' does not exist on type 'PrismaService'.
@swifta/backend:build: 
@swifta/backend:build: [7m208[0m     const payment = await this.prisma.payment.findUnique({
@swifta/backend:build: [7m   [0m [91m                                      ~~~~~~~[0m
@swifta/backend:build: [96msrc/modules/payment/payment.service.ts[0m:[93m249[0m:[93m38[0m - [91merror[0m[90m TS2339: [0mProperty 'payout' does not exist on type 'PrismaService'.
@swifta/backend:build: 
@swifta/backend:build: [7m249[0m     const payout = await this.prisma.payout.findFirst({
@swifta/backend:build: [7m   [0m [91m                                     ~~~~~~[0m
@swifta/backend:build: [96msrc/modules/payment/payment.service.ts[0m:[93m269[0m:[93m25[0m - [91merror[0m[90m TS2339: [0mProperty 'payout' does not exist on type 'PrismaService'.
@swifta/backend:build: 
@swifta/backend:build: [7m269[0m       await this.prisma.payout.update({
@swifta/backend:build: [7m   [0m [91m                        ~~~~~~[0m
@swifta/backend:build: [96msrc/modules/payment/payment.service.ts[0m:[93m277[0m:[93m25[0m - [91merror[0m[90m TS2339: [0mProperty 'order' does not exist on type 'PrismaService'.
@swifta/backend:build: 
@swifta/backend:build: [7m277[0m       await this.prisma.order.update({
@swifta/backend:build: Found 428 error(s).
@swifta/backend:build: 
@swifta/backend:build: [7m   [0m [91m                        ~~~~~[0m
@swifta/backend:build: [96msrc/modules/payment/payment.service.ts[0m:[93m289[0m:[93m25[0m - [91merror[0m[90m TS2339: [0mProperty 'payout' does not exist on type 'PrismaService'.
@swifta/backend:build: 
@swifta/backend:build: [7m289[0m       await this.prisma.payout.update({
@swifta/backend:build: [7m   [0m [91m                        ~~~~~~[0m
@swifta/backend:build: [96msrc/modules/payment/payment.service.ts[0m:[93m297[0m:[93m25[0m - [91merror[0m[90m TS2339: [0mProperty 'order' does not exist on type 'PrismaService'.
@swifta/backend:build: 
@swifta/backend:build: [7m297[0m       await this.prisma.order.update({
@swifta/backend:build: [7m   [0m [91m                        ~~~~~[0m
@swifta/backend:build: [96msrc/modules/payment/payment.service.ts[0m:[93m319[0m:[93m39[0m - [91merror[0m[90m TS2339: [0mProperty 'payment' does not exist on type 'PrismaService'.
@swifta/backend:build: 
@swifta/backend:build: [7m319[0m     const payment = await this.prisma.payment.findUnique({
@swifta/backend:build: [7m   [0m [91m                                      ~~~~~~~[0m
@swifta/backend:build: [96msrc/modules/payment/payment.service.ts[0m:[93m345[0m:[93m39[0m - [91merror[0m[90m TS2339: [0mProperty 'payment' does not exist on type 'PrismaService'.
@swifta/backend:build: 
@swifta/backend:build: [7m345[0m     const payment = await this.prisma.payment.findUnique({
@swifta/backend:build: [7m   [0m [91m                                      ~~~~~~~[0m
@swifta/backend:build: [96msrc/modules/payment/payment.service.ts[0m:[93m360[0m:[93m27[0m - [91merror[0m[90m TS2339: [0mProperty 'paymentEvent' does not exist on type 'PrismaService'.
@swifta/backend:build: 
@swifta/backend:build: [7m360[0m         await this.prisma.paymentEvent.create({
@swifta/backend:build: [7m   [0m [91m                          ~~~~~~~~~~~~[0m
@swifta/backend:build: [96msrc/modules/payment/payment.service.ts[0m:[93m376[0m:[93m25[0m - [91merror[0m[90m TS2339: [0mProperty '$transaction' does not exist on type 'PrismaService'.
@swifta/backend:build: 
@swifta/backend:build: [7m376[0m       await this.prisma.$transaction(async (tx) => {
@swifta/backend:build: [7m   [0m [91m                        ~~~~~~~~~~~~[0m
@swifta/backend:build: [96msrc/modules/payment/payment.service.ts[0m:[93m415[0m:[93m47[0m - [91merror[0m[90m TS2339: [0mProperty 'cartItem' does not exist on type 'PrismaService'.
@swifta/backend:build: 
@swifta/backend:build: [7m415[0m             const deleted = await this.prisma.cartItem.deleteMany({
@swifta/backend:build: [7m   [0m [91m                                              ~~~~~~~~[0m
@swifta/backend:build: [96msrc/modules/payment/payment.service.ts[0m:[93m428[0m:[93m43[0m - [91merror[0m[90m TS2339: [0mProperty 'order' does not exist on type 'PrismaService'.
@swifta/backend:build: 
@swifta/backend:build: [7m428[0m       const orderData = await this.prisma.order.findUnique({
@swifta/backend:build: [7m   [0m [91m                                          ~~~~~[0m
@swifta/backend:build: [96msrc/modules/payment/payment.service.ts[0m:[93m442[0m:[93m27[0m - [91merror[0m[90m TS2339: [0mProperty '$transaction' does not exist on type 'PrismaService'.
@swifta/backend:build: 
@swifta/backend:build: [7m442[0m         await this.prisma.$transaction(async (tx) => {
@swifta/backend:build: [7m   [0m [91m                          ~~~~~~~~~~~~[0m
@swifta/backend:build: [96msrc/modules/payment/payment.service.ts[0m:[93m546[0m:[93m25[0m - [91merror[0m[90m TS2339: [0mProperty '$transaction' does not exist on type 'PrismaService'.
@swifta/backend:build: 
@swifta/backend:build: [7m546[0m       await this.prisma.$transaction(async (tx) => {
@swifta/backend:build: [7m   [0m [91m                        ~~~~~~~~~~~~[0m
@swifta/backend:build: [96msrc/modules/payment/payment.service.ts[0m:[93m604[0m:[93m47[0m - [91merror[0m[90m TS2339: [0mProperty 'merchantProfile' does not exist on type 'PrismaService'.
@swifta/backend:build: 
@swifta/backend:build: [7m604[0m     const merchantProfile = await this.prisma.merchantProfile.findUnique({
@swifta/backend:build: [7m   [0m [91m                                              ~~~~~~~~~~~~~~~[0m
@swifta/backend:build: [96msrc/modules/payment/payment.service.ts[0m:[93m620[0m:[93m45[0m - [91merror[0m[90m TS2339: [0mProperty 'payoutRequest' does not exist on type 'PrismaService'.
@swifta/backend:build: 
@swifta/backend:build: [7m620[0m     const payoutRequest = await this.prisma.payoutRequest.create({
@swifta/backend:build: [7m   [0m [91m                                            ~~~~~~~~~~~~~[0m
@swifta/backend:build: [96msrc/modules/payment/payment.service.ts[0m:[93m632[0m:[93m38[0m - [91merror[0m[90m TS2339: [0mProperty 'user' does not exist on type 'PrismaService'.
@swifta/backend:build: 
@swifta/backend:build: [7m632[0m     const admins = await this.prisma.user.findMany({
@swifta/backend:build: [7m   [0m [91m                                     ~~~~[0m
@swifta/backend:build: [96msrc/modules/payout/payout.service.ts[0m:[93m19[0m:[93m37[0m - [91merror[0m[90m TS2339: [0mProperty 'order' does not exist on type 'PrismaService'.
@swifta/backend:build: 
@swifta/backend:build: [7m19[0m     const order = await this.prisma.order.findUnique({
@swifta/backend:build: [7m  [0m [91m                                    ~~~~~[0m
@swifta/backend:build: [96msrc/modules/payout/payout.service.ts[0m:[93m56[0m:[93m25[0m - [91merror[0m[90m TS2339: [0mProperty 'payout' does not exist on type 'PrismaService'.
@swifta/backend:build: 
@swifta/backend:build: [7m56[0m       await this.prisma.payout.create({
@swifta/backend:build: [7m  [0m [91m                        ~~~~~~[0m
@swifta/backend:build: [96msrc/modules/payout/payout.service.ts[0m:[93m69[0m:[93m38[0m - [91merror[0m[90m TS2339: [0mProperty 'payout' does not exist on type 'PrismaService'.
@swifta/backend:build: 
@swifta/backend:build: [7m69[0m     const payout = await this.prisma.payout.create({
@swifta/backend:build: [7m  [0m [91m                                     ~~~~~~[0m
@swifta/backend:build: [96msrc/modules/payout/payout.service.ts[0m:[93m91[0m:[93m25[0m - [91merror[0m[90m TS2339: [0mProperty 'payout' does not exist on type 'PrismaService'.
@swifta/backend:build: 
@swifta/backend:build: [7m91[0m       await this.prisma.payout.update({
@swifta/backend:build: [7m  [0m [91m                        ~~~~~~[0m
@swifta/backend:build: [96msrc/modules/payout/payout.service.ts[0m:[93m111[0m:[93m25[0m - [91merror[0m[90m TS2339: [0mProperty 'payout' does not exist on type 'PrismaService'.
@swifta/backend:build: 
@swifta/backend:build: [7m111[0m       await this.prisma.payout.update({
@swifta/backend:build: [7m   [0m [91m                        ~~~~~~[0m
@swifta/backend:build: [96msrc/modules/product/product.service.ts[0m:[93m33[0m:[93m40[0m - [91merror[0m[90m TS2339: [0mProperty 'merchantProfile' does not exist on type 'PrismaService'.
@swifta/backend:build: 
@swifta/backend:build: [7m33[0m     const merchant = await this.prisma.merchantProfile.findUnique({
@swifta/backend:build: [7m  [0m [91m                                       ~~~~~~~~~~~~~~~[0m
@swifta/backend:build: [96msrc/modules/product/product.service.ts[0m:[93m64[0m:[93m39[0m - [91merror[0m[90m TS2339: [0mProperty 'product' does not exist on type 'PrismaService'.
@swifta/backend:build: 
@swifta/backend:build: [7m64[0m     const product = await this.prisma.product.create({
@swifta/backend:build: [7m  [0m [91m                                      ~~~~~~~[0m
@swifta/backend:build: [96msrc/modules/product/product.service.ts[0m:[93m85[0m:[93m19[0m - [91merror[0m[90m TS2339: [0mProperty 'product' does not exist on type 'PrismaService'.
@swifta/backend:build: 
@swifta/backend:build: [7m85[0m       this.prisma.product,
@swifta/backend:build: [7m  [0m [91m                  ~~~~~~~[0m
@swifta/backend:build: [96msrc/modules/product/product.service.ts[0m:[93m123[0m:[93m19[0m - [91merror[0m[90m TS2339: [0mProperty 'product' does not exist on type 'PrismaService'.
@swifta/backend:build: 
@swifta/backend:build: [7m123[0m       this.prisma.product,
@swifta/backend:build: [7m   [0m [91m                  ~~~~~~~[0m
@swifta/backend:build: [96msrc/modules/product/product.service.ts[0m:[93m171[0m:[93m47[0m - [91merror[0m[90m TS2339: [0mProperty 'category' does not exist on type 'PrismaService'.
@swifta/backend:build: 
@swifta/backend:build: [7m171[0m       const foundCategory = await this.prisma.category.findFirst({
@swifta/backend:build: [7m   [0m [91m                                              ~~~~~~~~[0m
@swifta/backend:build: [96msrc/modules/product/product.service.ts[0m:[93m209[0m:[93m19[0m - [91merror[0m[90m TS2339: [0mProperty 'product' does not exist on type 'PrismaService'.
@swifta/backend:build: 
@swifta/backend:build: [7m209[0m       this.prisma.product,
@swifta/backend:build: [7m   [0m [91m                  ~~~~~~~[0m
@swifta/backend:build: [96msrc/modules/product/product.service.ts[0m:[93m250[0m:[93m41[0m - [91merror[0m[90m TS2339: [0mProperty 'follow' does not exist on type 'PrismaService'.
@swifta/backend:build: 
@swifta/backend:build: [7m250[0m     const following = await this.prisma.follow.findMany({
@swifta/backend:build: [7m   [0m [91m                                        ~~~~~~[0m
@swifta/backend:build: [96msrc/modules/product/product.service.ts[0m:[93m271[0m:[93m19[0m - [91merror[0m[90m TS2339: [0mProperty 'product' does not exist on type 'PrismaService'.
@swifta/backend:build: 
@swifta/backend:build: [7m271[0m       this.prisma.product,
@swifta/backend:build: [7m   [0m [91m                  ~~~~~~~[0m
@swifta/backend:build: [96msrc/modules/product/product.service.ts[0m:[93m310[0m:[93m39[0m - [91merror[0m[90m TS2339: [0mProperty 'product' does not exist on type 'PrismaService'.
@swifta/backend:build: 
@swifta/backend:build: [7m310[0m     const product = await this.prisma.product.findUnique({
@swifta/backend:build: [7m   [0m [91m                                      ~~~~~~~[0m
@swifta/backend:build: [96msrc/modules/product/product.service.ts[0m:[93m392[0m:[93m44[0m - [91merror[0m[90m TS2339: [0mProperty 'product' does not exist on type 'PrismaService'.
@swifta/backend:build: 
@swifta/backend:build: [7m392[0m         const existing = await this.prisma.product.findUnique({
@swifta/backend:build: [7m   [0m [91m                                           ~~~~~~~[0m
@swifta/backend:build: [96msrc/modules/product/product.service.ts[0m:[93m405[0m:[93m39[0m - [91merror[0m[90m TS2339: [0mProperty 'product' does not exist on type 'PrismaService'.
@swifta/backend:build: 
@swifta/backend:build: [7m405[0m     const updated = await this.prisma.product.update({
@swifta/backend:build: [7m   [0m [91m                                      ~~~~~~~[0m
@swifta/backend:build: [96msrc/modules/product/product.service.ts[0m:[93m415[0m:[93m39[0m - [91merror[0m[90m TS2339: [0mProperty 'product' does not exist on type 'PrismaService'.
@swifta/backend:build: 
@swifta/backend:build: [7m415[0m     const deleted = await this.prisma.product.update({
@swifta/backend:build: [7m   [0m [91m                                      ~~~~~~~[0m
@swifta/backend:build: [96msrc/modules/product/product.service.ts[0m:[93m424[0m:[93m39[0m - [91merror[0m[90m TS2339: [0mProperty 'product' does not exist on type 'PrismaService'.
@swifta/backend:build: 
@swifta/backend:build: [7m424[0m     const product = await this.prisma.product.findUnique({
@swifta/backend:build: [7m   [0m [91m                                      ~~~~~~~[0m
@swifta/backend:build: [96msrc/modules/product/product.service.ts[0m:[93m431[0m:[93m40[0m - [91merror[0m[90m TS2339: [0mProperty 'product' does not exist on type 'PrismaService'.
@swifta/backend:build: 
@swifta/backend:build: [7m431[0m     const restored = await this.prisma.product.update({
@swifta/backend:build: [7m   [0m [91m                                       ~~~~~~~[0m
@swifta/backend:build: [96msrc/modules/product/product.service.ts[0m:[93m440[0m:[93m39[0m - [91merror[0m[90m TS2339: [0mProperty 'product' does not exist on type 'PrismaService'.
@swifta/backend:build: 
@swifta/backend:build: [7m440[0m     const product = await this.prisma.product.findUnique({
@swifta/backend:build: [7m   [0m [91m                                      ~~~~~~~[0m
@swifta/backend:build: [96msrc/modules/product/product.service.ts[0m:[93m456[0m:[93m39[0m - [91merror[0m[90m TS2339: [0mProperty 'product' does not exist on type 'PrismaService'.
@swifta/backend:build: 
@swifta/backend:build: [7m456[0m     const product = await this.prisma.product.findFirst({
@swifta/backend:build: [7m   [0m [91m                                      ~~~~~~~[0m
@swifta/backend:build: [96msrc/modules/product/product.service.ts[0m:[93m483[0m:[93m24[0m - [91merror[0m[90m TS2339: [0mProperty 'productAssociation' does not exist on type 'PrismaService'.
@swifta/backend:build: 
@swifta/backend:build: [7m483[0m     return this.prisma.productAssociation.findMany({
@swifta/backend:build: [7m   [0m [91m                       ~~~~~~~~~~~~~~~~~~[0m
@swifta/backend:build: [96msrc/modules/reorder/reorder.service.ts[0m:[93m22[0m:[93m37[0m - [91merror[0m[90m TS2339: [0mProperty 'order' does not exist on type 'PrismaService'.
@swifta/backend:build: 
@swifta/backend:build: [7m22[0m     const order = await this.prisma.order.findUnique({
@swifta/backend:build: [7m  [0m [91m                                    ~~~~~[0m
@swifta/backend:build: [96msrc/modules/reorder/reorder.service.ts[0m:[93m43[0m:[93m40[0m - [91merror[0m[90m TS2339: [0mProperty 'reorderReminder' does not exist on type 'PrismaService'.
@swifta/backend:build: 
@swifta/backend:build: [7m43[0m     const existing = await this.prisma.reorderReminder.findUnique({
@swifta/backend:build: [7m  [0m [91m                                       ~~~~~~~~~~~~~~~[0m
@swifta/backend:build: [96msrc/modules/reorder/reorder.service.ts[0m:[93m51[0m:[93m23[0m - [91merror[0m[90m TS2339: [0mProperty 'reorderReminder' does not exist on type 'PrismaService'.
@swifta/backend:build: 
@swifta/backend:build: [7m51[0m     await this.prisma.reorderReminder.create({
@swifta/backend:build: [7m  [0m [91m                      ~~~~~~~~~~~~~~~[0m
@swifta/backend:build: [96msrc/modules/reorder/reorder.service.ts[0m:[93m70[0m:[93m41[0m - [91merror[0m[90m TS2339: [0mProperty 'reorderReminder' does not exist on type 'PrismaService'.
@swifta/backend:build: 
@swifta/backend:build: [7m70[0m     const reminders = await this.prisma.reorderReminder.findMany({
@swifta/backend:build: [7m  [0m [91m                                        ~~~~~~~~~~~~~~~[0m
@swifta/backend:build: [96msrc/modules/reorder/reorder.service.ts[0m:[93m87[0m:[93m49[0m - [91merror[0m[90m TS2339: [0mProperty 'order' does not exist on type 'PrismaService'.
@swifta/backend:build: 
@swifta/backend:build: [7m87[0m         const existingOrder = await this.prisma.order.findFirst({
@swifta/backend:build: [7m  [0m [91m                                                ~~~~~[0m
@swifta/backend:build: [96msrc/modules/reorder/reorder.service.ts[0m:[93m100[0m:[93m29[0m - [91merror[0m[90m TS2339: [0mProperty 'reorderReminder' does not exist on type 'PrismaService'.
@swifta/backend:build: 
@swifta/backend:build: [7m100[0m           await this.prisma.reorderReminder.update({
@swifta/backend:build: [7m   [0m [91m                            ~~~~~~~~~~~~~~~[0m
@swifta/backend:build: [96msrc/modules/reorder/reorder.service.ts[0m:[93m133[0m:[93m27[0m - [91merror[0m[90m TS2339: [0mProperty 'reorderReminder' does not exist on type 'PrismaService'.
@swifta/backend:build: 
@swifta/backend:build: [7m133[0m         await this.prisma.reorderReminder.update({
@swifta/backend:build: [7m   [0m [91m                          ~~~~~~~~~~~~~~~[0m
@swifta/backend:build: [96msrc/modules/reorder/reorder.service.ts[0m:[93m149[0m:[93m40[0m - [91merror[0m[90m TS2339: [0mProperty 'reorderReminder' does not exist on type 'PrismaService'.
@swifta/backend:build: 
@swifta/backend:build: [7m149[0m     const reminder = await this.prisma.reorderReminder.findUnique({
@swifta/backend:build: [7m   [0m [91m                                       ~~~~~~~~~~~~~~~[0m
@swifta/backend:build: [96msrc/modules/reorder/reorder.service.ts[0m:[93m166[0m:[93m24[0m - [91merror[0m[90m TS2339: [0mProperty 'reorderReminder' does not exist on type 'PrismaService'.
@swifta/backend:build: 
@swifta/backend:build: [7m166[0m     return this.prisma.reorderReminder.update({
@swifta/backend:build: [7m   [0m [91m                       ~~~~~~~~~~~~~~~[0m
@swifta/backend:build: [96msrc/modules/review/review.processor.ts[0m:[93m31[0m:[93m39[0m - [91merror[0m[90m TS2339: [0mProperty 'order' does not exist on type 'PrismaService'.
@swifta/backend:build: 
@swifta/backend:build: [7m31[0m       const order = await this.prisma.order.findUnique({
@swifta/backend:build: [7m  [0m [91m                                      ~~~~~[0m
@swifta/backend:build: [96msrc/modules/review/review.service.ts[0m:[93m22[0m:[93m37[0m - [91merror[0m[90m TS2339: [0mProperty 'order' does not exist on type 'PrismaService'.
@swifta/backend:build: 
@swifta/backend:build: [7m22[0m     const order = await this.prisma.order.findUnique({
@swifta/backend:build: [7m  [0m [91m                                    ~~~~~[0m
@swifta/backend:build: [96msrc/modules/review/review.service.ts[0m:[93m45[0m:[93m44[0m - [91merror[0m[90m TS2339: [0mProperty 'buyerProfile' does not exist on type 'PrismaService'.
@swifta/backend:build: 
@swifta/backend:build: [7m45[0m     const buyerProfile = await this.prisma.buyerProfile.findUnique({
@swifta/backend:build: [7m  [0m [91m                                           ~~~~~~~~~~~~[0m
@swifta/backend:build: [96msrc/modules/review/review.service.ts[0m:[93m50[0m:[93m38[0m - [91merror[0m[90m TS2339: [0mProperty '$transaction' does not exist on type 'PrismaService'.
@swifta/backend:build: 
@swifta/backend:build: [7m50[0m     const review = await this.prisma.$transaction(async (tx) => {
@swifta/backend:build: [7m  [0m [91m                                     ~~~~~~~~~~~~[0m
@swifta/backend:build: [96msrc/modules/review/review.service.ts[0m:[93m103[0m:[93m38[0m - [91merror[0m[90m TS2339: [0mProperty 'review' does not exist on type 'PrismaService'.
@swifta/backend:build: 
@swifta/backend:build: [7m103[0m     const review = await this.prisma.review.findUnique({
@swifta/backend:build: [7m   [0m [91m                                     ~~~~~~[0m
@swifta/backend:build: [96msrc/modules/review/review.service.ts[0m:[93m108[0m:[93m24[0m - [91merror[0m[90m TS2339: [0mProperty 'review' does not exist on type 'PrismaService'.
@swifta/backend:build: 
@swifta/backend:build: [7m108[0m     return this.prisma.review.update({
@swifta/backend:build: [7m   [0m [91m                       ~~~~~~[0m
@swifta/backend:build: [96msrc/modules/review/review.service.ts[0m:[93m116[0m:[93m39[0m - [91merror[0m[90m TS2339: [0mProperty 'review' does not exist on type 'PrismaService'.
@swifta/backend:build: 
@swifta/backend:build: [7m116[0m     const reviews = await this.prisma.review.findMany({
@swifta/backend:build: [7m   [0m [91m                                      ~~~~~~[0m
@swifta/backend:build: [96msrc/modules/review/review.service.ts[0m:[93m148[0m:[93m24[0m - [91merror[0m[90m TS2339: [0mProperty 'review' does not exist on type 'PrismaService'.
@swifta/backend:build: 
@swifta/backend:build: [7m148[0m     return this.prisma.review.findUnique({
@swifta/backend:build: [7m   [0m [91m                       ~~~~~~[0m
@swifta/backend:build: [96msrc/modules/supplier/supplier.service.ts[0m:[93m31[0m:[93m40[0m - [91merror[0m[90m TS2339: [0mProperty 'product' does not exist on type 'PrismaService'.
@swifta/backend:build: 
@swifta/backend:build: [7m31[0m     const products = await this.prisma.product.findMany({
@swifta/backend:build: [7m  [0m [91m                                       ~~~~~~~[0m
@swifta/backend:build: [96msrc/modules/supplier/supplier.service.ts[0m:[93m49[0m:[93m43[0m - [91merror[0m[90m TS2339: [0mProperty 'supplierProduct' does not exist on type 'PrismaService'.
@swifta/backend:build: 
@swifta/backend:build: [7m49[0m     const allProducts = await this.prisma.supplierProduct.findMany({
@swifta/backend:build: [7m  [0m [91m                                          ~~~~~~~~~~~~~~~[0m
@swifta/backend:build: [96msrc/modules/supplier/supplier.service.ts[0m:[93m80[0m:[93m39[0m - [91merror[0m[90m TS2339: [0mProperty 'supplierProfile' does not exist on type 'PrismaService'.
@swifta/backend:build: 
@swifta/backend:build: [7m80[0m     const profile = await this.prisma.supplierProfile.findUnique({
@swifta/backend:build: [7m  [0m [91m                                      ~~~~~~~~~~~~~~~[0m
@swifta/backend:build: [96msrc/modules/supplier/supplier.service.ts[0m:[93m89[0m:[93m39[0m - [91merror[0m[90m TS2339: [0mProperty 'supplierProfile' does not exist on type 'PrismaService'.
@swifta/backend:build: 
@swifta/backend:build: [7m89[0m     const profile = await this.prisma.supplierProfile.findUnique({
@swifta/backend:build: [7m  [0m [91m                                      ~~~~~~~~~~~~~~~[0m
@swifta/backend:build: [96msrc/modules/supplier/supplier.service.ts[0m:[93m97[0m:[93m24[0m - [91merror[0m[90m TS2339: [0mProperty 'supplierProduct' does not exist on type 'PrismaService'.
@swifta/backend:build: 
@swifta/backend:build: [7m97[0m     return this.prisma.supplierProduct.create({
@swifta/backend:build: [7m  [0m [91m                       ~~~~~~~~~~~~~~~[0m
@swifta/backend:build: [96msrc/modules/supplier/supplier.service.ts[0m:[93m111[0m:[93m39[0m - [91merror[0m[90m TS2339: [0mProperty 'supplierProfile' does not exist on type 'PrismaService'.
@swifta/backend:build: 
@swifta/backend:build: [7m111[0m     const profile = await this.prisma.supplierProfile.findUnique({
@swifta/backend:build: [7m   [0m [91m                                      ~~~~~~~~~~~~~~~[0m
@swifta/backend:build: [96msrc/modules/supplier/supplier.service.ts[0m:[93m116[0m:[93m24[0m - [91merror[0m[90m TS2339: [0mProperty 'supplierProduct' does not exist on type 'PrismaService'.
@swifta/backend:build: 
@swifta/backend:build: [7m116[0m     return this.prisma.supplierProduct.findMany({
@swifta/backend:build: [7m   [0m [91m                       ~~~~~~~~~~~~~~~[0m
@swifta/backend:build: [96msrc/modules/supplier/supplier.service.ts[0m:[93m127[0m:[93m39[0m - [91merror[0m[90m TS2339: [0mProperty 'supplierProfile' does not exist on type 'PrismaService'.
@swifta/backend:build: 
@swifta/backend:build: [7m127[0m     const profile = await this.prisma.supplierProfile.findUnique({
@swifta/backend:build: [7m   [0m [91m                                      ~~~~~~~~~~~~~~~[0m
@swifta/backend:build: [96msrc/modules/supplier/supplier.service.ts[0m:[93m132[0m:[93m39[0m - [91merror[0m[90m TS2339: [0mProperty 'supplierProduct' does not exist on type 'PrismaService'.
@swifta/backend:build: 
@swifta/backend:build: [7m132[0m     const product = await this.prisma.supplierProduct.findFirst({
@swifta/backend:build: [7m   [0m [91m                                      ~~~~~~~~~~~~~~~[0m
@swifta/backend:build: [96msrc/modules/supplier/supplier.service.ts[0m:[93m137[0m:[93m24[0m - [91merror[0m[90m TS2339: [0mProperty 'supplierProduct' does not exist on type 'PrismaService'.
@swifta/backend:build: 
@swifta/backend:build: [7m137[0m     return this.prisma.supplierProduct.update({
@swifta/backend:build: [7m   [0m [91m                       ~~~~~~~~~~~~~~~[0m
@swifta/backend:build: [96msrc/modules/supplier/supplier.service.ts[0m:[93m149[0m:[93m24[0m - [91merror[0m[90m TS2339: [0mProperty 'supplierProduct' does not exist on type 'PrismaService'.
@swifta/backend:build: 
@swifta/backend:build: [7m149[0m     return this.prisma.supplierProduct.findMany({
@swifta/backend:build: [7m   [0m [91m                       ~~~~~~~~~~~~~~~[0m
@swifta/backend:build: [96msrc/modules/supplier/supplier.service.ts[0m:[93m169[0m:[93m39[0m - [91merror[0m[90m TS2339: [0mProperty 'supplierProfile' does not exist on type 'PrismaService'.
@swifta/backend:build: 
@swifta/backend:build: [7m169[0m     const profile = await this.prisma.supplierProfile.findUnique({
@swifta/backend:build: [7m   [0m [91m                                      ~~~~~~~~~~~~~~~[0m
@swifta/backend:build: [96msrc/modules/supplier/supplier.service.ts[0m:[93m174[0m:[93m44[0m - [91merror[0m[90m TS2339: [0mProperty 'supplierProduct' does not exist on type 'PrismaService'.
@swifta/backend:build: 
@swifta/backend:build: [7m174[0m     const productCount = await this.prisma.supplierProduct.count({
@swifta/backend:build: [7m   [0m [91m                                           ~~~~~~~~~~~~~~~[0m
@swifta/backend:build: [96msrc/modules/supplier/supplier.service.ts[0m:[93m178[0m:[93m44[0m - [91merror[0m[90m TS2339: [0mProperty 'order' does not exist on type 'PrismaService'.
@swifta/backend:build: 
@swifta/backend:build: [7m178[0m     const activeOrders = await this.prisma.order.count({
@swifta/backend:build: [7m   [0m [91m                                           ~~~~~[0m
@swifta/backend:build: [96msrc/modules/supplier/supplier.service.ts[0m:[93m187[0m:[93m39[0m - [91merror[0m[90m TS2339: [0mProperty 'order' does not exist on type 'PrismaService'.
@swifta/backend:build: 
@swifta/backend:build: [7m187[0m     const revenue = await this.prisma.order.aggregate({
@swifta/backend:build: [7m   [0m [91m                                      ~~~~~[0m
@swifta/backend:build: [96msrc/modules/supplier/supplier.service.ts[0m:[93m206[0m:[93m39[0m - [91merror[0m[90m TS2339: [0mProperty 'supplierProduct' does not exist on type 'PrismaService'.
@swifta/backend:build: 
@swifta/backend:build: [7m206[0m     const product = await this.prisma.supplierProduct.findUnique({
@swifta/backend:build: [7m   [0m [91m                                      ~~~~~~~~~~~~~~~[0m
@swifta/backend:build: [96msrc/modules/supplier/supplier.service.ts[0m:[93m225[0m:[93m37[0m - [91merror[0m[90m TS2339: [0mProperty '$transaction' does not exist on type 'PrismaService'.
@swifta/backend:build: 
@swifta/backend:build: [7m225[0m     const order = await this.prisma.$transaction(async (tx) => {
@swifta/backend:build: [7m   [0m [91m                                    ~~~~~~~~~~~~[0m
@swifta/backend:build: [96msrc/modules/supplier/supplier.service.ts[0m:[93m269[0m:[93m25[0m - [91merror[0m[90m TS2339: [0mProperty 'order' does not exist on type 'PrismaService'.
@swifta/backend:build: 
@swifta/backend:build: [7m269[0m       await this.prisma.order.delete({ where: { id: order.id } });
@swifta/backend:build: [7m   [0m [91m                        ~~~~~[0m
@swifta/backend:build: [96msrc/modules/supplier/supplier.service.ts[0m:[93m277[0m:[93m39[0m - [91merror[0m[90m TS2339: [0mProperty 'user' does not exist on type 'PrismaService'.
@swifta/backend:build: 
@swifta/backend:build: [7m277[0m       const buyer = await this.prisma.user.findUnique({
@swifta/backend:build: [7m   [0m [91m                                      ~~~~[0m
@swifta/backend:build: [96msrc/modules/trade-financing/trade-financing.controller.ts[0m:[93m6[0m:[93m10[0m - [91merror[0m[90m TS2305: [0mModule '"@prisma/client"' has no exported member 'UserRole'.
@swifta/backend:build: 
@swifta/backend:build: [7m6[0m import { UserRole } from "@prisma/client";
@swifta/backend:build: [7m [0m [91m         ~~~~~~~~[0m
@swifta/backend:build: [96msrc/modules/trade-financing/trade-financing.service.ts[0m:[93m15[0m:[93m10[0m - [91merror[0m[90m TS2305: [0mModule '"@prisma/client"' has no exported member 'VerificationTier'.
@swifta/backend:build: 
@swifta/backend:build: [7m15[0m import { VerificationTier } from "@prisma/client";
@swifta/backend:build: [7m  [0m [91m         ~~~~~~~~~~~~~~~~[0m
@swifta/backend:build: [96msrc/modules/trade-financing/trade-financing.service.ts[0m:[93m30[0m:[93m40[0m - [91merror[0m[90m TS2339: [0mProperty 'merchantProfile' does not exist on type 'PrismaService'.
@swifta/backend:build: 
@swifta/backend:build: [7m30[0m     const merchant = await this.prisma.merchantProfile.findUnique({
@swifta/backend:build: [7m  [0m [91m                                       ~~~~~~~~~~~~~~~[0m
@swifta/backend:build: [96msrc/modules/trade-financing/trade-financing.service.ts[0m:[93m144[0m:[93m37[0m - [91merror[0m[90m TS2339: [0mProperty 'order' does not exist on type 'PrismaService'.
@swifta/backend:build: 
@swifta/backend:build: [7m144[0m     const order = await this.prisma.order.findUnique({
@swifta/backend:build: [7m   [0m [91m                                    ~~~~~[0m
@swifta/backend:build: [96msrc/modules/trade-financing/trade-financing.service.ts[0m:[93m206[0m:[93m50[0m - [91merror[0m[90m TS2339: [0mProperty 'creditApplication' does not exist on type 'PrismaService'.
@swifta/backend:build: 
@swifta/backend:build: [7m206[0m     const pendingApplication = await this.prisma.creditApplication.create({
@swifta/backend:build: [7m   [0m [91m                                                 ~~~~~~~~~~~~~~~~~[0m
@swifta/backend:build: [96msrc/modules/trade-financing/trade-financing.service.ts[0m:[93m233[0m:[93m25[0m - [91merror[0m[90m TS2339: [0mProperty 'creditApplication' does not exist on type 'PrismaService'.
@swifta/backend:build: 
@swifta/backend:build: [7m233[0m       await this.prisma.creditApplication.update({
@swifta/backend:build: [7m   [0m [91m                        ~~~~~~~~~~~~~~~~~[0m
@swifta/backend:build: [96msrc/modules/trade-financing/trade-financing.service.ts[0m:[93m243[0m:[93m24[0m - [91merror[0m[90m TS2339: [0mProperty '$transaction' does not exist on type 'PrismaService'.
@swifta/backend:build: 
@swifta/backend:build: [7m243[0m     return this.prisma.$transaction(async (tx) => {
@swifta/backend:build: [7m   [0m [91m                       ~~~~~~~~~~~~[0m
@swifta/backend:build: [96msrc/modules/trade-financing/trade-financing.service.ts[0m:[93m278[0m:[93m40[0m - [91merror[0m[90m TS2339: [0mProperty 'merchantProfile' does not exist on type 'PrismaService'.
@swifta/backend:build: 
@swifta/backend:build: [7m278[0m     const merchant = await this.prisma.merchantProfile.findUnique({
@swifta/backend:build: [7m   [0m [91m                                       ~~~~~~~~~~~~~~~[0m
@swifta/backend:build: [96msrc/modules/trade-financing/trade-financing.service.ts[0m:[93m287[0m:[93m24[0m - [91merror[0m[90m TS2339: [0mProperty 'creditApplication' does not exist on type 'PrismaService'.
@swifta/backend:build: 
@swifta/backend:build: [7m287[0m     return this.prisma.creditApplication.findMany({
@swifta/backend:build: [7m   [0m [91m                       ~~~~~~~~~~~~~~~~~[0m
@swifta/backend:build: [96msrc/modules/trade-financing/trade-financing.service.ts[0m:[93m303[0m:[93m38[0m - [91merror[0m[90m TS2339: [0mProperty 'user' does not exist on type 'PrismaService'.
@swifta/backend:build: 
@swifta/backend:build: [7m303[0m       const user = await this.prisma.user.findUnique({
@swifta/backend:build: [7m   [0m [91m                                     ~~~~[0m
@swifta/backend:build: [96msrc/modules/trade-financing/trade-financing.service.ts[0m:[93m316[0m:[93m25[0m - [91merror[0m[90m TS2339: [0mProperty 'bnplWaitlist' does not exist on type 'PrismaService'.
@swifta/backend:build: 
@swifta/backend:build: [7m316[0m       await this.prisma.bnplWaitlist.create({
@swifta/backend:build: [7m   [0m [91m                        ~~~~~~~~~~~~[0m
@swifta/backend:build: [96msrc/modules/verification/verification.service.ts[0m:[93m26[0m:[93m40[0m - [91merror[0m[90m TS2339: [0mProperty 'merchantProfile' does not exist on type 'PrismaService'.
@swifta/backend:build: 
@swifta/backend:build: [7m26[0m     const merchant = await this.prisma.merchantProfile.findUnique({
@swifta/backend:build: [7m  [0m [91m                                       ~~~~~~~~~~~~~~~[0m
@swifta/backend:build: [96msrc/modules/verification/verification.service.ts[0m:[93m39[0m:[93m39[0m - [91merror[0m[90m TS2339: [0mProperty '$transaction' does not exist on type 'PrismaService'.
@swifta/backend:build: 
@swifta/backend:build: [7m39[0m     const request = await this.prisma.$transaction(async (tx) => {
@swifta/backend:build: [7m  [0m [91m                                      ~~~~~~~~~~~~[0m
@swifta/backend:build: [96msrc/modules/verification/verification.service.ts[0m:[93m69[0m:[93m40[0m - [91merror[0m[90m TS2339: [0mProperty 'adminProfile' does not exist on type 'PrismaService'.
@swifta/backend:build: 
@swifta/backend:build: [7m69[0m       const admins = await this.prisma.adminProfile.findMany({
@swifta/backend:build: [7m  [0m [91m                                       ~~~~~~~~~~~~[0m
@swifta/backend:build: [96msrc/modules/verification/verification.service.ts[0m:[93m89[0m:[93m40[0m - [91merror[0m[90m TS2339: [0mProperty 'merchantProfile' does not exist on type 'PrismaService'.
@swifta/backend:build: 
@swifta/backend:build: [7m89[0m     const merchant = await this.prisma.merchantProfile.findUnique({
@swifta/backend:build: [7m  [0m [91m                                       ~~~~~~~~~~~~~~~[0m
@swifta/backend:build: [96msrc/modules/verification/verification.service.ts[0m:[93m99[0m:[93m46[0m - [91merror[0m[90m TS2339: [0mProperty 'verificationRequest' does not exist on type 'PrismaService'.
@swifta/backend:build: 
@swifta/backend:build: [7m99[0m     const pendingRequest = await this.prisma.verificationRequest.findFirst({
@swifta/backend:build: [7m  [0m [91m                                             ~~~~~~~~~~~~~~~~~~~[0m
@swifta/backend:build: [96msrc/modules/verification/verification.service.ts[0m:[93m118[0m:[93m19[0m - [91merror[0m[90m TS2339: [0mProperty 'verificationRequest' does not exist on type 'PrismaService'.
@swifta/backend:build: 
@swifta/backend:build: [7m118[0m       this.prisma.verificationRequest.findMany({
@swifta/backend:build: [7m   [0m [91m                  ~~~~~~~~~~~~~~~~~~~[0m
@swifta/backend:build: [96msrc/modules/verification/verification.service.ts[0m:[93m136[0m:[93m19[0m - [91merror[0m[90m TS2339: [0mProperty 'verificationRequest' does not exist on type 'PrismaService'.
@swifta/backend:build: 
@swifta/backend:build: [7m136[0m       this.prisma.verificationRequest.count({
@swifta/backend:build: [7m   [0m [91m                  ~~~~~~~~~~~~~~~~~~~[0m
@swifta/backend:build: [96msrc/modules/verification/verification.service.ts[0m:[93m158[0m:[93m39[0m - [91merror[0m[90m TS2339: [0mProperty 'verificationRequest' does not exist on type 'PrismaService'.
@swifta/backend:build: 
@swifta/backend:build: [7m158[0m     const request = await this.prisma.verificationRequest.findUnique({
@swifta/backend:build: [7m   [0m [91m                                      ~~~~~~~~~~~~~~~~~~~[0m
@swifta/backend:build: [96msrc/modules/verification/verification.service.ts[0m:[93m181[0m:[93m25[0m - [91merror[0m[90m TS2339: [0mProperty 'verificationRequest' does not exist on type 'PrismaService'.
@swifta/backend:build: 
@swifta/backend:build: [7m181[0m       await this.prisma.verificationRequest.update({
@swifta/backend:build: [7m   [0m [91m                        ~~~~~~~~~~~~~~~~~~~[0m
@swifta/backend:build: [96msrc/modules/verification/verification.service.ts[0m:[93m218[0m:[93m19[0m - [91merror[0m[90m TS2339: [0mProperty 'order' does not exist on type 'PrismaService'.
@swifta/backend:build: 
@swifta/backend:build: [7m218[0m       this.prisma.order.count({
@swifta/backend:build: [7m   [0m [91m                  ~~~~~[0m
@swifta/backend:build: [96msrc/modules/verification/verification.service.ts[0m:[93m224[0m:[93m19[0m - [91merror[0m[90m TS2339: [0mProperty 'order' does not exist on type 'PrismaService'.
@swifta/backend:build: 
@swifta/backend:build: [7m224[0m       this.prisma.order.count({
@swifta/backend:build: [7m   [0m [91m                  ~~~~~[0m
@swifta/backend:build: [96msrc/modules/verification/verification.service.ts[0m:[93m235[0m:[93m40[0m - [91merror[0m[90m TS2339: [0mProperty '$transaction' does not exist on type 'PrismaService'.
@swifta/backend:build: 
@swifta/backend:build: [7m235[0m     const txResult = await this.prisma.$transaction(async (tx) => {
@swifta/backend:build: [7m   [0m [91m                                       ~~~~~~~~~~~~[0m
@swifta/backend:build: [96msrc/modules/verification/verification.service.ts[0m:[93m311[0m:[93m40[0m - [91merror[0m[90m TS2339: [0mProperty 'merchantProfile' does not exist on type 'PrismaService'.
@swifta/backend:build: 
@swifta/backend:build: [7m311[0m     const merchant = await this.prisma.merchantProfile.findUnique({
@swifta/backend:build: [7m   [0m [91m                                       ~~~~~~~~~~~~~~~[0m
@swifta/backend:build: [96msrc/modules/verification/verification.service.ts[0m:[93m323[0m:[93m38[0m - [91merror[0m[90m TS2339: [0mProperty 'user' does not exist on type 'PrismaService'.
@swifta/backend:build: 
@swifta/backend:build: [7m323[0m       const user = await this.prisma.user.findUnique({
@swifta/backend:build: [7m   [0m [91m                                     ~~~~[0m
@swifta/backend:build: [96msrc/modules/verification/verification.service.ts[0m:[93m330[0m:[93m27[0m - [91merror[0m[90m TS2339: [0mProperty 'merchantProfile' does not exist on type 'PrismaService'.
@swifta/backend:build: 
@swifta/backend:build: [7m330[0m         await this.prisma.merchantProfile.update({
@swifta/backend:build: [7m   [0m [91m                          ~~~~~~~~~~~~~~~[0m
@swifta/backend:build: [96msrc/modules/verification/verification.service.ts[0m:[93m356[0m:[93m49[0m - [91merror[0m[90m TS2339: [0mProperty 'verificationRequest' does not exist on type 'PrismaService'.
@swifta/backend:build: 
@swifta/backend:build: [7m356[0m       const hasApprovedDocs = await this.prisma.verificationRequest.findFirst({
@swifta/backend:build: [7m   [0m [91m                                                ~~~~~~~~~~~~~~~~~~~[0m
@swifta/backend:build: [96msrc/modules/verification/verification.service.ts[0m:[93m364[0m:[93m21[0m - [91merror[0m[90m TS2339: [0mProperty 'order' does not exist on type 'PrismaService'.
@swifta/backend:build: 
@swifta/backend:build: [7m364[0m         this.prisma.order.count({
@swifta/backend:build: [7m   [0m [91m                    ~~~~~[0m
@swifta/backend:build: [96msrc/modules/verification/verification.service.ts[0m:[93m367[0m:[93m21[0m - [91merror[0m[90m TS2339: [0mProperty 'order' does not exist on type 'PrismaService'.
@swifta/backend:build: 
@swifta/backend:build: [7m367[0m         this.prisma.order.count({
@swifta/backend:build: [7m   [0m [91m                    ~~~~~[0m
@swifta/backend:build: [96msrc/modules/verification/verification.service.ts[0m:[93m373[0m:[93m27[0m - [91merror[0m[90m TS2339: [0mProperty 'merchantProfile' does not exist on type 'PrismaService'.
@swifta/backend:build: 
@swifta/backend:build: [7m373[0m         await this.prisma.merchantProfile.update({
@swifta/backend:build: [7m   [0m [91m                          ~~~~~~~~~~~~~~~[0m
@swifta/backend:build: [96msrc/modules/whatsapp/image-search.service.ts[0m:[93m299[0m:[93m24[0m - [91merror[0m[90m TS2339: [0mProperty 'product' does not exist on type 'PrismaService'.
@swifta/backend:build: 
@swifta/backend:build: [7m299[0m     return this.prisma.product.findMany({
@swifta/backend:build: [7m   [0m [91m                       ~~~~~~~[0m
@swifta/backend:build: [96msrc/modules/whatsapp/whatsapp-auth.service.ts[0m:[93m65[0m:[93m38[0m - [91merror[0m[90m TS2339: [0mProperty 'whatsAppLink' does not exist on type 'PrismaService'.
@swifta/backend:build: 
@swifta/backend:build: [7m65[0m       const link = await this.prisma.whatsAppLink.findUnique({
@swifta/backend:build: [7m  [0m [91m                                     ~~~~~~~~~~~~[0m
@swifta/backend:build: [96msrc/modules/whatsapp/whatsapp-auth.service.ts[0m:[93m92[0m:[93m38[0m - [91merror[0m[90m TS2339: [0mProperty 'whatsAppSupplierLink' does not exist on type 'PrismaService'.
@swifta/backend:build: 
@swifta/backend:build: [7m92[0m       const link = await this.prisma.whatsAppSupplierLink.findUnique({
@swifta/backend:build: [7m  [0m [91m                                     ~~~~~~~~~~~~~~~~~~~~[0m
@swifta/backend:build: [96msrc/modules/whatsapp/whatsapp-auth.service.ts[0m:[93m200[0m:[93m36[0m - [91merror[0m[90m TS2339: [0mProperty 'user' does not exist on type 'PrismaService'.
@swifta/backend:build: 
@swifta/backend:build: [7m200[0m     const user = await this.prisma.user.findUnique({
@swifta/backend:build: [7m   [0m [91m                                   ~~~~[0m
@swifta/backend:build: [96msrc/modules/whatsapp/whatsapp-auth.service.ts[0m:[93m229[0m:[93m38[0m - [91merror[0m[90m TS2339: [0mProperty 'whatsAppLink' does not exist on type 'PrismaService'.
@swifta/backend:build: 
@swifta/backend:build: [7m229[0m       const link = await this.prisma.whatsAppLink.findUnique({
@swifta/backend:build: [7m   [0m [91m                                     ~~~~~~~~~~~~[0m
@swifta/backend:build: [96msrc/modules/whatsapp/whatsapp-auth.service.ts[0m:[93m234[0m:[93m38[0m - [91merror[0m[90m TS2339: [0mProperty 'whatsAppBuyerLink' does not exist on type 'PrismaService'.
@swifta/backend:build: 
@swifta/backend:build: [7m234[0m       const link = await this.prisma.whatsAppBuyerLink.findUnique({
@swifta/backend:build: [7m   [0m [91m                                     ~~~~~~~~~~~~~~~~~[0m
@swifta/backend:build: [96msrc/modules/whatsapp/whatsapp-auth.service.ts[0m:[93m239[0m:[93m41[0m - [91merror[0m[90m TS2339: [0mProperty 'supplierProfile' does not exist on type 'PrismaService'.
@swifta/backend:build: 
@swifta/backend:build: [7m239[0m       const profile = await this.prisma.supplierProfile.findUnique({
@swifta/backend:build: [7m   [0m [91m                                        ~~~~~~~~~~~~~~~[0m
@swifta/backend:build: [96msrc/modules/whatsapp/whatsapp-auth.service.ts[0m:[93m244[0m:[93m38[0m - [91merror[0m[90m TS2339: [0mProperty 'whatsAppSupplierLink' does not exist on type 'PrismaService'.
@swifta/backend:build: 
@swifta/backend:build: [7m244[0m       const link = await this.prisma.whatsAppSupplierLink.findUnique({
@swifta/backend:build: [7m   [0m [91m                                     ~~~~~~~~~~~~~~~~~~~~[0m
@swifta/backend:build: [96msrc/modules/whatsapp/whatsapp-auth.service.ts[0m:[93m318[0m:[93m27[0m - [91merror[0m[90m TS2339: [0mProperty 'whatsAppLink' does not exist on type 'PrismaService'.
@swifta/backend:build: 
@swifta/backend:build: [7m318[0m         await this.prisma.whatsAppLink.upsert({
@swifta/backend:build: [7m   [0m [91m                          ~~~~~~~~~~~~[0m
@swifta/backend:build: [96msrc/modules/whatsapp/whatsapp-auth.service.ts[0m:[93m324[0m:[93m27[0m - [91merror[0m[90m TS2339: [0mProperty 'whatsAppBuyerLink' does not exist on type 'PrismaService'.
@swifta/backend:build: 
@swifta/backend:build: [7m324[0m         await this.prisma.whatsAppBuyerLink.upsert({
@swifta/backend:build: [7m   [0m [91m                          ~~~~~~~~~~~~~~~~~[0m
@swifta/backend:build: [96msrc/modules/whatsapp/whatsapp-auth.service.ts[0m:[93m330[0m:[93m27[0m - [91merror[0m[90m TS2339: [0mProperty 'whatsAppSupplierLink' does not exist on type 'PrismaService'.
@swifta/backend:build: 
@swifta/backend:build: [7m330[0m         await this.prisma.whatsAppSupplierLink.upsert({
@swifta/backend:build: [7m   [0m [91m                          ~~~~~~~~~~~~~~~~~~~~[0m
@swifta/backend:build: [96msrc/modules/whatsapp/whatsapp-buyer-auth.service.ts[0m:[93m61[0m:[93m38[0m - [91merror[0m[90m TS2339: [0mProperty 'whatsAppBuyerLink' does not exist on type 'PrismaService'.
@swifta/backend:build: 
@swifta/backend:build: [7m61[0m       const link = await this.prisma.whatsAppBuyerLink.findUnique({
@swifta/backend:build: [7m  [0m [91m                                     ~~~~~~~~~~~~~~~~~[0m
@swifta/backend:build: [96msrc/modules/whatsapp/whatsapp-buyer-auth.service.ts[0m:[93m127[0m:[93m36[0m - [91merror[0m[90m TS2339: [0mProperty 'user' does not exist on type 'PrismaService'.
@swifta/backend:build: 
@swifta/backend:build: [7m127[0m     const user = await this.prisma.user.findUnique({
@swifta/backend:build: [7m   [0m [91m                                   ~~~~[0m
@swifta/backend:build: [96msrc/modules/whatsapp/whatsapp-buyer-auth.service.ts[0m:[93m141[0m:[93m44[0m - [91merror[0m[90m TS2339: [0mProperty 'whatsAppBuyerLink' does not exist on type 'PrismaService'.
@swifta/backend:build: 
@swifta/backend:build: [7m141[0m     const existingLink = await this.prisma.whatsAppBuyerLink.findUnique({
@swifta/backend:build: [7m   [0m [91m                                           ~~~~~~~~~~~~~~~~~[0m
@swifta/backend:build: [96msrc/modules/whatsapp/whatsapp-buyer-auth.service.ts[0m:[93m202[0m:[93m27[0m - [91merror[0m[90m TS2339: [0mProperty 'whatsAppBuyerLink' does not exist on type 'PrismaService'.
@swifta/backend:build: 
@swifta/backend:build: [7m202[0m         await this.prisma.whatsAppBuyerLink.findUnique({
@swifta/backend:build: [7m   [0m [91m                          ~~~~~~~~~~~~~~~~~[0m
@swifta/backend:build: [96msrc/modules/whatsapp/whatsapp-buyer-auth.service.ts[0m:[93m213[0m:[93m25[0m - [91merror[0m[90m TS2339: [0mProperty 'whatsAppBuyerLink' does not exist on type 'PrismaService'.
@swifta/backend:build: 
@swifta/backend:build: [7m213[0m       await this.prisma.whatsAppBuyerLink.upsert({
@swifta/backend:build: [7m   [0m [91m                        ~~~~~~~~~~~~~~~~~[0m
@swifta/backend:build: [96msrc/modules/whatsapp/whatsapp-buyer.service.ts[0m:[93m312[0m:[93m41[0m - [91merror[0m[90m TS2339: [0mProperty 'product' does not exist on type 'PrismaService'.
@swifta/backend:build: 
@swifta/backend:build: [7m312[0m       const product = await this.prisma.product.findFirst({
@swifta/backend:build: [7m   [0m [91m                                        ~~~~~~~[0m
@swifta/backend:build: [96msrc/modules/whatsapp/whatsapp-buyer.service.ts[0m:[93m523[0m:[93m39[0m - [91merror[0m[90m TS2339: [0mProperty 'buyerProfile' does not exist on type 'PrismaService'.
@swifta/backend:build: 
@swifta/backend:build: [7m523[0m     const profile = await this.prisma.buyerProfile.findUnique({
@swifta/backend:build: [7m   [0m [91m                                      ~~~~~~~~~~~~[0m
@swifta/backend:build: [96msrc/modules/whatsapp/whatsapp-buyer.service.ts[0m:[93m538[0m:[93m40[0m - [91merror[0m[90m TS2339: [0mProperty 'product' does not exist on type 'PrismaService'.
@swifta/backend:build: 
@swifta/backend:build: [7m538[0m     const products = await this.prisma.product.findMany({
@swifta/backend:build: [7m   [0m [91m                                       ~~~~~~~[0m
@swifta/backend:build: [96msrc/modules/whatsapp/whatsapp-buyer.service.ts[0m:[93m614[0m:[93m42[0m - [91merror[0m[90m TS2339: [0mProperty 'category' does not exist on type 'PrismaService'.
@swifta/backend:build: 
@swifta/backend:build: [7m614[0m     const categories = await this.prisma.category.findMany({
@swifta/backend:build: [7m   [0m [91m                                         ~~~~~~~~[0m
@swifta/backend:build: [96msrc/modules/whatsapp/whatsapp-buyer.service.ts[0m:[93m681[0m:[93m40[0m - [91merror[0m[90m TS2339: [0mProperty '$queryRaw' does not exist on type 'PrismaService'.
@swifta/backend:build: 
@swifta/backend:build: [7m681[0m     const products = await this.prisma.$queryRaw<any[]>`
@swifta/backend:build: [7m   [0m [91m                                       ~~~~~~~~~[0m
@swifta/backend:build: [96msrc/modules/whatsapp/whatsapp-buyer.service.ts[0m:[93m705[0m:[93m39[0m - [91merror[0m[90m TS2339: [0mProperty 'buyerProfile' does not exist on type 'PrismaService'.
@swifta/backend:build: 
@swifta/backend:build: [7m705[0m     const profile = await this.prisma.buyerProfile.findUnique({
@swifta/backend:build: [7m   [0m [91m                                      ~~~~~~~~~~~~[0m
@swifta/backend:build: [96msrc/modules/whatsapp/whatsapp-buyer.service.ts[0m:[93m752[0m:[93m38[0m - [91merror[0m[90m TS2339: [0mProperty 'order' does not exist on type 'PrismaService'.
@swifta/backend:build: 
@swifta/backend:build: [7m752[0m     const orders = await this.prisma.order.findMany({
@swifta/backend:build: [7m   [0m [91m                                     ~~~~~[0m
@swifta/backend:build: [96msrc/modules/whatsapp/whatsapp-buyer.service.ts[0m:[93m795[0m:[93m38[0m - [91merror[0m[90m TS2339: [0mProperty 'order' does not exist on type 'PrismaService'.
@swifta/backend:build: 
@swifta/backend:build: [7m795[0m     const orders = await this.prisma.order.findMany({
@swifta/backend:build: [7m   [0m [91m                                     ~~~~~[0m
@swifta/backend:build: [96msrc/modules/whatsapp/whatsapp-buyer.service.ts[0m:[93m846[0m:[93m38[0m - [91merror[0m[90m TS2339: [0mProperty '$queryRaw' does not exist on type 'PrismaService'.
@swifta/backend:build: 
@swifta/backend:build: [7m846[0m     const orders = await this.prisma.$queryRaw<any[]>`
@swifta/backend:build: [7m   [0m [91m                                     ~~~~~~~~~[0m
@swifta/backend:build: [96msrc/modules/whatsapp/whatsapp-buyer.service.ts[0m:[93m1019[0m:[93m38[0m - [91merror[0m[90m TS2339: [0mProperty '$queryRaw' does not exist on type 'PrismaService'.
@swifta/backend:build: 
@swifta/backend:build: [7m1019[0m     const orders = await this.prisma.$queryRaw<any[]>`
@swifta/backend:build: [7m    [0m [91m                                     ~~~~~~~~~[0m
@swifta/backend:build: [96msrc/modules/whatsapp/whatsapp-buyer.service.ts[0m:[93m1036[0m:[93m41[0m - [91merror[0m[90m TS2339: [0mProperty 'order' does not exist on type 'PrismaService'.
@swifta/backend:build: 
@swifta/backend:build: [7m1036[0m     const fullOrder = await this.prisma.order.findUnique({
@swifta/backend:build: [7m    [0m [91m                                        ~~~~~[0m
@swifta/backend:build: [96msrc/modules/whatsapp/whatsapp-buyer.service.ts[0m:[93m1059[0m:[93m38[0m - [91merror[0m[90m TS2339: [0mProperty '$queryRaw' does not exist on type 'PrismaService'.
@swifta/backend:build: 
@swifta/backend:build: [7m1059[0m     const orders = await this.prisma.$queryRaw<any[]>`
@swifta/backend:build: [7m    [0m [91m                                     ~~~~~~~~~[0m
@swifta/backend:build: [96msrc/modules/whatsapp/whatsapp-buyer.service.ts[0m:[93m1076[0m:[93m41[0m - [91merror[0m[90m TS2339: [0mProperty 'order' does not exist on type 'PrismaService'.
@swifta/backend:build: 
@swifta/backend:build: [7m1076[0m     const fullOrder = await this.prisma.order.findUnique({
@swifta/backend:build: [7m    [0m [91m                                        ~~~~~[0m
@swifta/backend:build: [96msrc/modules/whatsapp/whatsapp-buyer.service.ts[0m:[93m1105[0m:[93m40[0m - [91merror[0m[90m TS2339: [0mProperty 'category' does not exist on type 'PrismaService'.
@swifta/backend:build: 
@swifta/backend:build: [7m1105[0m     const category = await this.prisma.category.findFirst({
@swifta/backend:build: [7m    [0m [91m                                       ~~~~~~~~[0m
@swifta/backend:build: [96msrc/modules/whatsapp/whatsapp-buyer.service.ts[0m:[93m1122[0m:[93m39[0m - [91merror[0m[90m TS2339: [0mProperty 'buyerProfile' does not exist on type 'PrismaService'.
@swifta/backend:build: 
@swifta/backend:build: [7m1122[0m     const profile = await this.prisma.buyerProfile.findUnique({
@swifta/backend:build: [7m    [0m [91m                                      ~~~~~~~~~~~~[0m
@swifta/backend:build: [96msrc/modules/whatsapp/whatsapp-buyer.service.ts[0m:[93m1127[0m:[93m40[0m - [91merror[0m[90m TS2339: [0mProperty 'product' does not exist on type 'PrismaService'.
@swifta/backend:build: 
@swifta/backend:build: [7m1127[0m     const products = await this.prisma.product.findMany({
@swifta/backend:build: [7m    [0m [91m                                       ~~~~~~~[0m
@swifta/backend:build: [96msrc/modules/whatsapp/whatsapp-onboarding.service.ts[0m:[93m60[0m:[93m41[0m - [91merror[0m[90m TS2339: [0mProperty 'onboardingSession' does not exist on type 'PrismaService'.
@swifta/backend:build: 
@swifta/backend:build: [7m60[0m       const session = await this.prisma.onboardingSession.findUnique({
@swifta/backend:build: [7m  [0m [91m                                        ~~~~~~~~~~~~~~~~~[0m
@swifta/backend:build: [96msrc/modules/whatsapp/whatsapp-onboarding.service.ts[0m:[93m109[0m:[93m27[0m - [91merror[0m[90m TS2339: [0mProperty 'onboardingSession' does not exist on type 'PrismaService'.
@swifta/backend:build: 
@swifta/backend:build: [7m109[0m         await this.prisma.onboardingSession.delete({
@swifta/backend:build: [7m   [0m [91m                          ~~~~~~~~~~~~~~~~~[0m
@swifta/backend:build: [96msrc/modules/whatsapp/whatsapp-onboarding.service.ts[0m:[93m186[0m:[93m23[0m - [91merror[0m[90m TS2339: [0mProperty 'onboardingSession' does not exist on type 'PrismaService'.
@swifta/backend:build: 
@swifta/backend:build: [7m186[0m     await this.prisma.onboardingSession.upsert({
@swifta/backend:build: [7m   [0m [91m                      ~~~~~~~~~~~~~~~~~[0m
@swifta/backend:build: [96msrc/modules/whatsapp/whatsapp-onboarding.service.ts[0m:[93m258[0m:[93m27[0m - [91merror[0m[90m TS2339: [0mProperty 'onboardingSession' does not exist on type 'PrismaService'.
@swifta/backend:build: 
@swifta/backend:build: [7m258[0m         await this.prisma.onboardingSession.delete({
@swifta/backend:build: [7m   [0m [91m                          ~~~~~~~~~~~~~~~~~[0m
@swifta/backend:build: [96msrc/modules/whatsapp/whatsapp-onboarding.service.ts[0m:[93m388[0m:[93m44[0m - [91merror[0m[90m TS2339: [0mProperty 'user' does not exist on type 'PrismaService'.
@swifta/backend:build: 
@swifta/backend:build: [7m388[0m     const existingUser = await this.prisma.user.findUnique({
@swifta/backend:build: [7m   [0m [91m                                           ~~~~[0m
@swifta/backend:build: [96msrc/modules/whatsapp/whatsapp-onboarding.service.ts[0m:[93m466[0m:[93m25[0m - [91merror[0m[90m TS2339: [0mProperty 'onboardingSession' does not exist on type 'PrismaService'.
@swifta/backend:build: 
@swifta/backend:build: [7m466[0m       await this.prisma.onboardingSession.delete({
@swifta/backend:build: [7m   [0m [91m                        ~~~~~~~~~~~~~~~~~[0m
@swifta/backend:build: [96msrc/modules/whatsapp/whatsapp-onboarding.service.ts[0m:[93m484[0m:[93m27[0m - [91merror[0m[90m TS2339: [0mProperty 'onboardingSession' does not exist on type 'PrismaService'.
@swifta/backend:build: 
@swifta/backend:build: [7m484[0m         await this.prisma.onboardingSession.delete({
@swifta/backend:build: [7m   [0m [91m                          ~~~~~~~~~~~~~~~~~[0m
@swifta/backend:build: [96msrc/modules/whatsapp/whatsapp-onboarding.service.ts[0m:[93m526[0m:[93m25[0m - [91merror[0m[90m TS2339: [0mProperty '$transaction' does not exist on type 'PrismaService'.
@swifta/backend:build: 
@swifta/backend:build: [7m526[0m       await this.prisma.$transaction(async (tx) => {
@swifta/backend:build: [7m   [0m [91m                        ~~~~~~~~~~~~[0m
@swifta/backend:build: [96msrc/modules/whatsapp/whatsapp-onboarding.service.ts[0m:[93m600[0m:[93m27[0m - [91merror[0m[90m TS2339: [0mProperty 'onboardingSession' does not exist on type 'PrismaService'.
@swifta/backend:build: 
@swifta/backend:build: [7m600[0m         await this.prisma.onboardingSession.delete({
@swifta/backend:build: [7m   [0m [91m                          ~~~~~~~~~~~~~~~~~[0m
@swifta/backend:build: [96msrc/modules/whatsapp/whatsapp-onboarding.service.ts[0m:[93m688[0m:[93m27[0m - [91merror[0m[90m TS2339: [0mProperty 'onboardingSession' does not exist on type 'PrismaService'.
@swifta/backend:build: 
@swifta/backend:build: [7m688[0m         await this.prisma.onboardingSession.delete({
@swifta/backend:build: [7m   [0m [91m                          ~~~~~~~~~~~~~~~~~[0m
@swifta/backend:build: [96msrc/modules/whatsapp/whatsapp-onboarding.service.ts[0m:[93m769[0m:[93m44[0m - [91merror[0m[90m TS2339: [0mProperty 'user' does not exist on type 'PrismaService'.
@swifta/backend:build: 
@swifta/backend:build: [7m769[0m     const existingUser = await this.prisma.user.findUnique({
@swifta/backend:build: [7m   [0m [91m                                           ~~~~[0m
@swifta/backend:build: [96msrc/modules/whatsapp/whatsapp-onboarding.service.ts[0m:[93m845[0m:[93m25[0m - [91merror[0m[90m TS2339: [0mProperty 'onboardingSession' does not exist on type 'PrismaService'.
@swifta/backend:build: 
@swifta/backend:build: [7m845[0m       await this.prisma.onboardingSession.delete({
@swifta/backend:build: [7m   [0m [91m                        ~~~~~~~~~~~~~~~~~[0m
@swifta/backend:build: [96msrc/modules/whatsapp/whatsapp-onboarding.service.ts[0m:[93m863[0m:[93m27[0m - [91merror[0m[90m TS2339: [0mProperty 'onboardingSession' does not exist on type 'PrismaService'.
@swifta/backend:build: 
@swifta/backend:build: [7m863[0m         await this.prisma.onboardingSession.delete({
@swifta/backend:build: [7m   [0m [91m                          ~~~~~~~~~~~~~~~~~[0m
@swifta/backend:build: [96msrc/modules/whatsapp/whatsapp-onboarding.service.ts[0m:[93m1180[0m:[93m25[0m - [91merror[0m[90m TS2339: [0mProperty '$transaction' does not exist on type 'PrismaService'.
@swifta/backend:build: 
@swifta/backend:build: [7m1180[0m       await this.prisma.$transaction(async (tx) => {
@swifta/backend:build: [7m    [0m [91m                        ~~~~~~~~~~~~[0m
@swifta/backend:build: [96msrc/modules/whatsapp/whatsapp-onboarding.service.ts[0m:[93m1270[0m:[93m27[0m - [91merror[0m[90m TS2339: [0mProperty 'onboardingSession' does not exist on type 'PrismaService'.
@swifta/backend:build: 
@swifta/backend:build: [7m1270[0m         await this.prisma.onboardingSession.delete({
@swifta/backend:build: [7m    [0m [91m                          ~~~~~~~~~~~~~~~~~[0m
@swifta/backend:build: [96msrc/modules/whatsapp/whatsapp-onboarding.service.ts[0m:[93m1376[0m:[93m23[0m - [91merror[0m[90m TS2339: [0mProperty 'onboardingSession' does not exist on type 'PrismaService'.
@swifta/backend:build: 
@swifta/backend:build: [7m1376[0m     await this.prisma.onboardingSession.update({
@swifta/backend:build: [7m    [0m [91m                      ~~~~~~~~~~~~~~~~~[0m
@swifta/backend:build: [96msrc/modules/whatsapp/whatsapp-supplier.service.ts[0m:[93m152[0m:[93m40[0m - [91merror[0m[90m TS2339: [0mProperty 'supplierProduct' does not exist on type 'PrismaService'.
@swifta/backend:build: 
@swifta/backend:build: [7m152[0m     const products = await this.prisma.supplierProduct.findMany({
@swifta/backend:build: [7m   [0m [91m                                       ~~~~~~~~~~~~~~~[0m
@swifta/backend:build: [96msrc/modules/whatsapp/whatsapp-supplier.service.ts[0m:[93m275[0m:[93m38[0m - [91merror[0m[90m TS2339: [0mProperty 'order' does not exist on type 'PrismaService'.
@swifta/backend:build: 
@swifta/backend:build: [7m275[0m     const orders = await this.prisma.order.findMany({
@swifta/backend:build: [7m   [0m [91m                                     ~~~~~[0m
@swifta/backend:build: [96msrc/modules/whatsapp/whatsapp-supplier.service.ts[0m:[93m288[0m:[93m45[0m - [91merror[0m[90m TS2339: [0mProperty 'order' does not exist on type 'PrismaService'.
@swifta/backend:build: 
@swifta/backend:build: [7m288[0m     const pendingOrders = await this.prisma.order.count({
@swifta/backend:build: [7m   [0m [91m                                            ~~~~~[0m
@swifta/backend:build: [96msrc/modules/whatsapp/whatsapp-supplier.service.ts[0m:[93m308[0m:[93m38[0m - [91merror[0m[90m TS2339: [0mProperty 'order' does not exist on type 'PrismaService'.
@swifta/backend:build: 
@swifta/backend:build: [7m308[0m     const orders = await this.prisma.order.findMany({
@swifta/backend:build: [7m   [0m [91m                                     ~~~~~[0m
@swifta/backend:build: [96msrc/modules/whatsapp/whatsapp-supplier.service.ts[0m:[93m344[0m:[93m40[0m - [91merror[0m[90m TS2339: [0mProperty 'supplierProduct' does not exist on type 'PrismaService'.
@swifta/backend:build: 
@swifta/backend:build: [7m344[0m     const products = await this.prisma.supplierProduct.findMany({
@swifta/backend:build: [7m   [0m [91m                                       ~~~~~~~~~~~~~~~[0m
@swifta/backend:build: [96msrc/modules/whatsapp/whatsapp-supplier.service.ts[0m:[93m388[0m:[93m39[0m - [91merror[0m[90m TS2339: [0mProperty 'supplierProduct' does not exist on type 'PrismaService'.
@swifta/backend:build: 
@swifta/backend:build: [7m388[0m     const product = await this.prisma.supplierProduct.findFirst({
@swifta/backend:build: [7m   [0m [91m                                      ~~~~~~~~~~~~~~~[0m
@swifta/backend:build: [96msrc/modules/whatsapp/whatsapp-supplier.service.ts[0m:[93m404[0m:[93m25[0m - [91merror[0m[90m TS2339: [0mProperty 'supplierProduct' does not exist on type 'PrismaService'.
@swifta/backend:build: 
@swifta/backend:build: [7m404[0m       await this.prisma.supplierProduct.update({
@swifta/backend:build: [7m   [0m [91m                        ~~~~~~~~~~~~~~~[0m
@swifta/backend:build: [96msrc/modules/whatsapp/whatsapp-supplier.service.ts[0m:[93m424[0m:[93m39[0m - [91merror[0m[90m TS2339: [0mProperty 'payout' does not exist on type 'PrismaService'.
@swifta/backend:build: 
@swifta/backend:build: [7m424[0m     const payouts = await this.prisma.payout.findMany({
@swifta/backend:build: [7m   [0m [91m                                      ~~~~~~[0m
@swifta/backend:build: [96msrc/modules/whatsapp/whatsapp-supplier.service.ts[0m:[93m461[0m:[93m44[0m - [91merror[0m[90m TS2339: [0mProperty 'order' does not exist on type 'PrismaService'.
@swifta/backend:build: 
@swifta/backend:build: [7m461[0m     const activeOrders = await this.prisma.order.findMany({
@swifta/backend:build: [7m   [0m [91m                                           ~~~~~[0m
@swifta/backend:build: [96msrc/modules/whatsapp/whatsapp-supplier.service.ts[0m:[93m492[0m:[93m25[0m - [91merror[0m[90m TS2339: [0mProperty 'order' does not exist on type 'PrismaService'.
@swifta/backend:build: 
@swifta/backend:build: [7m492[0m       await this.prisma.order.update({
@swifta/backend:build: [7m   [0m [91m                        ~~~~~[0m
@swifta/backend:build: [96msrc/modules/whatsapp/whatsapp.service.ts[0m:[93m288[0m:[93m42[0m - [91merror[0m[90m TS2339: [0mProperty 'product' does not exist on type 'PrismaService'.
@swifta/backend:build: 
@swifta/backend:build: [7m288[0m       const products = await this.prisma.product.findMany({
@swifta/backend:build: [7m   [0m [91m                                         ~~~~~~~[0m
@swifta/backend:build: [96msrc/modules/whatsapp/whatsapp.service.ts[0m:[93m311[0m:[93m42[0m - [91merror[0m[90m TS2339: [0mProperty 'product' does not exist on type 'PrismaService'.
@swifta/backend:build: 
@swifta/backend:build: [7m311[0m       const products = await this.prisma.product.findMany({
@swifta/backend:build: [7m   [0m [91m                                         ~~~~~~~[0m
@swifta/backend:build: [96msrc/modules/whatsapp/whatsapp.service.ts[0m:[93m344[0m:[93m42[0m - [91merror[0m[90m TS2339: [0mProperty 'product' does not exist on type 'PrismaService'.
@swifta/backend:build: 
@swifta/backend:build: [7m344[0m       const products = await this.prisma.product.findMany({
@swifta/backend:build: [7m   [0m [91m                                         ~~~~~~~[0m
@swifta/backend:build: [96msrc/modules/whatsapp/whatsapp.service.ts[0m:[93m365[0m:[93m40[0m - [91merror[0m[90m TS2339: [0mProperty 'order' does not exist on type 'PrismaService'.
@swifta/backend:build: 
@swifta/backend:build: [7m365[0m       const orders = await this.prisma.order.findMany({
@swifta/backend:build: [7m   [0m [91m                                       ~~~~~[0m
@swifta/backend:build: [96msrc/modules/whatsapp/whatsapp.service.ts[0m:[93m644[0m:[93m38[0m - [91merror[0m[90m TS2339: [0mProperty 'order' does not exist on type 'PrismaService'.
@swifta/backend:build: 
@swifta/backend:build: [7m644[0m     const orders = await this.prisma.order.findMany({
@swifta/backend:build: [7m   [0m [91m                                     ~~~~~[0m
@swifta/backend:build: [96msrc/modules/whatsapp/whatsapp.service.ts[0m:[93m697[0m:[93m42[0m - [91merror[0m[90m TS2339: [0mProperty 'product' does not exist on type 'PrismaService'.
@swifta/backend:build: 
@swifta/backend:build: [7m697[0m       const products = await this.prisma.product.findMany({
@swifta/backend:build: [7m   [0m [91m                                         ~~~~~~~[0m
@swifta/backend:build: [96msrc/modules/whatsapp/whatsapp.service.ts[0m:[93m734[0m:[93m40[0m - [91merror[0m[90m TS2339: [0mProperty 'product' does not exist on type 'PrismaService'.
@swifta/backend:build: 
@swifta/backend:build: [7m734[0m     const products = await this.prisma.product.findMany({
@swifta/backend:build: [7m   [0m [91m                                       ~~~~~~~[0m
@swifta/backend:build: [96msrc/modules/whatsapp/whatsapp.service.ts[0m:[93m785[0m:[93m39[0m - [91merror[0m[90m TS2339: [0mProperty 'product' does not exist on type 'PrismaService'.
@swifta/backend:build: 
@swifta/backend:build: [7m785[0m     const product = await this.prisma.product.findFirst({
@swifta/backend:build: [7m   [0m [91m                                      ~~~~~~~[0m
@swifta/backend:build: [96msrc/modules/whatsapp/whatsapp.service.ts[0m:[93m884[0m:[93m38[0m - [91merror[0m[90m TS2339: [0mProperty 'order' does not exist on type 'PrismaService'.
@swifta/backend:build: 
@swifta/backend:build: [7m884[0m     const orders = await this.prisma.order.findMany({
@swifta/backend:build: [7m   [0m [91m                                     ~~~~~[0m
@swifta/backend:build: [96msrc/modules/whatsapp/whatsapp.service.ts[0m:[93m935[0m:[93m44[0m - [91merror[0m[90m TS2339: [0mProperty 'order' does not exist on type 'PrismaService'.
@swifta/backend:build: 
@swifta/backend:build: [7m935[0m     const activeOrders = await this.prisma.order.findMany({
@swifta/backend:build: [7m   [0m [91m                                           ~~~~~[0m
@swifta/backend:build: [96msrc/modules/whatsapp/whatsapp.service.ts[0m:[93m988[0m:[93m44[0m - [91merror[0m[90m TS2339: [0mProperty 'order' does not exist on type 'PrismaService'.
@swifta/backend:build: 
@swifta/backend:build: [7m988[0m     const activeOrders = await this.prisma.order.findMany({
@swifta/backend:build: [7m   [0m [91m                                           ~~~~~[0m
@swifta/backend:build: [96msrc/modules/whatsapp/whatsapp.service.ts[0m:[93m1068[0m:[93m42[0m - [91merror[0m[90m TS2339: [0mProperty 'merchantProfile' does not exist on type 'PrismaService'.
@swifta/backend:build: 
@swifta/backend:build: [7m1068[0m       const merchant = await this.prisma.merchantProfile.findUnique({
@swifta/backend:build: [7m    [0m [91m                                         ~~~~~~~~~~~~~~~[0m
@swifta/backend:build: [96msrc/modules/whatsapp/whatsapp.service.ts[0m:[93m1132[0m:[93m38[0m - [91merror[0m[90m TS2339: [0mProperty 'product' does not exist on type 'PrismaService'.
@swifta/backend:build: 
@swifta/backend:build: [7m1132[0m     const target = await this.prisma.product.findFirst({
@swifta/backend:build: [7m    [0m [91m                                     ~~~~~~~[0m
@swifta/backend:build: [96msrc/modules/whatsapp/whatsapp.service.ts[0m:[93m1178[0m:[93m38[0m - [91merror[0m[90m TS2339: [0mProperty 'whatsAppLink' does not exist on type 'PrismaService'.
@swifta/backend:build: 
@swifta/backend:build: [7m1178[0m       const link = await this.prisma.whatsAppLink.findFirst({
@swifta/backend:build: [7m    [0m [91m                                     ~~~~~~~~~~~~[0m
@swifta/backend:build: [96msrc/modules/whatsapp/whatsapp.service.ts[0m:[93m1219[0m:[93m38[0m - [91merror[0m[90m TS2339: [0mProperty 'whatsAppLink' does not exist on type 'PrismaService'.
@swifta/backend:build: 
@swifta/backend:build: [7m1219[0m       const link = await this.prisma.whatsAppLink.findFirst({
@swifta/backend:build: [7m    [0m [91m                                     ~~~~~~~~~~~~[0m
@swifta/backend:build: [96msrc/modules/whatsapp/whatsapp.service.ts[0m:[93m1258[0m:[93m38[0m - [91merror[0m[90m TS2339: [0mProperty 'whatsAppLink' does not exist on type 'PrismaService'.
@swifta/backend:build: 
@swifta/backend:build: [7m1258[0m       const link = await this.prisma.whatsAppLink.findFirst({
@swifta/backend:build: [7m    [0m [91m                                     ~~~~~~~~~~~~[0m
@swifta/backend:build: [96msrc/modules/whatsapp/whatsapp.service.ts[0m:[93m1290[0m:[93m38[0m - [91merror[0m[90m TS2339: [0mProperty 'whatsAppLink' does not exist on type 'PrismaService'.
@swifta/backend:build: 
@swifta/backend:build: [7m1290[0m       const link = await this.prisma.whatsAppLink.findFirst({
@swifta/backend:build: [7m    [0m [91m                                     ~~~~~~~~~~~~[0m
@swifta/backend:build: [96msrc/modules/whatsapp/whatsapp.service.ts[0m:[93m1321[0m:[93m38[0m - [91merror[0m[90m TS2339: [0mProperty 'whatsAppLink' does not exist on type 'PrismaService'.
@swifta/backend:build: 
@swifta/backend:build: [7m1321[0m       const link = await this.prisma.whatsAppLink.findFirst({
@swifta/backend:build: [7m    [0m [91m                                     ~~~~~~~~~~~~[0m
@swifta/backend:build: [96msrc/modules/whatsapp/whatsapp.service.ts[0m:[93m1399[0m:[93m42[0m - [91merror[0m[90m TS2339: [0mProperty 'merchantProfile' does not exist on type 'PrismaService'.
@swifta/backend:build: 
@swifta/backend:build: [7m1399[0m       const merchant = await this.prisma.merchantProfile.findUnique({
@swifta/backend:build: [7m    [0m [91m                                         ~~~~~~~~~~~~~~~[0m
@swifta/backend:build: [96msrc/modules/whatsapp/whatsapp.service.ts[0m:[93m1405[0m:[93m38[0m - [91merror[0m[90m TS2339: [0mProperty 'whatsAppLink' does not exist on type 'PrismaService'.
@swifta/backend:build: 
@swifta/backend:build: [7m1405[0m       const link = await this.prisma.whatsAppLink.findUnique({
@swifta/backend:build: [7m    [0m [91m                                     ~~~~~~~~~~~~[0m
@swifta/backend:build: [96msrc/modules/whatsapp/whatsapp.service.ts[0m:[93m1663[0m:[93m40[0m - [91merror[0m[90m TS2339: [0mProperty 'supplierProduct' does not exist on type 'PrismaService'.
@swifta/backend:build: 
@swifta/backend:build: [7m1663[0m     const products = await this.prisma.supplierProduct.findMany({
@swifta/backend:build: [7m    [0m [91m                                       ~~~~~~~~~~~~~~~[0m
@swifta/backend:build: [96msrc/modules/whatsapp/whatsapp.service.ts[0m:[93m1705[0m:[93m43[0m - [91merror[0m[90m TS2339: [0mProperty 'supplierProduct' does not exist on type 'PrismaService'.
@swifta/backend:build: 
@swifta/backend:build: [7m1705[0m     const allProducts = await this.prisma.supplierProduct.findMany({
@swifta/backend:build: [7m    [0m [91m                                          ~~~~~~~~~~~~~~~[0m
@swifta/backend:build: [96msrc/modules/whatsapp/whatsapp.service.ts[0m:[93m1742[0m:[93m42[0m - [91merror[0m[90m TS2339: [0mProperty 'merchantProfile' does not exist on type 'PrismaService'.
@swifta/backend:build: 
@swifta/backend:build: [7m1742[0m       const merchant = await this.prisma.merchantProfile.findUnique({
@swifta/backend:build: [7m    [0m [91m                                         ~~~~~~~~~~~~~~~[0m
@swifta/backend:build: [96msrc/modules/whatsapp/whatsapp.service.ts[0m:[93m1790[0m:[93m44[0m - [91merror[0m[90m TS2339: [0mProperty 'merchantProfile' does not exist on type 'PrismaService'.
@swifta/backend:build: 
@swifta/backend:build: [7m1790[0m         const merchant = await this.prisma.merchantProfile.findUnique({
@swifta/backend:build: [7m    [0m [91m                                           ~~~~~~~~~~~~~~~[0m
@swifta/backend:build: [96msrc/modules/whatsapp/whatsapp.service.ts[0m:[93m1819[0m:[93m44[0m - [91merror[0m[90m TS2339: [0mProperty 'merchantProfile' does not exist on type 'PrismaService'.
@swifta/backend:build: 
@swifta/backend:build: [7m1819[0m         const merchant = await this.prisma.merchantProfile.findUnique({
@swifta/backend:build: [7m    [0m [91m                                           ~~~~~~~~~~~~~~~[0m
@swifta/backend:build: [96msrc/modules/whatsapp/whatsapp.service.ts[0m:[93m1964[0m:[93m38[0m - [91merror[0m[90m TS2339: [0mProperty 'whatsAppBuyerLink' does not exist on type 'PrismaService'.
@swifta/backend:build: 
@swifta/backend:build: [7m1964[0m       const link = await this.prisma.whatsAppBuyerLink.findUnique({
@swifta/backend:build: [7m    [0m [91m                                     ~~~~~~~~~~~~~~~~~[0m
@swifta/backend:build: [96msrc/modules/whatsapp/whatsapp.service.ts[0m:[93m2008[0m:[93m46[0m - [91merror[0m[90m TS2339: [0mProperty 'category' does not exist on type 'PrismaService'.
@swifta/backend:build: 
@swifta/backend:build: [7m2008[0m         const categories = await this.prisma.category.findMany({
@swifta/backend:build: [7m    [0m [91m                                             ~~~~~~~~[0m
@swifta/backend:build: [96msrc/modules/whatsapp/whatsapp.service.ts[0m:[93m2043[0m:[93m45[0m - [91merror[0m[90m TS2339: [0mProperty 'category' does not exist on type 'PrismaService'.
@swifta/backend:build: 
@swifta/backend:build: [7m2043[0m         const category = (await this.prisma.category.findUnique({
@swifta/backend:build: [7m    [0m [91m                                            ~~~~~~~~[0m
@swifta/backend:build: [96msrc/modules/whatsapp/whatsapp.service.ts[0m:[93m2092[0m:[93m45[0m - [91merror[0m[90m TS2339: [0mProperty 'category' does not exist on type 'PrismaService'.
@swifta/backend:build: 
@swifta/backend:build: [7m2092[0m         const category = (await this.prisma.category.findUnique({
@swifta/backend:build: [7m    [0m [91m                                            ~~~~~~~~[0m
@swifta/backend:build: [96msrc/modules/whatsapp/whatsapp.service.ts[0m:[93m2292[0m:[93m29[0m - [91merror[0m[90m TS2339: [0mProperty 'product' does not exist on type 'PrismaService'.
@swifta/backend:build: 
@swifta/backend:build: [7m2292[0m           await this.prisma.product.create({
@swifta/backend:build: [7m    [0m [91m                            ~~~~~~~[0m
@swifta/backend:build: [96msrc/modules/wishlist/wishlist.service.ts[0m:[93m15[0m:[93m40[0m - [91merror[0m[90m TS2339: [0mProperty 'savedProduct' does not exist on type 'PrismaService'.
@swifta/backend:build: 
@swifta/backend:build: [7m15[0m     const existing = await this.prisma.savedProduct.findUnique({
@swifta/backend:build: [7m  [0m [91m                                       ~~~~~~~~~~~~[0m
@swifta/backend:build: [96msrc/modules/wishlist/wishlist.service.ts[0m:[93m22[0m:[93m25[0m - [91merror[0m[90m TS2339: [0mProperty 'savedProduct' does not exist on type 'PrismaService'.
@swifta/backend:build: 
@swifta/backend:build: [7m22[0m       await this.prisma.savedProduct.delete({
@swifta/backend:build: [7m  [0m [91m                        ~~~~~~~~~~~~[0m
@swifta/backend:build: [96msrc/modules/wishlist/wishlist.service.ts[0m:[93m28[0m:[93m23[0m - [91merror[0m[90m TS2339: [0mProperty 'savedProduct' does not exist on type 'PrismaService'.
@swifta/backend:build: 
@swifta/backend:build: [7m28[0m     await this.prisma.savedProduct.create({
@swifta/backend:build: [7m  [0m [91m                      ~~~~~~~~~~~~[0m
@swifta/backend:build: [96msrc/modules/wishlist/wishlist.service.ts[0m:[93m38[0m:[93m37[0m - [91merror[0m[90m TS2339: [0mProperty 'savedProduct' does not exist on type 'PrismaService'.
@swifta/backend:build: 
@swifta/backend:build: [7m38[0m     const saved = await this.prisma.savedProduct.findMany({
@swifta/backend:build: [7m  [0m [91m                                    ~~~~~~~~~~~~[0m
@swifta/backend:build: [96msrc/modules/wishlist/wishlist.service.ts[0m:[93m76[0m:[93m40[0m - [91merror[0m[90m TS2339: [0mProperty 'savedProduct' does not exist on type 'PrismaService'.
@swifta/backend:build: 
@swifta/backend:build: [7m76[0m     const existing = await this.prisma.savedProduct.findUnique({
@swifta/backend:build: [7m  [0m [91m                                       ~~~~~~~~~~~~[0m
@swifta/backend:build: [96msrc/modules/wishlist/wishlist.service.ts[0m:[93m88[0m:[93m37[0m - [91merror[0m[90m TS2339: [0mProperty 'savedProduct' does not exist on type 'PrismaService'.
@swifta/backend:build: 
@swifta/backend:build: [7m88[0m     const saved = await this.prisma.savedProduct.findMany({
@swifta/backend:build: [7m  [0m [91m                                    ~~~~~~~~~~~~[0m
@swifta/backend:build: [96msrc/prisma/backfill-slugs-and-codes.ts[0m:[93m1[0m:[93m10[0m - [91merror[0m[90m TS2305: [0mModule '"@prisma/client"' has no exported member 'PrismaClient'.
@swifta/backend:build: 
@swifta/backend:build: [7m1[0m import { PrismaClient } from "@prisma/client";
@swifta/backend:build: [7m [0m [91m         ~~~~~~~~~~~~[0m
@swifta/backend:build: [96msrc/prisma/migrate-product-categories.ts[0m:[93m1[0m:[93m10[0m - [91merror[0m[90m TS2305: [0mModule '"@prisma/client"' has no exported member 'PrismaClient'.
@swifta/backend:build: 
@swifta/backend:build: [7m1[0m import { PrismaClient } from "@prisma/client";
@swifta/backend:build: [7m [0m [91m         ~~~~~~~~~~~~[0m
@swifta/backend:build: [96msrc/prisma/migrate-product-categories.ts[0m:[93m19[0m:[93m26[0m - [91merror[0m[90m TS2345: [0mArgument of type 'unknown' is not assignable to parameter of type 'string'.
@swifta/backend:build: 
@swifta/backend:build: [7m19[0m     const slug = slugify(tag);
@swifta/backend:build: [7m  [0m [91m                         ~~~[0m
@swifta/backend:build: [96msrc/prisma/prisma.service.ts[0m:[93m7[0m:[93m10[0m - [91merror[0m[90m TS2305: [0mModule '"@prisma/client"' has no exported member 'PrismaClient'.
@swifta/backend:build: 
@swifta/backend:build: [7m7[0m import { PrismaClient } from "@prisma/client";
@swifta/backend:build: [7m [0m [91m         ~~~~~~~~~~~~[0m
@swifta/backend:build: [96msrc/prisma/prisma.service.ts[0m:[93m34[0m:[93m18[0m - [91merror[0m[90m TS2339: [0mProperty '$connect' does not exist on type 'PrismaService'.
@swifta/backend:build: 
@swifta/backend:build: [7m34[0m       await this.$connect();
@swifta/backend:build: [7m  [0m [91m                 ~~~~~~~~[0m
@swifta/backend:build: [96msrc/prisma/seed.ts[0m:[93m1[0m:[93m10[0m - [91merror[0m[90m TS2305: [0mModule '"@prisma/client"' has no exported member 'PrismaClient'.
@swifta/backend:build: 
@swifta/backend:build: [7m1[0m import { PrismaClient } from "@prisma/client";
@swifta/backend:build: [7m [0m [91m         ~~~~~~~~~~~~[0m
@swifta/backend:build: [96msrc/queue/auto-confirm.processor.ts[0m:[93m57[0m:[93m38[0m - [91merror[0m[90m TS2339: [0mProperty 'order' does not exist on type 'PrismaService'.
@swifta/backend:build: 
@swifta/backend:build: [7m57[0m     const orders = await this.prisma.order.findMany({
@swifta/backend:build: [7m  [0m [91m                                     ~~~~~[0m
@swifta/backend:build: [96msrc/queue/auto-confirm.processor.ts[0m:[93m101[0m:[93m38[0m - [91merror[0m[90m TS2339: [0mProperty 'order' does not exist on type 'PrismaService'.
@swifta/backend:build: 
@swifta/backend:build: [7m101[0m     const orders = await this.prisma.order.findMany({
@swifta/backend:build: [7m   [0m [91m                                     ~~~~~[0m
@swifta/backend:build: [96msrc/queue/auto-confirm.processor.ts[0m:[93m144[0m:[93m38[0m - [91merror[0m[90m TS2339: [0mProperty 'order' does not exist on type 'PrismaService'.
@swifta/backend:build: 
@swifta/backend:build: [7m144[0m     const orders = await this.prisma.order.findMany({
@swifta/backend:build: [7m   [0m [91m                                     ~~~~~[0m
@swifta/backend:build: [96msrc/queue/auto-confirm.processor.ts[0m:[93m169[0m:[93m28[0m - [91merror[0m[90m TS2339: [0mProperty 'order' does not exist on type 'PrismaService'.
@swifta/backend:build: 
@swifta/backend:build: [7m169[0m         await (this.prisma.order as any).update({
@swifta/backend:build: [7m   [0m [91m                           ~~~~~[0m
@swifta/backend:build: [96msrc/queue/auto-confirm.processor.ts[0m:[93m178[0m:[93m27[0m - [91merror[0m[90m TS2339: [0mProperty 'orderTracking' does not exist on type 'PrismaService'.
@swifta/backend:build: 
@swifta/backend:build: [7m178[0m         await this.prisma.orderTracking.create({
@swifta/backend:build: [7m   [0m [91m                          ~~~~~~~~~~~~~[0m
@swifta/backend:build: 
@swifta/backend:build: ÔÇëELIFECYCLEÔÇë Command failed with exit code 1.
@swifta/backend:build: ERROR: command 
finished with error: command (C:\Users\HP
\OneDrive\Desktop\startup\Team\Coded-devs
\Building\Swifta\apps\backend) C:\Users\H
P\AppData\Local\pnpm\.tools\pnpm\9.0.0\bi
n\pnpm.CMD run build exited (1)
@swifta/backend#build: command (C:\Users\
HP\OneDrive\Desktop\startup\Team\Coded-de
vs\Building\Swifta\apps\backend) C:\Users
\HP\AppData\Local\pnpm\.tools\pnpm\9.0.0\
bin\pnpm.CMD run build exited (1)

 Tasks:    1 successful, 2 total
Cached:    1 cached, 2 total
  Time:    33.978s 
Failed:    @swifta/backend#build

 ERROR  run failed: command  exited (1)
ÔÇëELIFECYCLEÔÇë Command failed with exit code 1.
